###############################################################################
#
# IAR ELF Linker V9.10.2.313/W64 for ARM                  11/Aug/2021  12:00:38
# Copyright 2007-2021 IAR Systems AB.
#
#    Output file  =
#        C:\Users\MadeuxS\Downloads\KATEK_Compiler_Vergleich-main\ISR
#        Vergleich\EWARM\ISR Vergleich\Exe\ISR Vergleich.out
#    Map file     =
#        C:\Users\MadeuxS\Downloads\KATEK_Compiler_Vergleich-main\ISR
#        Vergleich\EWARM\ISR Vergleich\List\ISR Vergleich.map
#    Command line =
#        -f "C:\Users\MadeuxS\Downloads\KATEK_Compiler_Vergleich-main\ISR
#        Vergleich\EWARM\ISR Vergleich\Exe\ISR Vergleich.out.rsp"
#        ("C:\Users\MadeuxS\Downloads\KATEK_Compiler_Vergleich-main\ISR
#        Vergleich\EWARM\ISR Vergleich\Obj\Application\User\Core\main.o"
#        "C:\Users\MadeuxS\Downloads\KATEK_Compiler_Vergleich-main\ISR
#        Vergleich\EWARM\ISR
#        Vergleich\Obj\Application\EWARM\startup_stm32h743xx.o"
#        "C:\Users\MadeuxS\Downloads\KATEK_Compiler_Vergleich-main\ISR
#        Vergleich\EWARM\ISR
#        Vergleich\Obj\Drivers\STM32H7xx_HAL_Driver\stm32h7xx_hal.o"
#        "C:\Users\MadeuxS\Downloads\KATEK_Compiler_Vergleich-main\ISR
#        Vergleich\EWARM\ISR
#        Vergleich\Obj\Drivers\STM32H7xx_HAL_Driver\stm32h7xx_hal_cortex.o"
#        "C:\Users\MadeuxS\Downloads\KATEK_Compiler_Vergleich-main\ISR
#        Vergleich\EWARM\ISR
#        Vergleich\Obj\Drivers\STM32H7xx_HAL_Driver\stm32h7xx_hal_dma.o"
#        "C:\Users\MadeuxS\Downloads\KATEK_Compiler_Vergleich-main\ISR
#        Vergleich\EWARM\ISR
#        Vergleich\Obj\Drivers\STM32H7xx_HAL_Driver\stm32h7xx_hal_dma_ex.o"
#        "C:\Users\MadeuxS\Downloads\KATEK_Compiler_Vergleich-main\ISR
#        Vergleich\EWARM\ISR
#        Vergleich\Obj\Drivers\STM32H7xx_HAL_Driver\stm32h7xx_hal_exti.o"
#        "C:\Users\MadeuxS\Downloads\KATEK_Compiler_Vergleich-main\ISR
#        Vergleich\EWARM\ISR
#        Vergleich\Obj\Drivers\STM32H7xx_HAL_Driver\stm32h7xx_hal_flash.o"
#        "C:\Users\MadeuxS\Downloads\KATEK_Compiler_Vergleich-main\ISR
#        Vergleich\EWARM\ISR
#        Vergleich\Obj\Drivers\STM32H7xx_HAL_Driver\stm32h7xx_hal_flash_ex.o"
#        "C:\Users\MadeuxS\Downloads\KATEK_Compiler_Vergleich-main\ISR
#        Vergleich\EWARM\ISR
#        Vergleich\Obj\Drivers\STM32H7xx_HAL_Driver\stm32h7xx_hal_gpio.o"
#        "C:\Users\MadeuxS\Downloads\KATEK_Compiler_Vergleich-main\ISR
#        Vergleich\EWARM\ISR
#        Vergleich\Obj\Drivers\STM32H7xx_HAL_Driver\stm32h7xx_hal_hsem.o"
#        "C:\Users\MadeuxS\Downloads\KATEK_Compiler_Vergleich-main\ISR
#        Vergleich\EWARM\ISR
#        Vergleich\Obj\Drivers\STM32H7xx_HAL_Driver\stm32h7xx_hal_i2c.o"
#        "C:\Users\MadeuxS\Downloads\KATEK_Compiler_Vergleich-main\ISR
#        Vergleich\EWARM\ISR
#        Vergleich\Obj\Drivers\STM32H7xx_HAL_Driver\stm32h7xx_hal_i2c_ex.o"
#        "C:\Users\MadeuxS\Downloads\KATEK_Compiler_Vergleich-main\ISR
#        Vergleich\EWARM\ISR
#        Vergleich\Obj\Drivers\STM32H7xx_HAL_Driver\stm32h7xx_hal_mdma.o"
#        "C:\Users\MadeuxS\Downloads\KATEK_Compiler_Vergleich-main\ISR
#        Vergleich\EWARM\ISR
#        Vergleich\Obj\Application\User\Core\stm32h7xx_hal_msp.o"
#        "C:\Users\MadeuxS\Downloads\KATEK_Compiler_Vergleich-main\ISR
#        Vergleich\EWARM\ISR
#        Vergleich\Obj\Drivers\STM32H7xx_HAL_Driver\stm32h7xx_hal_pwr.o"
#        "C:\Users\MadeuxS\Downloads\KATEK_Compiler_Vergleich-main\ISR
#        Vergleich\EWARM\ISR
#        Vergleich\Obj\Drivers\STM32H7xx_HAL_Driver\stm32h7xx_hal_pwr_ex.o"
#        "C:\Users\MadeuxS\Downloads\KATEK_Compiler_Vergleich-main\ISR
#        Vergleich\EWARM\ISR
#        Vergleich\Obj\Drivers\STM32H7xx_HAL_Driver\stm32h7xx_hal_rcc.o"
#        "C:\Users\MadeuxS\Downloads\KATEK_Compiler_Vergleich-main\ISR
#        Vergleich\EWARM\ISR
#        Vergleich\Obj\Drivers\STM32H7xx_HAL_Driver\stm32h7xx_hal_rcc_ex.o"
#        "C:\Users\MadeuxS\Downloads\KATEK_Compiler_Vergleich-main\ISR
#        Vergleich\EWARM\ISR
#        Vergleich\Obj\Drivers\STM32H7xx_HAL_Driver\stm32h7xx_hal_tim.o"
#        "C:\Users\MadeuxS\Downloads\KATEK_Compiler_Vergleich-main\ISR
#        Vergleich\EWARM\ISR
#        Vergleich\Obj\Drivers\STM32H7xx_HAL_Driver\stm32h7xx_hal_tim_ex.o"
#        "C:\Users\MadeuxS\Downloads\KATEK_Compiler_Vergleich-main\ISR
#        Vergleich\EWARM\ISR
#        Vergleich\Obj\Application\User\Core\stm32h7xx_it.o"
#        "C:\Users\MadeuxS\Downloads\KATEK_Compiler_Vergleich-main\ISR
#        Vergleich\EWARM\ISR Vergleich\Obj\Drivers\CMSIS\system_stm32h7xx.o"
#        --no_out_extension -o
#        "C:\Users\MadeuxS\Downloads\KATEK_Compiler_Vergleich-main\ISR
#        Vergleich\EWARM\ISR Vergleich\Exe\ISR Vergleich.out" --redirect
#        _Printf=_PrintfFullNoMb --redirect _Scanf=_ScanfFullNoMb --map
#        "C:\Users\MadeuxS\Downloads\KATEK_Compiler_Vergleich-main\ISR
#        Vergleich\EWARM\ISR Vergleich\List\ISR Vergleich.map" --config
#        "C:\Users\MadeuxS\Downloads\KATEK_Compiler_Vergleich-main\ISR
#        Vergleich\EWARM/stm32h743xx_flash.icf" --semihosting --entry
#        __iar_program_start --vfe --text_out locale)
#
###############################################################################

*******************************************************************************
*** RUNTIME MODEL ATTRIBUTES
***

CppFlavor       = *
__SystemLibrary = DLib
__dlib_version  = 6


*******************************************************************************
*** HEAP SELECTION
***

The basic heap was selected because no calls to memory allocation
functions were found in the application outside of system library
functions, and there are calls to deallocation functions in the
application.


*******************************************************************************
*** PLACEMENT SUMMARY
***

"A0":  place at address 0x800'0000 { ro section .intvec };
"P1":  place in [from 0x800'0000 to 0x81f'ffff] { ro };
define block CSTACK with size = 1K, alignment = 8 { };
define block HEAP with size = 512, alignment = 8 { };
"P2":  place in [from 0x2000'0000 to 0x2001'ffff] {
          rw, block CSTACK, block HEAP };
initialize by copy { rw };

  Section            Kind         Address    Size  Object
  -------            ----         -------    ----  ------
"A0":                                       0x298
  .intvec            ro code   0x800'0000   0x298  startup_stm32h743xx.o [1]
                             - 0x800'0298   0x298

"P1":                                      0x1d14
  .text              ro code   0x800'0298   0x73c  stm32h7xx_hal_rcc.o [4]
  .text              ro code   0x800'09d4     0xc  stm32h7xx_hal.o [4]
  .text              ro code   0x800'09e0    0x7c  stm32h7xx_hal.o [4]
  .text              ro code   0x800'0a5c   0x158  stm32h7xx_hal_cortex.o [4]
  .text              ro code   0x800'0bb4   0x584  stm32h7xx_hal_rcc.o [4]
  .text              ro code   0x800'1138    0x58  stm32h7xx_hal.o [4]
  .text              ro code   0x800'1190    0x60  stm32h7xx_hal_msp.o [2]
  .text              ro code   0x800'11f0   0x3cc  stm32h7xx_hal_tim.o [4]
  .text              ro code   0x800'15bc     0x2  stm32h7xx_hal_tim.o [4]
  .text              ro code   0x800'15be     0x2  stm32h7xx_hal_tim.o [4]
  .text              ro code   0x800'15c0     0x2  stm32h7xx_hal_tim.o [4]
  .text              ro code   0x800'15c2    0x2a  copy_init3.o [7]
  .text              ro code   0x800'15ec   0x284  stm32h7xx_hal_gpio.o [4]
  .text              ro code   0x800'1870   0x172  main.o [2]
  .text              ro code   0x800'19e2     0x2  stm32h7xx_hal_tim_ex.o [4]
  .text              ro code   0x800'19e4     0x2  stm32h7xx_hal_tim_ex.o [4]
  .text              ro code   0x800'19e6     0x2  stm32h7xx_hal_tim.o [4]
  .text              ro code   0x800'19e8     0x2  stm32h7xx_hal_tim_ex.o [4]
  .text              ro code   0x800'19ea    0x14  memset.o [7]
  .text              ro code   0x800'1a00    0x64  stm32h7xx_hal_pwr_ex.o [4]
  .text              ro code   0x800'1a64    0x66  ABImemset.o [7]
  .text              ro code   0x800'1acc   0x13c  system_stm32h7xx.o [3]
  .text              ro code   0x800'1c08    0x38  zero_init3.o [7]
  .text              ro code   0x800'1c40    0x28  stm32h7xx_it.o [2]
  .text              ro code   0x800'1c68    0x18  stm32h7xx_hal.o [4]
  .text              ro code   0x800'1c80    0x28  data_init.o [7]
  .text              ro code   0x800'1ca8    0x22  fpinit_M.o [6]
  .iar.init_table    const     0x800'1ccc    0x24  - Linker created -
  .text              ro code   0x800'1cf0    0x1e  cmain.o [7]
  .text              ro code   0x800'1d0e     0x4  low_level_init.o [5]
  .text              ro code   0x800'1d12     0x4  exit.o [5]
  .text              ro code   0x800'1d18     0xa  cexit.o [7]
  .text              ro code   0x800'1d24    0x14  exit.o [8]
  .text              ro code   0x800'1d38    0x1c  cstartup_M.o [7]
  .rodata            const     0x800'1d54    0x10  system_stm32h7xx.o [3]
  .text              ro code   0x800'1d64    0x10  startup_stm32h743xx.o [1]
  Initializer bytes  const     0x800'1d74    0x10  <for P2-1>
  .text              ro code   0x800'1d84     0x4  startup_stm32h743xx.o [1]
  .text              ro code   0x800'1d88     0x4  startup_stm32h743xx.o [1]
  .text              ro code   0x800'1d8c     0x4  startup_stm32h743xx.o [1]
  .text              ro code   0x800'1d90     0x4  startup_stm32h743xx.o [1]
  .text              ro code   0x800'1d94     0x4  startup_stm32h743xx.o [1]
  .text              ro code   0x800'1d98     0x4  startup_stm32h743xx.o [1]
  .text              ro code   0x800'1d9c     0x4  startup_stm32h743xx.o [1]
  .text              ro code   0x800'1da0     0x4  startup_stm32h743xx.o [1]
  .text              ro code   0x800'1da4     0x4  startup_stm32h743xx.o [1]
  .text              ro code   0x800'1da8     0x4  startup_stm32h743xx.o [1]
  .text              ro code   0x800'1dac     0x4  startup_stm32h743xx.o [1]
  .text              ro code   0x800'1db0     0x4  startup_stm32h743xx.o [1]
  .text              ro code   0x800'1db4     0x4  startup_stm32h743xx.o [1]
  .text              ro code   0x800'1db8     0x4  startup_stm32h743xx.o [1]
  .text              ro code   0x800'1dbc     0x4  startup_stm32h743xx.o [1]
  .text              ro code   0x800'1dc0     0x4  startup_stm32h743xx.o [1]
  .text              ro code   0x800'1dc4     0x4  startup_stm32h743xx.o [1]
  .text              ro code   0x800'1dc8     0x4  startup_stm32h743xx.o [1]
  .text              ro code   0x800'1dcc     0x4  startup_stm32h743xx.o [1]
  .text              ro code   0x800'1dd0     0x4  startup_stm32h743xx.o [1]
  .text              ro code   0x800'1dd4     0x4  startup_stm32h743xx.o [1]
  .text              ro code   0x800'1dd8     0x4  startup_stm32h743xx.o [1]
  .text              ro code   0x800'1ddc     0x4  startup_stm32h743xx.o [1]
  .text              ro code   0x800'1de0     0x4  startup_stm32h743xx.o [1]
  .text              ro code   0x800'1de4     0x4  startup_stm32h743xx.o [1]
  .text              ro code   0x800'1de8     0x4  startup_stm32h743xx.o [1]
  .text              ro code   0x800'1dec     0x4  startup_stm32h743xx.o [1]
  .text              ro code   0x800'1df0     0x4  startup_stm32h743xx.o [1]
  .text              ro code   0x800'1df4     0x4  startup_stm32h743xx.o [1]
  .text              ro code   0x800'1df8     0x4  startup_stm32h743xx.o [1]
  .text              ro code   0x800'1dfc     0x4  startup_stm32h743xx.o [1]
  .text              ro code   0x800'1e00     0x4  startup_stm32h743xx.o [1]
  .text              ro code   0x800'1e04     0x4  startup_stm32h743xx.o [1]
  .text              ro code   0x800'1e08     0x4  startup_stm32h743xx.o [1]
  .text              ro code   0x800'1e0c     0x4  startup_stm32h743xx.o [1]
  .text              ro code   0x800'1e10     0x4  startup_stm32h743xx.o [1]
  .text              ro code   0x800'1e14     0x4  startup_stm32h743xx.o [1]
  .text              ro code   0x800'1e18     0x4  startup_stm32h743xx.o [1]
  .text              ro code   0x800'1e1c     0x4  startup_stm32h743xx.o [1]
  .text              ro code   0x800'1e20     0x4  startup_stm32h743xx.o [1]
  .text              ro code   0x800'1e24     0x4  startup_stm32h743xx.o [1]
  .text              ro code   0x800'1e28     0x4  startup_stm32h743xx.o [1]
  .text              ro code   0x800'1e2c     0x4  startup_stm32h743xx.o [1]
  .text              ro code   0x800'1e30     0x4  startup_stm32h743xx.o [1]
  .text              ro code   0x800'1e34     0x4  startup_stm32h743xx.o [1]
  .text              ro code   0x800'1e38     0x4  startup_stm32h743xx.o [1]
  .text              ro code   0x800'1e3c     0x4  startup_stm32h743xx.o [1]
  .text              ro code   0x800'1e40     0x4  startup_stm32h743xx.o [1]
  .text              ro code   0x800'1e44     0x4  startup_stm32h743xx.o [1]
  .text              ro code   0x800'1e48     0x4  startup_stm32h743xx.o [1]
  .text              ro code   0x800'1e4c     0x4  startup_stm32h743xx.o [1]
  .text              ro code   0x800'1e50     0x4  startup_stm32h743xx.o [1]
  .text              ro code   0x800'1e54     0x4  startup_stm32h743xx.o [1]
  .text              ro code   0x800'1e58     0x4  startup_stm32h743xx.o [1]
  .text              ro code   0x800'1e5c     0x4  startup_stm32h743xx.o [1]
  .text              ro code   0x800'1e60     0x4  startup_stm32h743xx.o [1]
  .text              ro code   0x800'1e64     0x4  startup_stm32h743xx.o [1]
  .text              ro code   0x800'1e68     0x4  startup_stm32h743xx.o [1]
  .text              ro code   0x800'1e6c     0x4  startup_stm32h743xx.o [1]
  .text              ro code   0x800'1e70     0x4  startup_stm32h743xx.o [1]
  .text              ro code   0x800'1e74     0x4  startup_stm32h743xx.o [1]
  .text              ro code   0x800'1e78     0x4  startup_stm32h743xx.o [1]
  .text              ro code   0x800'1e7c     0x4  startup_stm32h743xx.o [1]
  .text              ro code   0x800'1e80     0x4  startup_stm32h743xx.o [1]
  .text              ro code   0x800'1e84     0x4  startup_stm32h743xx.o [1]
  .text              ro code   0x800'1e88     0x4  startup_stm32h743xx.o [1]
  .text              ro code   0x800'1e8c     0x4  startup_stm32h743xx.o [1]
  .text              ro code   0x800'1e90     0x4  startup_stm32h743xx.o [1]
  .text              ro code   0x800'1e94     0x4  startup_stm32h743xx.o [1]
  .text              ro code   0x800'1e98     0x4  startup_stm32h743xx.o [1]
  .text              ro code   0x800'1e9c     0x4  startup_stm32h743xx.o [1]
  .text              ro code   0x800'1ea0     0x4  startup_stm32h743xx.o [1]
  .text              ro code   0x800'1ea4     0x4  startup_stm32h743xx.o [1]
  .text              ro code   0x800'1ea8     0x4  startup_stm32h743xx.o [1]
  .text              ro code   0x800'1eac     0x4  startup_stm32h743xx.o [1]
  .text              ro code   0x800'1eb0     0x4  startup_stm32h743xx.o [1]
  .text              ro code   0x800'1eb4     0x4  startup_stm32h743xx.o [1]
  .text              ro code   0x800'1eb8     0x4  startup_stm32h743xx.o [1]
  .text              ro code   0x800'1ebc     0x4  startup_stm32h743xx.o [1]
  .text              ro code   0x800'1ec0     0x4  startup_stm32h743xx.o [1]
  .text              ro code   0x800'1ec4     0x4  startup_stm32h743xx.o [1]
  .text              ro code   0x800'1ec8     0x4  startup_stm32h743xx.o [1]
  .text              ro code   0x800'1ecc     0x4  startup_stm32h743xx.o [1]
  .text              ro code   0x800'1ed0     0x4  startup_stm32h743xx.o [1]
  .text              ro code   0x800'1ed4     0x4  startup_stm32h743xx.o [1]
  .text              ro code   0x800'1ed8     0x4  startup_stm32h743xx.o [1]
  .text              ro code   0x800'1edc     0x4  startup_stm32h743xx.o [1]
  .text              ro code   0x800'1ee0     0x4  startup_stm32h743xx.o [1]
  .text              ro code   0x800'1ee4     0x4  startup_stm32h743xx.o [1]
  .text              ro code   0x800'1ee8     0x4  startup_stm32h743xx.o [1]
  .text              ro code   0x800'1eec     0x4  startup_stm32h743xx.o [1]
  .text              ro code   0x800'1ef0     0x4  startup_stm32h743xx.o [1]
  .text              ro code   0x800'1ef4     0x4  startup_stm32h743xx.o [1]
  .text              ro code   0x800'1ef8     0x4  startup_stm32h743xx.o [1]
  .text              ro code   0x800'1efc     0x4  startup_stm32h743xx.o [1]
  .text              ro code   0x800'1f00     0x4  startup_stm32h743xx.o [1]
  .text              ro code   0x800'1f04     0x4  startup_stm32h743xx.o [1]
  .text              ro code   0x800'1f08     0x4  startup_stm32h743xx.o [1]
  .text              ro code   0x800'1f0c     0x4  startup_stm32h743xx.o [1]
  .text              ro code   0x800'1f10     0x4  startup_stm32h743xx.o [1]
  .text              ro code   0x800'1f14     0x4  startup_stm32h743xx.o [1]
  .text              ro code   0x800'1f18     0x4  startup_stm32h743xx.o [1]
  .text              ro code   0x800'1f1c     0x4  startup_stm32h743xx.o [1]
  .text              ro code   0x800'1f20     0x4  startup_stm32h743xx.o [1]
  .text              ro code   0x800'1f24     0x4  startup_stm32h743xx.o [1]
  .text              ro code   0x800'1f28     0x4  startup_stm32h743xx.o [1]
  .text              ro code   0x800'1f2c     0x4  startup_stm32h743xx.o [1]
  .text              ro code   0x800'1f30     0x4  startup_stm32h743xx.o [1]
  .text              ro code   0x800'1f34     0x4  startup_stm32h743xx.o [1]
  .text              ro code   0x800'1f38     0x4  startup_stm32h743xx.o [1]
  .text              ro code   0x800'1f3c     0x4  startup_stm32h743xx.o [1]
  .text              ro code   0x800'1f40     0x4  startup_stm32h743xx.o [1]
  .text              ro code   0x800'1f44     0x4  startup_stm32h743xx.o [1]
  .text              ro code   0x800'1f48     0x4  startup_stm32h743xx.o [1]
  .text              ro code   0x800'1f4c     0x4  startup_stm32h743xx.o [1]
  .text              ro code   0x800'1f50     0x4  startup_stm32h743xx.o [1]
  .text              ro code   0x800'1f54     0x4  startup_stm32h743xx.o [1]
  .text              ro code   0x800'1f58     0x4  startup_stm32h743xx.o [1]
  .text              ro code   0x800'1f5c     0x4  startup_stm32h743xx.o [1]
  .text              ro code   0x800'1f60     0x4  startup_stm32h743xx.o [1]
  .text              ro code   0x800'1f64     0x4  startup_stm32h743xx.o [1]
  .text              ro code   0x800'1f68     0x4  startup_stm32h743xx.o [1]
  .text              ro code   0x800'1f6c     0x4  startup_stm32h743xx.o [1]
  .text              ro code   0x800'1f70     0x4  startup_stm32h743xx.o [1]
  .text              ro code   0x800'1f74     0x4  startup_stm32h743xx.o [1]
  .text              ro code   0x800'1f78     0x4  startup_stm32h743xx.o [1]
  .text              ro code   0x800'1f7c     0x4  startup_stm32h743xx.o [1]
  .text              ro code   0x800'1f80     0x4  startup_stm32h743xx.o [1]
  .text              ro code   0x800'1f84     0x4  startup_stm32h743xx.o [1]
  .text              ro code   0x800'1f88     0x4  startup_stm32h743xx.o [1]
  .text              ro code   0x800'1f8c     0x4  startup_stm32h743xx.o [1]
  .text              ro code   0x800'1f90     0x4  startup_stm32h743xx.o [1]
  .text              ro code   0x800'1f94     0x4  startup_stm32h743xx.o [1]
  .text              ro code   0x800'1f98     0x4  startup_stm32h743xx.o [1]
  .text              ro code   0x800'1f9c     0x4  startup_stm32h743xx.o [1]
  .text              ro code   0x800'1fa0     0x4  startup_stm32h743xx.o [1]
  .text              ro code   0x800'1fa4     0x4  startup_stm32h743xx.o [1]
  .text              ro code   0x800'1fa8     0x4  startup_stm32h743xx.o [1]
  .rodata            const     0x800'1fac     0x0  zero_init3.o [7]
  .rodata            const     0x800'1fac     0x0  copy_init3.o [7]
                             - 0x800'1fac  0x1d14

"P2", part 1 of 3:                           0x10
  P2-1                        0x2000'0000     0xd  <Init block>
    .data            inited   0x2000'0000     0x4  stm32h7xx_hal.o [4]
    .data            inited   0x2000'0004     0x4  system_stm32h7xx.o [3]
    .data            inited   0x2000'0008     0x4  system_stm32h7xx.o [3]
    .data            inited   0x2000'000c     0x1  stm32h7xx_hal.o [4]
                            - 0x2000'000d     0xd

"P2", part 2 of 3:                           0x50
  .bss               zero     0x2000'0010    0x4c  main.o [2]
  .bss               zero     0x2000'005c     0x4  stm32h7xx_hal.o [4]
                            - 0x2000'0060    0x50

"P2", part 3 of 3:                          0x400
  CSTACK                      0x2000'0060   0x400  <Block>
    CSTACK           uninit   0x2000'0060   0x400  <Block tail>
                            - 0x2000'0460   0x400

Unused ranges:

         From           To       Size
         ----           --       ----
   0x800'1fac   0x81f'ffff  0x1f'e054
  0x2000'0460  0x2001'ffff   0x1'fba0


*******************************************************************************
*** INIT TABLE
***

          Address      Size
          -------      ----
Zero (__iar_zero_init3)
    1 destination range, total size 0x50:
          0x2000'0010  0x50

Copy (__iar_copy_init3)
    1 source range, total size 0x10 (123% of destination):
           0x800'1d74  0x10
    1 destination range, total size 0xd:
          0x2000'0000   0xd



*******************************************************************************
*** MODULE SUMMARY
***

    Module                  ro code  ro data  rw data
    ------                  -------  -------  -------
command line/config:
    -------------------------------------------------
    Total:

C:\Users\MadeuxS\Downloads\KATEK_Compiler_Vergleich-main\ISR Vergleich\EWARM\ISR Vergleich\Obj\Application\EWARM: [1]
    startup_stm32h743xx.o     1'232
    -------------------------------------------------
    Total:                    1'232

C:\Users\MadeuxS\Downloads\KATEK_Compiler_Vergleich-main\ISR Vergleich\EWARM\ISR Vergleich\Obj\Application\User\Core: [2]
    main.o                      370                76
    stm32h7xx_hal_msp.o          96
    stm32h7xx_it.o               40
    -------------------------------------------------
    Total:                      506                76

C:\Users\MadeuxS\Downloads\KATEK_Compiler_Vergleich-main\ISR Vergleich\EWARM\ISR Vergleich\Obj\Drivers\CMSIS: [3]
    system_stm32h7xx.o          316       24        8
    -------------------------------------------------
    Total:                      316       24        8

C:\Users\MadeuxS\Downloads\KATEK_Compiler_Vergleich-main\ISR Vergleich\EWARM\ISR Vergleich\Obj\Drivers\STM32H7xx_HAL_Driver: [4]
    stm32h7xx_hal.o             248        5        9
    stm32h7xx_hal_cortex.o      344
    stm32h7xx_hal_gpio.o        644
    stm32h7xx_hal_pwr_ex.o      100
    stm32h7xx_hal_rcc.o       3'264
    stm32h7xx_hal_tim.o         980
    stm32h7xx_hal_tim_ex.o        6
    -------------------------------------------------
    Total:                    5'586        5        9

dl7M_tln.a: [5]
    exit.o                        4
    low_level_init.o              4
    -------------------------------------------------
    Total:                        8

m7M_tlv.a: [6]
    fpinit_M.o                   34
    -------------------------------------------------
    Total:                       34

rt7M_tl.a: [7]
    ABImemset.o                 102
    cexit.o                      10
    cmain.o                      30
    copy_init3.o                 42
    cstartup_M.o                 28
    data_init.o                  40
    memset.o                     20
    zero_init3.o                 56
    -------------------------------------------------
    Total:                      328

shb_l.a: [8]
    exit.o                       20
    -------------------------------------------------
    Total:                       20

    Gaps                          8        2
    Linker created                        39    1'024
-----------------------------------------------------
    Grand Total:              8'038       70    1'117


*******************************************************************************
*** ENTRY LIST
***

Entry                       Address   Size  Type      Object
-----                       -------   ----  ----      ------
.iar.init_table$$Base    0x800'1ccc          --   Gb  - Linker created -
.iar.init_table$$Limit   0x800'1cf0          --   Gb  - Linker created -
?main                    0x800'1cf1         Code  Gb  cmain.o [7]
BusFault_Handler         0x800'1c47    0x2  Code  Gb  stm32h7xx_it.o [2]
CSTACK$$Base            0x2000'0060          --   Gb  - Linker created -
CSTACK$$Limit           0x2000'0460          --   Gb  - Linker created -
D1CorePrescTable         0x800'1d54   0x10  Data  Gb  system_stm32h7xx.o [3]
DebugMon_Handler         0x800'1c4d    0x2  Code  Gb  stm32h7xx_it.o [2]
Error_Handler            0x800'19df    0x4  Code  Gb  main.o [2]
HAL_GPIO_Init            0x800'15ed  0x232  Code  Gb  stm32h7xx_hal_gpio.o [4]
HAL_GPIO_WritePin        0x800'181f   0x1a  Code  Gb  stm32h7xx_hal_gpio.o [4]
HAL_GetREVID             0x800'0a3f    0xa  Code  Gb  stm32h7xx_hal.o [4]
HAL_GetTick              0x800'09d5    0xc  Code  Gb  stm32h7xx_hal.o [4]
HAL_IncTick              0x800'1c69   0x18  Code  Gb  stm32h7xx_hal.o [4]
HAL_Init                 0x800'09e1   0x5e  Code  Gb  stm32h7xx_hal.o [4]
HAL_InitTick             0x800'1139   0x58  Code  Gb  stm32h7xx_hal.o [4]
HAL_MspInit              0x800'1191   0x1e  Code  Gb  stm32h7xx_hal_msp.o [2]
HAL_NVIC_EnableIRQ       0x800'0b7b    0xe  Code  Gb  stm32h7xx_hal_cortex.o [4]
HAL_NVIC_SetPriority     0x800'0b57   0x24  Code  Gb  stm32h7xx_hal_cortex.o [4]
HAL_NVIC_SetPriorityGrouping
                         0x800'0b4b    0xc  Code  Gb  stm32h7xx_hal_cortex.o [4]
HAL_PWREx_ConfigSupply   0x800'1a01   0x5c  Code  Gb  stm32h7xx_hal_pwr_ex.o [4]
HAL_RCC_ClockConfig      0x800'0bb5  0x306  Code  Gb  stm32h7xx_hal_rcc.o [4]
HAL_RCC_GetSysClockFreq
                         0x800'0ebd  0x226  Code  Gb  stm32h7xx_hal_rcc.o [4]
HAL_RCC_OscConfig        0x800'0299  0x73c  Code  Gb  stm32h7xx_hal_rcc.o [4]
HAL_SYSTICK_Config       0x800'0b89    0xc  Code  Gb  stm32h7xx_hal_cortex.o [4]
HAL_TIMEx_Break2Callback
                         0x800'19e5    0x2  Code  Gb  stm32h7xx_hal_tim_ex.o [4]
HAL_TIMEx_BreakCallback
                         0x800'19e3    0x2  Code  Gb  stm32h7xx_hal_tim_ex.o [4]
HAL_TIMEx_CommutCallback
                         0x800'19e9    0x2  Code  Gb  stm32h7xx_hal_tim_ex.o [4]
HAL_TIM_Base_Init        0x800'11f1   0x7a  Code  Gb  stm32h7xx_hal_tim.o [4]
HAL_TIM_Base_MspInit     0x800'11af   0x36  Code  Gb  stm32h7xx_hal_msp.o [2]
HAL_TIM_Base_Start_IT    0x800'126b   0x98  Code  Gb  stm32h7xx_hal_tim.o [4]
HAL_TIM_IC_CaptureCallback
                         0x800'15bd    0x2  Code  Gb  stm32h7xx_hal_tim.o [4]
HAL_TIM_IRQHandler       0x800'1321  0x1ac  Code  Gb  stm32h7xx_hal_tim.o [4]
HAL_TIM_OC_DelayElapsedCallback
                         0x800'15bf    0x2  Code  Gb  stm32h7xx_hal_tim.o [4]
HAL_TIM_PWM_PulseFinishedCallback
                         0x800'15c1    0x2  Code  Gb  stm32h7xx_hal_tim.o [4]
HAL_TIM_PeriodElapsedCallback
                         0x800'19dd    0x2  Code  Gb  main.o [2]
HAL_TIM_TriggerCallback
                         0x800'19e7    0x2  Code  Gb  stm32h7xx_hal_tim.o [4]
HardFault_Handler        0x800'1c43    0x2  Code  Gb  stm32h7xx_it.o [2]
MX_GPIO_Init             0x800'1977   0x4c  Code  Lc  main.o [2]
MX_TIM16_Init            0x800'1939   0x3e  Code  Lc  main.o [2]
MemManage_Handler        0x800'1c45    0x2  Code  Gb  stm32h7xx_it.o [2]
NMI_Handler              0x800'1c41    0x2  Code  Gb  stm32h7xx_it.o [2]
NVIC_EncodePriority      0x800'0ad9   0x42  Code  Lc  stm32h7xx_hal_cortex.o [4]
PendSV_Handler           0x800'1c4f    0x2  Code  Gb  stm32h7xx_it.o [2]
Region$$Table$$Base      0x800'1ccc          --   Gb  - Linker created -
Region$$Table$$Limit     0x800'1cf0          --   Gb  - Linker created -
SVC_Handler              0x800'1c4b    0x2  Code  Gb  stm32h7xx_it.o [2]
SysTick_Config           0x800'0b1b   0x30  Code  Lc  stm32h7xx_hal_cortex.o [4]
SysTick_Handler          0x800'1c51    0x8  Code  Gb  stm32h7xx_it.o [2]
SystemClock_Config       0x800'188b   0xae  Code  Gb  main.o [2]
SystemCoreClock         0x2000'0004    0x4  Data  Gb  system_stm32h7xx.o [3]
SystemD2Clock           0x2000'0008    0x4  Data  Gb  system_stm32h7xx.o [3]
SystemInit               0x800'1acd   0xdc  Code  Gb  system_stm32h7xx.o [3]
TIM16_IRQHandler         0x800'1c59    0xa  Code  Gb  stm32h7xx_it.o [2]
TIM_Base_SetConfig       0x800'14d1   0xca  Code  Gb  stm32h7xx_hal_tim.o [4]
UsageFault_Handler       0x800'1c49    0x2  Code  Gb  stm32h7xx_it.o [2]
__NVIC_EnableIRQ         0x800'0a8d   0x20  Code  Lc  stm32h7xx_hal_cortex.o [4]
__NVIC_GetPriorityGrouping
                         0x800'0a7f    0xc  Code  Lc  stm32h7xx_hal_cortex.o [4]
__NVIC_SetPriority       0x800'0aad   0x2c  Code  Lc  stm32h7xx_hal_cortex.o [4]
__NVIC_SetPriorityGrouping
                         0x800'0a5d   0x22  Code  Lc  stm32h7xx_hal_cortex.o [4]
__aeabi_memset           0x800'1a65         Code  Gb  ABImemset.o [7]
__cmain                  0x800'1cf1         Code  Gb  cmain.o [7]
__exit                   0x800'1d25   0x14  Code  Gb  exit.o [8]
__iar_Memset             0x800'1a65         Code  Gb  ABImemset.o [7]
__iar_Memset_word        0x800'1a6d         Code  Gb  ABImemset.o [7]
__iar_copy_init3         0x800'15c3   0x2a  Code  Gb  copy_init3.o [7]
__iar_data_init3         0x800'1c81   0x28  Code  Gb  data_init.o [7]
__iar_init_vfp           0x800'1ca9         Code  Gb  fpinit_M.o [6]
__iar_program_start      0x800'1d39         Code  Gb  cstartup_M.o [7]
__iar_zero_init3         0x800'1c09   0x38  Code  Gb  zero_init3.o [7]
__low_level_init         0x800'1d0f    0x4  Code  Gb  low_level_init.o [5]
__vector_table           0x800'0000         Data  Gb  startup_stm32h743xx.o [1]
_call_main               0x800'1cfd         Code  Gb  cmain.o [7]
_exit                    0x800'1d19         Code  Gb  cexit.o [7]
exit                     0x800'1d13    0x4  Code  Gb  exit.o [5]
htim16                  0x2000'0010   0x4c  Data  Gb  main.o [2]
main                     0x800'1871   0x1a  Code  Gb  main.o [2]
memset                   0x800'19eb   0x14  Code  Gb  memset.o [7]
uwTick                  0x2000'005c    0x4  Data  Gb  stm32h7xx_hal.o [4]
uwTickFreq              0x2000'000c    0x1  Data  Gb  stm32h7xx_hal.o [4]
uwTickPrio              0x2000'0000    0x4  Data  Gb  stm32h7xx_hal.o [4]


[1] = C:\Users\MadeuxS\Downloads\KATEK_Compiler_Vergleich-main\ISR Vergleich\EWARM\ISR Vergleich\Obj\Application\EWARM
[2] = C:\Users\MadeuxS\Downloads\KATEK_Compiler_Vergleich-main\ISR Vergleich\EWARM\ISR Vergleich\Obj\Application\User\Core
[3] = C:\Users\MadeuxS\Downloads\KATEK_Compiler_Vergleich-main\ISR Vergleich\EWARM\ISR Vergleich\Obj\Drivers\CMSIS
[4] = C:\Users\MadeuxS\Downloads\KATEK_Compiler_Vergleich-main\ISR Vergleich\EWARM\ISR Vergleich\Obj\Drivers\STM32H7xx_HAL_Driver
[5] = dl7M_tln.a
[6] = m7M_tlv.a
[7] = rt7M_tl.a
[8] = shb_l.a

  8'038 bytes of readonly  code memory
     70 bytes of readonly  data memory
  1'117 bytes of readwrite data memory

Errors: none
Warnings: none
