Archive member included to satisfy reference by file (symbol)

c:/st/stm32cubeide_1.7.0/stm32cubeide/plugins/com.st.stm32cube.ide.mcu.externaltools.gnu-tools-for-stm32.9-2020-q2-update.win32_2.0.0.202105311346/tools/bin/../lib/gcc/arm-none-eabi/9.3.1/../../../../arm-none-eabi/lib/thumb/v7e-m+dp/hard\libc_nano.a(lib_a-errno.o)
                              ./Core/Src/syscalls.o (__errno)
c:/st/stm32cubeide_1.7.0/stm32cubeide/plugins/com.st.stm32cube.ide.mcu.externaltools.gnu-tools-for-stm32.9-2020-q2-update.win32_2.0.0.202105311346/tools/bin/../lib/gcc/arm-none-eabi/9.3.1/../../../../arm-none-eabi/lib/thumb/v7e-m+dp/hard\libc_nano.a(lib_a-exit.o)
                              c:/st/stm32cubeide_1.7.0/stm32cubeide/plugins/com.st.stm32cube.ide.mcu.externaltools.gnu-tools-for-stm32.9-2020-q2-update.win32_2.0.0.202105311346/tools/bin/../lib/gcc/arm-none-eabi/9.3.1/../../../../arm-none-eabi/lib/thumb/v7e-m+dp/hard/crt0.o (exit)
c:/st/stm32cubeide_1.7.0/stm32cubeide/plugins/com.st.stm32cube.ide.mcu.externaltools.gnu-tools-for-stm32.9-2020-q2-update.win32_2.0.0.202105311346/tools/bin/../lib/gcc/arm-none-eabi/9.3.1/../../../../arm-none-eabi/lib/thumb/v7e-m+dp/hard\libc_nano.a(lib_a-impure.o)
                              c:/st/stm32cubeide_1.7.0/stm32cubeide/plugins/com.st.stm32cube.ide.mcu.externaltools.gnu-tools-for-stm32.9-2020-q2-update.win32_2.0.0.202105311346/tools/bin/../lib/gcc/arm-none-eabi/9.3.1/../../../../arm-none-eabi/lib/thumb/v7e-m+dp/hard\libc_nano.a(lib_a-exit.o) (_global_impure_ptr)
c:/st/stm32cubeide_1.7.0/stm32cubeide/plugins/com.st.stm32cube.ide.mcu.externaltools.gnu-tools-for-stm32.9-2020-q2-update.win32_2.0.0.202105311346/tools/bin/../lib/gcc/arm-none-eabi/9.3.1/../../../../arm-none-eabi/lib/thumb/v7e-m+dp/hard\libc_nano.a(lib_a-init.o)
                              c:/st/stm32cubeide_1.7.0/stm32cubeide/plugins/com.st.stm32cube.ide.mcu.externaltools.gnu-tools-for-stm32.9-2020-q2-update.win32_2.0.0.202105311346/tools/bin/../lib/gcc/arm-none-eabi/9.3.1/../../../../arm-none-eabi/lib/thumb/v7e-m+dp/hard/crt0.o (__libc_init_array)
c:/st/stm32cubeide_1.7.0/stm32cubeide/plugins/com.st.stm32cube.ide.mcu.externaltools.gnu-tools-for-stm32.9-2020-q2-update.win32_2.0.0.202105311346/tools/bin/../lib/gcc/arm-none-eabi/9.3.1/../../../../arm-none-eabi/lib/thumb/v7e-m+dp/hard\libc_nano.a(lib_a-memset.o)
                              c:/st/stm32cubeide_1.7.0/stm32cubeide/plugins/com.st.stm32cube.ide.mcu.externaltools.gnu-tools-for-stm32.9-2020-q2-update.win32_2.0.0.202105311346/tools/bin/../lib/gcc/arm-none-eabi/9.3.1/../../../../arm-none-eabi/lib/thumb/v7e-m+dp/hard/crt0.o (memset)
c:/st/stm32cubeide_1.7.0/stm32cubeide/plugins/com.st.stm32cube.ide.mcu.externaltools.gnu-tools-for-stm32.9-2020-q2-update.win32_2.0.0.202105311346/tools/bin/../lib/gcc/arm-none-eabi/9.3.1/../../../../arm-none-eabi/lib/thumb/v7e-m+dp/hard\libc_nano.a(lib_a-puts.o)
                              ./Core/Src/testfunktionen.o (puts)
c:/st/stm32cubeide_1.7.0/stm32cubeide/plugins/com.st.stm32cube.ide.mcu.externaltools.gnu-tools-for-stm32.9-2020-q2-update.win32_2.0.0.202105311346/tools/bin/../lib/gcc/arm-none-eabi/9.3.1/../../../../arm-none-eabi/lib/thumb/v7e-m+dp/hard\libc_nano.a(lib_a-rand.o)
                              ./Core/Src/testfunktionen.o (rand)
c:/st/stm32cubeide_1.7.0/stm32cubeide/plugins/com.st.stm32cube.ide.mcu.externaltools.gnu-tools-for-stm32.9-2020-q2-update.win32_2.0.0.202105311346/tools/bin/../lib/gcc/arm-none-eabi/9.3.1/../../../../arm-none-eabi/lib/thumb/v7e-m+dp/hard\libc_nano.a(lib_a-wbuf.o)
                              c:/st/stm32cubeide_1.7.0/stm32cubeide/plugins/com.st.stm32cube.ide.mcu.externaltools.gnu-tools-for-stm32.9-2020-q2-update.win32_2.0.0.202105311346/tools/bin/../lib/gcc/arm-none-eabi/9.3.1/../../../../arm-none-eabi/lib/thumb/v7e-m+dp/hard\libc_nano.a(lib_a-puts.o) (__swbuf_r)
c:/st/stm32cubeide_1.7.0/stm32cubeide/plugins/com.st.stm32cube.ide.mcu.externaltools.gnu-tools-for-stm32.9-2020-q2-update.win32_2.0.0.202105311346/tools/bin/../lib/gcc/arm-none-eabi/9.3.1/../../../../arm-none-eabi/lib/thumb/v7e-m+dp/hard\libc_nano.a(lib_a-wsetup.o)
                              c:/st/stm32cubeide_1.7.0/stm32cubeide/plugins/com.st.stm32cube.ide.mcu.externaltools.gnu-tools-for-stm32.9-2020-q2-update.win32_2.0.0.202105311346/tools/bin/../lib/gcc/arm-none-eabi/9.3.1/../../../../arm-none-eabi/lib/thumb/v7e-m+dp/hard\libc_nano.a(lib_a-puts.o) (__swsetup_r)
c:/st/stm32cubeide_1.7.0/stm32cubeide/plugins/com.st.stm32cube.ide.mcu.externaltools.gnu-tools-for-stm32.9-2020-q2-update.win32_2.0.0.202105311346/tools/bin/../lib/gcc/arm-none-eabi/9.3.1/../../../../arm-none-eabi/lib/thumb/v7e-m+dp/hard\libc_nano.a(lib_a-assert.o)
[...]
Memory Configuration

Name             Origin             Length             Attributes
FLASH            0x0000000008000000 0x0000000000200000 xr
DTCMRAM          0x0000000020000000 0x0000000000020000 xrw
RAM_D1           0x0000000024000000 0x0000000000080000 xrw
RAM_D2           0x0000000030000000 0x0000000000048000 xrw
RAM_D3           0x0000000038000000 0x0000000000010000 xrw
ITCMRAM          0x0000000000000000 0x0000000000010000 xrw
*default*        0x0000000000000000 0xffffffffffffffff

Linker script and memory map

LOAD c:/st/stm32cubeide_1.7.0/stm32cubeide/plugins/com.st.stm32cube.ide.mcu.externaltools.gnu-tools-for-stm32.9-2020-q2-update.win32_2.0.0.202105311346/tools/bin/../lib/gcc/arm-none-eabi/9.3.1/thumb/v7e-m+dp/hard/crti.o
LOAD c:/st/stm32cubeide_1.7.0/stm32cubeide/plugins/com.st.stm32cube.ide.mcu.externaltools.gnu-tools-for-stm32.9-2020-q2-update.win32_2.0.0.202105311346/tools/bin/../lib/gcc/arm-none-eabi/9.3.1/thumb/v7e-m+dp/hard/crtbegin.o
LOAD c:/st/stm32cubeide_1.7.0/stm32cubeide/plugins/com.st.stm32cube.ide.mcu.externaltools.gnu-tools-for-stm32.9-2020-q2-update.win32_2.0.0.202105311346/tools/bin/../lib/gcc/arm-none-eabi/9.3.1/../../../../arm-none-eabi/lib/thumb/v7e-m+dp/hard/crt0.o
LOAD ./Core/Src/main.o
LOAD ./Core/Src/stm32h7xx_hal_msp.o
LOAD ./Core/Src/stm32h7xx_it.o
LOAD ./Core/Src/syscalls.o
LOAD ./Core/Src/sysmem.o
LOAD ./Core/Src/system_stm32h7xx.o
LOAD ./Core/Src/testfunktionen.o
LOAD ./Core/Startup/startup_stm32h743zitx.o
LOAD ./Drivers/STM32H7xx_HAL_Driver/Src/stm32h7xx_hal.o
LOAD ./Drivers/STM32H7xx_HAL_Driver/Src/stm32h7xx_hal_cortex.o
LOAD ./Drivers/STM32H7xx_HAL_Driver/Src/stm32h7xx_hal_dma.o
LOAD ./Drivers/STM32H7xx_HAL_Driver/Src/stm32h7xx_hal_dma_ex.o
LOAD ./Drivers/STM32H7xx_HAL_Driver/Src/stm32h7xx_hal_exti.o
LOAD ./Drivers/STM32H7xx_HAL_Driver/Src/stm32h7xx_hal_flash.o
LOAD ./Drivers/STM32H7xx_HAL_Driver/Src/stm32h7xx_hal_flash_ex.o
LOAD ./Drivers/STM32H7xx_HAL_Driver/Src/stm32h7xx_hal_gpio.o
LOAD ./Drivers/STM32H7xx_HAL_Driver/Src/stm32h7xx_hal_hsem.o
LOAD ./Drivers/STM32H7xx_HAL_Driver/Src/stm32h7xx_hal_i2c.o
LOAD ./Drivers/STM32H7xx_HAL_Driver/Src/stm32h7xx_hal_i2c_ex.o
LOAD ./Drivers/STM32H7xx_HAL_Driver/Src/stm32h7xx_hal_mdma.o
LOAD ./Drivers/STM32H7xx_HAL_Driver/Src/stm32h7xx_hal_pwr.o
LOAD ./Drivers/STM32H7xx_HAL_Driver/Src/stm32h7xx_hal_pwr_ex.o
LOAD ./Drivers/STM32H7xx_HAL_Driver/Src/stm32h7xx_hal_rcc.o
LOAD ./Drivers/STM32H7xx_HAL_Driver/Src/stm32h7xx_hal_rcc_ex.o
LOAD ./Drivers/STM32H7xx_HAL_Driver/Src/stm32h7xx_hal_tim.o
LOAD ./Drivers/STM32H7xx_HAL_Driver/Src/stm32h7xx_hal_tim_ex.o
LOAD c:/st/stm32cubeide_1.7.0/stm32cubeide/plugins/com.st.stm32cube.ide.mcu.externaltools.gnu-tools-for-stm32.9-2020-q2-update.win32_2.0.0.202105311346/tools/bin/../lib/gcc/arm-none-eabi/9.3.1/../../../../arm-none-eabi/lib/thumb/v7e-m+dp/hard\libm.a
LOAD c:/st/stm32cubeide_1.7.0/stm32cubeide/plugins/com.st.stm32cube.ide.mcu.externaltools.gnu-tools-for-stm32.9-2020-q2-update.win32_2.0.0.202105311346/tools/bin/../lib/gcc/arm-none-eabi/9.3.1/../../../../arm-none-eabi/lib/thumb/v7e-m+dp/hard\libnosys.a
LOAD c:/st/stm32cubeide_1.7.0/stm32cubeide/plugins/com.st.stm32cube.ide.mcu.externaltools.gnu-tools-for-stm32.9-2020-q2-update.win32_2.0.0.202105311346/tools/bin/../lib/gcc/arm-none-eabi/9.3.1/../../../../arm-none-eabi/lib/thumb/v7e-m+dp/hard\libc_nano.a
START GROUP
LOAD c:/st/stm32cubeide_1.7.0/stm32cubeide/plugins/com.st.stm32cube.ide.mcu.externaltools.gnu-tools-for-stm32.9-2020-q2-update.win32_2.0.0.202105311346/tools/bin/../lib/gcc/arm-none-eabi/9.3.1/../../../../arm-none-eabi/lib/thumb/v7e-m+dp/hard\libc_nano.a
LOAD c:/st/stm32cubeide_1.7.0/stm32cubeide/plugins/com.st.stm32cube.ide.mcu.externaltools.gnu-tools-for-stm32.9-2020-q2-update.win32_2.0.0.202105311346/tools/bin/../lib/gcc/arm-none-eabi/9.3.1/../../../../arm-none-eabi/lib/thumb/v7e-m+dp/hard\libm.a
END GROUP
START GROUP
LOAD c:/st/stm32cubeide_1.7.0/stm32cubeide/plugins/com.st.stm32cube.ide.mcu.externaltools.gnu-tools-for-stm32.9-2020-q2-update.win32_2.0.0.202105311346/tools/bin/../lib/gcc/arm-none-eabi/9.3.1/thumb/v7e-m+dp/hard\libgcc.a
LOAD c:/st/stm32cubeide_1.7.0/stm32cubeide/plugins/com.st.stm32cube.ide.mcu.externaltools.gnu-tools-for-stm32.9-2020-q2-update.win32_2.0.0.202105311346/tools/bin/../lib/gcc/arm-none-eabi/9.3.1/../../../../arm-none-eabi/lib/thumb/v7e-m+dp/hard\libc_nano.a
END GROUP
START GROUP
LOAD c:/st/stm32cubeide_1.7.0/stm32cubeide/plugins/com.st.stm32cube.ide.mcu.externaltools.gnu-tools-for-stm32.9-2020-q2-update.win32_2.0.0.202105311346/tools/bin/../lib/gcc/arm-none-eabi/9.3.1/thumb/v7e-m+dp/hard\libgcc.a
LOAD c:/st/stm32cubeide_1.7.0/stm32cubeide/plugins/com.st.stm32cube.ide.mcu.externaltools.gnu-tools-for-stm32.9-2020-q2-update.win32_2.0.0.202105311346/tools/bin/../lib/gcc/arm-none-eabi/9.3.1/../../../../arm-none-eabi/lib/thumb/v7e-m+dp/hard\libc_nano.a
LOAD c:/st/stm32cubeide_1.7.0/stm32cubeide/plugins/com.st.stm32cube.ide.mcu.externaltools.gnu-tools-for-stm32.9-2020-q2-update.win32_2.0.0.202105311346/tools/bin/../lib/gcc/arm-none-eabi/9.3.1/../../../../arm-none-eabi/lib/thumb/v7e-m+dp/hard\libnosys.a
END GROUP
START GROUP
LOAD c:/st/stm32cubeide_1.7.0/stm32cubeide/plugins/com.st.stm32cube.ide.mcu.externaltools.gnu-tools-for-stm32.9-2020-q2-update.win32_2.0.0.202105311346/tools/bin/../lib/gcc/arm-none-eabi/9.3.1/thumb/v7e-m+dp/hard\libgcc.a
LOAD c:/st/stm32cubeide_1.7.0/stm32cubeide/plugins/com.st.stm32cube.ide.mcu.externaltools.gnu-tools-for-stm32.9-2020-q2-update.win32_2.0.0.202105311346/tools/bin/../lib/gcc/arm-none-eabi/9.3.1/../../../../arm-none-eabi/lib/thumb/v7e-m+dp/hard\libc_nano.a
LOAD c:/st/stm32cubeide_1.7.0/stm32cubeide/plugins/com.st.stm32cube.ide.mcu.externaltools.gnu-tools-for-stm32.9-2020-q2-update.win32_2.0.0.202105311346/tools/bin/../lib/gcc/arm-none-eabi/9.3.1/../../../../arm-none-eabi/lib/thumb/v7e-m+dp/hard\libnosys.a
END GROUP
LOAD c:/st/stm32cubeide_1.7.0/stm32cubeide/plugins/com.st.stm32cube.ide.mcu.externaltools.gnu-tools-for-stm32.9-2020-q2-update.win32_2.0.0.202105311346/tools/bin/../lib/gcc/arm-none-eabi/9.3.1/thumb/v7e-m+dp/hard/crtend.o
LOAD c:/st/stm32cubeide_1.7.0/stm32cubeide/plugins/com.st.stm32cube.ide.mcu.externaltools.gnu-tools-for-stm32.9-2020-q2-update.win32_2.0.0.202105311346/tools/bin/../lib/gcc/arm-none-eabi/9.3.1/thumb/v7e-m+dp/hard/crtn.o
                0x0000000024080000                _estack = (ORIGIN (RAM_D1) + LENGTH (RAM_D1))
                0x0000000000000200                _Min_Heap_Size = 0x200
                0x0000000000000400                _Min_Stack_Size = 0x400

.isr_vector     0x0000000008000000      0x298
                0x0000000008000000                . = ALIGN (0x4)
 *(.isr_vector)
 .isr_vector    0x0000000008000000      0x298 ./Core/Startup/startup_stm32h743zitx.o
                0x0000000008000000                g_pfnVectors
                0x0000000008000298                . = ALIGN (0x4)

.text           0x0000000008000298     0x1b48
                0x0000000008000298                . = ALIGN (0x4)
 *(.text)
 .text          0x0000000008000298       0x40 c:/st/stm32cubeide_1.7.0/stm32cubeide/plugins/com.st.stm32cube.ide.mcu.externaltools.gnu-tools-for-stm32.9-2020-q2-update.win32_2.0.0.202105311346/tools/bin/../lib/gcc/arm-none-eabi/9.3.1/thumb/v7e-m+dp/hard/crtbegin.o
 *(.text*)
 .text.SystemClock_Config
                0x00000000080002d8       0xa4 ./Core/Src/main.o
                0x00000000080002d8                SystemClock_Config
 .text.startup.main
                0x000000000800037c       0x78 ./Core/Src/main.o
                0x000000000800037c                main
 .text.HAL_MspInit
                0x00000000080003f4       0x24 ./Core/Src/stm32h7xx_hal_msp.o
                0x00000000080003f4                HAL_MspInit
 .text.NMI_Handler
                0x0000000008000418        0x4 ./Core/Src/stm32h7xx_it.o
                0x0000000008000418                NMI_Handler
 .text.HardFault_Handler
                0x000000000800041c        0x4 ./Core/Src/stm32h7xx_it.o
                0x000000000800041c                HardFault_Handler
 .text.MemManage_Handler
                0x0000000008000420        0x4 ./Core/Src/stm32h7xx_it.o
                0x0000000008000420                MemManage_Handler
 .text.BusFault_Handler
                0x0000000008000424        0x4 ./Core/Src/stm32h7xx_it.o
                0x0000000008000424                BusFault_Handler
 .text.UsageFault_Handler
                0x0000000008000428        0x4 ./Core/Src/stm32h7xx_it.o
                0x0000000008000428                UsageFault_Handler
 .text.SVC_Handler
                0x000000000800042c        0x4 ./Core/Src/stm32h7xx_it.o
                0x000000000800042c                SVC_Handler
 .text.DebugMon_Handler
                0x0000000008000430        0x4 ./Core/Src/stm32h7xx_it.o
                0x0000000008000430                DebugMon_Handler
 .text.PendSV_Handler
                0x0000000008000434        0x4 ./Core/Src/stm32h7xx_it.o
                0x0000000008000434                PendSV_Handler
 .text.SysTick_Handler
                0x0000000008000438        0x4 ./Core/Src/stm32h7xx_it.o
                0x0000000008000438                SysTick_Handler
 .text._read    0x000000000800043c       0x1c ./Core/Src/syscalls.o
                0x000000000800043c                _read
 .text._write   0x0000000008000458       0x1c ./Core/Src/syscalls.o
                0x0000000008000458                _write
 .text._close   0x0000000008000474        0x8 ./Core/Src/syscalls.o
                0x0000000008000474                _close
 .text._fstat   0x000000000800047c        0xc ./Core/Src/syscalls.o
                0x000000000800047c                _fstat
 .text._isatty  0x0000000008000488        0x4 ./Core/Src/syscalls.o
                0x0000000008000488                _isatty
 .text._lseek   0x000000000800048c        0x4 ./Core/Src/syscalls.o
                0x000000000800048c                _lseek
 .text._sbrk    0x0000000008000490       0x48 ./Core/Src/sysmem.o
                0x0000000008000490                _sbrk
 .text.SystemInit
                0x00000000080004d8       0xd4 ./Core/Src/system_stm32h7xx.o
                0x00000000080004d8                SystemInit
 .text.Test_printf
                0x00000000080005ac        0xc ./Core/Src/testfunktionen.o
                0x00000000080005ac                Test_printf
 .text.Reset_Handler
                0x00000000080005b8       0x50 ./Core/Startup/startup_stm32h743zitx.o
                0x00000000080005b8                Reset_Handler
 .text.Default_Handler
                0x0000000008000608        0x2 ./Core/Startup/startup_stm32h743zitx.o
                0x0000000008000608                RTC_Alarm_IRQHandler
                0x0000000008000608                EXTI2_IRQHandler
                0x0000000008000608                TIM8_CC_IRQHandler
                0x0000000008000608                HRTIM1_Master_IRQHandler
                0x0000000008000608                UART8_IRQHandler
                0x0000000008000608                SPI4_IRQHandler
                0x0000000008000608                TIM1_CC_IRQHandler
                0x0000000008000608                BDMA_Channel6_IRQHandler
                0x0000000008000608                DMA2_Stream5_IRQHandler
                0x0000000008000608                HRTIM1_FLT_IRQHandler
                0x0000000008000608                JPEG_IRQHandler
                0x0000000008000608                DMA1_Stream5_IRQHandler
                0x0000000008000608                BDMA_Channel1_IRQHandler
                0x0000000008000608                HRTIM1_TIMD_IRQHandler
                0x0000000008000608                TAMP_STAMP_IRQHandler
                0x0000000008000608                EXTI3_IRQHandler
                0x0000000008000608                LPTIM4_IRQHandler
                0x0000000008000608                TIM8_TRG_COM_TIM14_IRQHandler
                0x0000000008000608                LPTIM2_IRQHandler
                0x0000000008000608                DFSDM1_FLT1_IRQHandler
                0x0000000008000608                DMAMUX2_OVR_IRQHandler
                0x0000000008000608                TIM8_UP_TIM13_IRQHandler
                0x0000000008000608                I2C3_ER_IRQHandler
                0x0000000008000608                DFSDM1_FLT2_IRQHandler
                0x0000000008000608                MDMA_IRQHandler
                0x0000000008000608                LPTIM3_IRQHandler
                0x0000000008000608                HSEM1_IRQHandler
                0x0000000008000608                EXTI0_IRQHandler
                0x0000000008000608                I2C2_EV_IRQHandler
                0x0000000008000608                DMA1_Stream2_IRQHandler
                0x0000000008000608                FPU_IRQHandler
                0x0000000008000608                OTG_HS_WKUP_IRQHandler
                0x0000000008000608                FDCAN1_IT1_IRQHandler
                0x0000000008000608                LTDC_ER_IRQHandler
                0x0000000008000608                DMA2_Stream2_IRQHandler
                0x0000000008000608                HRTIM1_TIME_IRQHandler
                0x0000000008000608                SPI1_IRQHandler
                0x0000000008000608                TIM6_DAC_IRQHandler
                0x0000000008000608                DCMI_IRQHandler
                0x0000000008000608                HRTIM1_TIMC_IRQHandler
                0x0000000008000608                DMA2_Stream3_IRQHandler
                0x0000000008000608                SAI2_IRQHandler
                0x0000000008000608                DFSDM1_FLT3_IRQHandler
                0x0000000008000608                USART6_IRQHandler
                0x0000000008000608                TIM17_IRQHandler
                0x0000000008000608                USART3_IRQHandler
                0x0000000008000608                BDMA_Channel7_IRQHandler
                0x0000000008000608                LPTIM5_IRQHandler
                0x0000000008000608                UART5_IRQHandler
                0x0000000008000608                ADC3_IRQHandler
                0x0000000008000608                DMA2_Stream0_IRQHandler
                0x0000000008000608                TIM4_IRQHandler
                0x0000000008000608                BDMA_Channel2_IRQHandler
                0x0000000008000608                QUADSPI_IRQHandler
                0x0000000008000608                I2C1_EV_IRQHandler
                0x0000000008000608                DMA1_Stream6_IRQHandler
                0x0000000008000608                DMAMUX1_OVR_IRQHandler
                0x0000000008000608                DMA1_Stream1_IRQHandler
                0x0000000008000608                TIM16_IRQHandler
                0x0000000008000608                UART4_IRQHandler
                0x0000000008000608                BDMA_Channel5_IRQHandler
                0x0000000008000608                TIM3_IRQHandler
                0x0000000008000608                RCC_IRQHandler
                0x0000000008000608                TIM8_BRK_TIM12_IRQHandler
                0x0000000008000608                TIM1_TRG_COM_IRQHandler
                0x0000000008000608                Default_Handler
                0x0000000008000608                ECC_IRQHandler
                0x0000000008000608                CEC_IRQHandler
                0x0000000008000608                EXTI15_10_IRQHandler
                0x0000000008000608                BDMA_Channel0_IRQHandler
                0x0000000008000608                ADC_IRQHandler
                0x0000000008000608                DMA1_Stream7_IRQHandler
                0x0000000008000608                HRTIM1_TIMA_IRQHandler
                0x0000000008000608                SPI5_IRQHandler
                0x0000000008000608                TIM7_IRQHandler
                0x0000000008000608                SDMMC1_IRQHandler
                0x0000000008000608                TIM5_IRQHandler
                0x0000000008000608                DMA2_Stream7_IRQHandler
                0x0000000008000608                TIM15_IRQHandler
                0x0000000008000608                PVD_AVD_IRQHandler
                0x0000000008000608                I2C3_EV_IRQHandler
                0x0000000008000608                EXTI9_5_IRQHandler
                0x0000000008000608                RTC_WKUP_IRQHandler
                0x0000000008000608                LTDC_IRQHandler
                0x0000000008000608                SAI3_IRQHandler
                0x0000000008000608                ETH_WKUP_IRQHandler
                0x0000000008000608                SPDIF_RX_IRQHandler
                0x0000000008000608                SPI2_IRQHandler
                0x0000000008000608                OTG_HS_EP1_IN_IRQHandler
                0x0000000008000608                DMA1_Stream0_IRQHandler
                0x0000000008000608                CRS_IRQHandler
                0x0000000008000608                EXTI4_IRQHandler
                0x0000000008000608                RNG_IRQHandler
                0x0000000008000608                HRTIM1_TIMB_IRQHandler
                0x0000000008000608                FDCAN2_IT1_IRQHandler
                0x0000000008000608                ETH_IRQHandler
                0x0000000008000608                TIM1_UP_IRQHandler
                0x0000000008000608                BDMA_Channel4_IRQHandler
                0x0000000008000608                OTG_HS_EP1_OUT_IRQHandler
                0x0000000008000608                WWDG_IRQHandler
                0x0000000008000608                SPI6_IRQHandler
                0x0000000008000608                MDIOS_IRQHandler
                0x0000000008000608                I2C4_EV_IRQHandler
                0x0000000008000608                FDCAN2_IT0_IRQHandler
                0x0000000008000608                LPUART1_IRQHandler
                0x0000000008000608                FDCAN1_IT0_IRQHandler
                0x0000000008000608                TIM2_IRQHandler
                0x0000000008000608                OTG_FS_WKUP_IRQHandler
                0x0000000008000608                OTG_HS_IRQHandler
                0x0000000008000608                DMA2D_IRQHandler
                0x0000000008000608                TIM1_BRK_IRQHandler
                0x0000000008000608                EXTI1_IRQHandler
                0x0000000008000608                SDMMC2_IRQHandler
                0x0000000008000608                OTG_FS_EP1_OUT_IRQHandler
                0x0000000008000608                BDMA_Channel3_IRQHandler
                0x0000000008000608                UART7_IRQHandler
                0x0000000008000608                MDIOS_WKUP_IRQHandler
                0x0000000008000608                USART2_IRQHandler
                0x0000000008000608                DFSDM1_FLT0_IRQHandler
                0x0000000008000608                SAI4_IRQHandler
                0x0000000008000608                I2C2_ER_IRQHandler
                0x0000000008000608                DMA2_Stream1_IRQHandler
                0x0000000008000608                FLASH_IRQHandler
                0x0000000008000608                DMA2_Stream4_IRQHandler
                0x0000000008000608                USART1_IRQHandler
                0x0000000008000608                OTG_FS_IRQHandler
                0x0000000008000608                SPI3_IRQHandler
                0x0000000008000608                WAKEUP_PIN_IRQHandler
                0x0000000008000608                DMA1_Stream4_IRQHandler
                0x0000000008000608                OTG_FS_EP1_IN_IRQHandler
                0x0000000008000608                I2C1_ER_IRQHandler
                0x0000000008000608                FMC_IRQHandler
                0x0000000008000608                FDCAN_CAL_IRQHandler
                0x0000000008000608                SWPMI1_IRQHandler
                0x0000000008000608                COMP1_IRQHandler
                0x0000000008000608                LPTIM1_IRQHandler
                0x0000000008000608                I2C4_ER_IRQHandler
                0x0000000008000608                DMA2_Stream6_IRQHandler
                0x0000000008000608                SAI1_IRQHandler
                0x0000000008000608                DMA1_Stream3_IRQHandler
 *fill*         0x000000000800060a        0x2 
 .text.HAL_InitTick
                0x000000000800060c       0x4c ./Drivers/STM32H7xx_HAL_Driver/Src/stm32h7xx_hal.o
                0x000000000800060c                HAL_InitTick
 .text.HAL_Init
                0x0000000008000658       0x60 ./Drivers/STM32H7xx_HAL_Driver/Src/stm32h7xx_hal.o
                0x0000000008000658                HAL_Init
 .text.HAL_IncTick
                0x00000000080006b8       0x18 ./Drivers/STM32H7xx_HAL_Driver/Src/stm32h7xx_hal.o
                0x00000000080006b8                HAL_IncTick
 .text.HAL_GetTick
                0x00000000080006d0        0xc ./Drivers/STM32H7xx_HAL_Driver/Src/stm32h7xx_hal.o
                0x00000000080006d0                HAL_GetTick
 .text.HAL_GetREVID
                0x00000000080006dc        0xc ./Drivers/STM32H7xx_HAL_Driver/Src/stm32h7xx_hal.o
                0x00000000080006dc                HAL_GetREVID
 .text.HAL_NVIC_SetPriorityGrouping
                0x00000000080006e8       0x28 ./Drivers/STM32H7xx_HAL_Driver/Src/stm32h7xx_hal_cortex.o
                0x00000000080006e8                HAL_NVIC_SetPriorityGrouping
 .text.HAL_NVIC_SetPriority
                0x0000000008000710       0x74 ./Drivers/STM32H7xx_HAL_Driver/Src/stm32h7xx_hal_cortex.o
                0x0000000008000710                HAL_NVIC_SetPriority
 .text.HAL_SYSTICK_Config
                0x0000000008000784       0x30 ./Drivers/STM32H7xx_HAL_Driver/Src/stm32h7xx_hal_cortex.o
                0x0000000008000784                HAL_SYSTICK_Config
 .text.HAL_GPIO_Init
                0x00000000080007b4      0x23c ./Drivers/STM32H7xx_HAL_Driver/Src/stm32h7xx_hal_gpio.o
                0x00000000080007b4                HAL_GPIO_Init
 .text.HAL_GPIO_WritePin
                0x00000000080009f0        0x8 ./Drivers/STM32H7xx_HAL_Driver/Src/stm32h7xx_hal_gpio.o
                0x00000000080009f0                HAL_GPIO_WritePin
 .text.HAL_GPIO_TogglePin
                0x00000000080009f8       0x14 ./Drivers/STM32H7xx_HAL_Driver/Src/stm32h7xx_hal_gpio.o
                0x00000000080009f8                HAL_GPIO_TogglePin
 .text.HAL_PWREx_ConfigSupply
                0x0000000008000a0c       0x4c ./Drivers/STM32H7xx_HAL_Driver/Src/stm32h7xx_hal_pwr_ex.o
                0x0000000008000a0c                HAL_PWREx_ConfigSupply
 .text.HAL_RCC_OscConfig
                0x0000000008000a58      0x5ec ./Drivers/STM32H7xx_HAL_Driver/Src/stm32h7xx_hal_rcc.o
                0x0000000008000a58                HAL_RCC_OscConfig
 .text.HAL_RCC_GetSysClockFreq
                0x0000000008001044      0x140 ./Drivers/STM32H7xx_HAL_Driver/Src/stm32h7xx_hal_rcc.o
                0x0000000008001044                HAL_RCC_GetSysClockFreq
 .text.HAL_RCC_ClockConfig
                0x0000000008001184      0x254 ./Drivers/STM32H7xx_HAL_Driver/Src/stm32h7xx_hal_rcc.o
                0x0000000008001184                HAL_RCC_ClockConfig
 .text.__errno  0x00000000080013d8        0xc c:/st/stm32cubeide_1.7.0/stm32cubeide/plugins/com.st.stm32cube.ide.mcu.externaltools.gnu-tools-for-stm32.9-2020-q2-update.win32_2.0.0.202105311346/tools/bin/../lib/gcc/arm-none-eabi/9.3.1/../../../../arm-none-eabi/lib/thumb/v7e-m+dp/hard\libc_nano.a(lib_a-errno.o)
                0x00000000080013d8                __errno
 .text.__libc_init_array
                0x00000000080013e4       0x48 c:/st/stm32cubeide_1.7.0/stm32cubeide/plugins/com.st.stm32cube.ide.mcu.externaltools.gnu-tools-for-stm32.9-2020-q2-update.win32_2.0.0.202105311346/tools/bin/../lib/gcc/arm-none-eabi/9.3.1/../../../../arm-none-eabi/lib/thumb/v7e-m+dp/hard\libc_nano.a(lib_a-init.o)
                0x00000000080013e4                __libc_init_array
 .text.memset   0x000000000800142c       0x10 c:/st/stm32cubeide_1.7.0/stm32cubeide/plugins/com.st.stm32cube.ide.mcu.externaltools.gnu-tools-for-stm32.9-2020-q2-update.win32_2.0.0.202105311346/tools/bin/../lib/gcc/arm-none-eabi/9.3.1/../../../../arm-none-eabi/lib/thumb/v7e-m+dp/hard\libc_nano.a(lib_a-memset.o)
                0x000000000800142c                memset
 .text._puts_r  0x000000000800143c       0xdc c:/st/stm32cubeide_1.7.0/stm32cubeide/plugins/com.st.stm32cube.ide.mcu.externaltools.gnu-tools-for-stm32.9-2020-q2-update.win32_2.0.0.202105311346/tools/bin/../lib/gcc/arm-none-eabi/9.3.1/../../../../arm-none-eabi/lib/thumb/v7e-m+dp/hard\libc_nano.a(lib_a-puts.o)
                0x000000000800143c                _puts_r
 .text.puts     0x0000000008001518       0x10 c:/st/stm32cubeide_1.7.0/stm32cubeide/plugins/com.st.stm32cube.ide.mcu.externaltools.gnu-tools-for-stm32.9-2020-q2-update.win32_2.0.0.202105311346/tools/bin/../lib/gcc/arm-none-eabi/9.3.1/../../../../arm-none-eabi/lib/thumb/v7e-m+dp/hard\libc_nano.a(lib_a-puts.o)
                0x0000000008001518                puts
 .text.__swbuf_r
                0x0000000008001528       0xa4 c:/st/stm32cubeide_1.7.0/stm32cubeide/plugins/com.st.stm32cube.ide.mcu.externaltools.gnu-tools-for-stm32.9-2020-q2-update.win32_2.0.0.202105311346/tools/bin/../lib/gcc/arm-none-eabi/9.3.1/../../../../arm-none-eabi/lib/thumb/v7e-m+dp/hard\libc_nano.a(lib_a-wbuf.o)
                0x0000000008001528                __swbuf_r
 .text.__swsetup_r
                0x00000000080015cc       0xdc c:/st/stm32cubeide_1.7.0/stm32cubeide/plugins/com.st.stm32cube.ide.mcu.externaltools.gnu-tools-for-stm32.9-2020-q2-update.win32_2.0.0.202105311346/tools/bin/../lib/gcc/arm-none-eabi/9.3.1/../../../../arm-none-eabi/lib/thumb/v7e-m+dp/hard\libc_nano.a(lib_a-wsetup.o)
                0x00000000080015cc                __swsetup_r
 .text.__sflush_r
                0x00000000080016a8      0x10c c:/st/stm32cubeide_1.7.0/stm32cubeide/plugins/com.st.stm32cube.ide.mcu.externaltools.gnu-tools-for-stm32.9-2020-q2-update.win32_2.0.0.202105311346/tools/bin/../lib/gcc/arm-none-eabi/9.3.1/../../../../arm-none-eabi/lib/thumb/v7e-m+dp/hard\libc_nano.a(lib_a-fflush.o)
                0x00000000080016a8                __sflush_r
 .text._fflush_r
                0x00000000080017b4       0x78 c:/st/stm32cubeide_1.7.0/stm32cubeide/plugins/com.st.stm32cube.ide.mcu.externaltools.gnu-tools-for-stm32.9-2020-q2-update.win32_2.0.0.202105311346/tools/bin/../lib/gcc/arm-none-eabi/9.3.1/../../../../arm-none-eabi/lib/thumb/v7e-m+dp/hard\libc_nano.a(lib_a-fflush.o)
                0x00000000080017b4                _fflush_r
 .text.std      0x000000000800182c       0x48 c:/st/stm32cubeide_1.7.0/stm32cubeide/plugins/com.st.stm32cube.ide.mcu.externaltools.gnu-tools-for-stm32.9-2020-q2-update.win32_2.0.0.202105311346/tools/bin/../lib/gcc/arm-none-eabi/9.3.1/../../../../arm-none-eabi/lib/thumb/v7e-m+dp/hard\libc_nano.a(lib_a-findfp.o)
 .text._cleanup_r
                0x0000000008001874        0xc c:/st/stm32cubeide_1.7.0/stm32cubeide/plugins/com.st.stm32cube.ide.mcu.externaltools.gnu-tools-for-stm32.9-2020-q2-update.win32_2.0.0.202105311346/tools/bin/../lib/gcc/arm-none-eabi/9.3.1/../../../../arm-none-eabi/lib/thumb/v7e-m+dp/hard\libc_nano.a(lib_a-findfp.o)
                0x0000000008001874                _cleanup_r
 .text.__sfmoreglue
                0x0000000008001880       0x2c c:/st/stm32cubeide_1.7.0/stm32cubeide/plugins/com.st.stm32cube.ide.mcu.externaltools.gnu-tools-for-stm32.9-2020-q2-update.win32_2.0.0.202105311346/tools/bin/../lib/gcc/arm-none-eabi/9.3.1/../../../../arm-none-eabi/lib/thumb/v7e-m+dp/hard\libc_nano.a(lib_a-findfp.o)
                0x0000000008001880                __sfmoreglue
 .text.__sfp_lock_acquire
                0x00000000080018ac        0xc c:/st/stm32cubeide_1.7.0/stm32cubeide/plugins/com.st.stm32cube.ide.mcu.externaltools.gnu-tools-for-stm32.9-2020-q2-update.win32_2.0.0.202105311346/tools/bin/../lib/gcc/arm-none-eabi/9.3.1/../../../../arm-none-eabi/lib/thumb/v7e-m+dp/hard\libc_nano.a(lib_a-findfp.o)
                0x00000000080018ac                __sfp_lock_acquire
 .text.__sfp_lock_release
                0x00000000080018b8        0xc c:/st/stm32cubeide_1.7.0/stm32cubeide/plugins/com.st.stm32cube.ide.mcu.externaltools.gnu-tools-for-stm32.9-2020-q2-update.win32_2.0.0.202105311346/tools/bin/../lib/gcc/arm-none-eabi/9.3.1/../../../../arm-none-eabi/lib/thumb/v7e-m+dp/hard\libc_nano.a(lib_a-findfp.o)
                0x00000000080018b8                __sfp_lock_release
 .text.__sinit_lock_acquire
                0x00000000080018c4        0xc c:/st/stm32cubeide_1.7.0/stm32cubeide/plugins/com.st.stm32cube.ide.mcu.externaltools.gnu-tools-for-stm32.9-2020-q2-update.win32_2.0.0.202105311346/tools/bin/../lib/gcc/arm-none-eabi/9.3.1/../../../../arm-none-eabi/lib/thumb/v7e-m+dp/hard\libc_nano.a(lib_a-findfp.o)
                0x00000000080018c4                __sinit_lock_acquire
 .text.__sinit_lock_release
                0x00000000080018d0        0xc c:/st/stm32cubeide_1.7.0/stm32cubeide/plugins/com.st.stm32cube.ide.mcu.externaltools.gnu-tools-for-stm32.9-2020-q2-update.win32_2.0.0.202105311346/tools/bin/../lib/gcc/arm-none-eabi/9.3.1/../../../../arm-none-eabi/lib/thumb/v7e-m+dp/hard\libc_nano.a(lib_a-findfp.o)
                0x00000000080018d0                __sinit_lock_release
 .text.__sinit  0x00000000080018dc       0x70 c:/st/stm32cubeide_1.7.0/stm32cubeide/plugins/com.st.stm32cube.ide.mcu.externaltools.gnu-tools-for-stm32.9-2020-q2-update.win32_2.0.0.202105311346/tools/bin/../lib/gcc/arm-none-eabi/9.3.1/../../../../arm-none-eabi/lib/thumb/v7e-m+dp/hard\libc_nano.a(lib_a-findfp.o)
                0x00000000080018dc                __sinit
 .text.__sfp    0x000000000800194c       0x8c c:/st/stm32cubeide_1.7.0/stm32cubeide/plugins/com.st.stm32cube.ide.mcu.externaltools.gnu-tools-for-stm32.9-2020-q2-update.win32_2.0.0.202105311346/tools/bin/../lib/gcc/arm-none-eabi/9.3.1/../../../../arm-none-eabi/lib/thumb/v7e-m+dp/hard\libc_nano.a(lib_a-findfp.o)
                0x000000000800194c                __sfp
 .text._fwalk_reent
                0x00000000080019d8       0x3e c:/st/stm32cubeide_1.7.0/stm32cubeide/plugins/com.st.stm32cube.ide.mcu.externaltools.gnu-tools-for-stm32.9-2020-q2-update.win32_2.0.0.202105311346/tools/bin/../lib/gcc/arm-none-eabi/9.3.1/../../../../arm-none-eabi/lib/thumb/v7e-m+dp/hard\libc_nano.a(lib_a-fwalk.o)
                0x00000000080019d8                _fwalk_reent
 .text.__retarget_lock_init_recursive
                0x0000000008001a16        0x2 c:/st/stm32cubeide_1.7.0/stm32cubeide/plugins/com.st.stm32cube.ide.mcu.externaltools.gnu-tools-for-stm32.9-2020-q2-update.win32_2.0.0.202105311346/tools/bin/../lib/gcc/arm-none-eabi/9.3.1/../../../../arm-none-eabi/lib/thumb/v7e-m+dp/hard\libc_nano.a(lib_a-lock.o)
                0x0000000008001a16                __retarget_lock_init_recursive
 .text.__retarget_lock_acquire_recursive
                0x0000000008001a18        0x2 c:/st/stm32cubeide_1.7.0/stm32cubeide/plugins/com.st.stm32cube.ide.mcu.externaltools.gnu-tools-for-stm32.9-2020-q2-update.win32_2.0.0.202105311346/tools/bin/../lib/gcc/arm-none-eabi/9.3.1/../../../../arm-none-eabi/lib/thumb/v7e-m+dp/hard\libc_nano.a(lib_a-lock.o)
                0x0000000008001a18                __retarget_lock_acquire_recursive
 .text.__retarget_lock_release_recursive
                0x0000000008001a1a        0x2 c:/st/stm32cubeide_1.7.0/stm32cubeide/plugins/com.st.stm32cube.ide.mcu.externaltools.gnu-tools-for-stm32.9-2020-q2-update.win32_2.0.0.202105311346/tools/bin/../lib/gcc/arm-none-eabi/9.3.1/../../../../arm-none-eabi/lib/thumb/v7e-m+dp/hard\libc_nano.a(lib_a-lock.o)
                0x0000000008001a1a                __retarget_lock_release_recursive
 .text.__swhatbuf_r
                0x0000000008001a1c       0x48 c:/st/stm32cubeide_1.7.0/stm32cubeide/plugins/com.st.stm32cube.ide.mcu.externaltools.gnu-tools-for-stm32.9-2020-q2-update.win32_2.0.0.202105311346/tools/bin/../lib/gcc/arm-none-eabi/9.3.1/../../../../arm-none-eabi/lib/thumb/v7e-m+dp/hard\libc_nano.a(lib_a-makebuf.o)
                0x0000000008001a1c                __swhatbuf_r
 .text.__smakebuf_r
                0x0000000008001a64       0x80 c:/st/stm32cubeide_1.7.0/stm32cubeide/plugins/com.st.stm32cube.ide.mcu.externaltools.gnu-tools-for-stm32.9-2020-q2-update.win32_2.0.0.202105311346/tools/bin/../lib/gcc/arm-none-eabi/9.3.1/../../../../arm-none-eabi/lib/thumb/v7e-m+dp/hard\libc_nano.a(lib_a-makebuf.o)
                0x0000000008001a64                __smakebuf_r
 .text._free_r  0x0000000008001ae4       0xa0 c:/st/stm32cubeide_1.7.0/stm32cubeide/plugins/com.st.stm32cube.ide.mcu.externaltools.gnu-tools-for-stm32.9-2020-q2-update.win32_2.0.0.202105311346/tools/bin/../lib/gcc/arm-none-eabi/9.3.1/../../../../arm-none-eabi/lib/thumb/v7e-m+dp/hard\libc_nano.a(lib_a-nano-freer.o)
                0x0000000008001ae4                _free_r
 .text._malloc_r
                0x0000000008001b84       0xb4 c:/st/stm32cubeide_1.7.0/stm32cubeide/plugins/com.st.stm32cube.ide.mcu.externaltools.gnu-tools-for-stm32.9-2020-q2-update.win32_2.0.0.202105311346/tools/bin/../lib/gcc/arm-none-eabi/9.3.1/../../../../arm-none-eabi/lib/thumb/v7e-m+dp/hard\libc_nano.a(lib_a-nano-mallocr.o)
                0x0000000008001b84                _malloc_r
 .text._sbrk_r  0x0000000008001c38       0x20 c:/st/stm32cubeide_1.7.0/stm32cubeide/plugins/com.st.stm32cube.ide.mcu.externaltools.gnu-tools-for-stm32.9-2020-q2-update.win32_2.0.0.202105311346/tools/bin/../lib/gcc/arm-none-eabi/9.3.1/../../../../arm-none-eabi/lib/thumb/v7e-m+dp/hard\libc_nano.a(lib_a-sbrkr.o)
                0x0000000008001c38                _sbrk_r
 .text.__sread  0x0000000008001c58       0x22 c:/st/stm32cubeide_1.7.0/stm32cubeide/plugins/com.st.stm32cube.ide.mcu.externaltools.gnu-tools-for-stm32.9-2020-q2-update.win32_2.0.0.202105311346/tools/bin/../lib/gcc/arm-none-eabi/9.3.1/../../../../arm-none-eabi/lib/thumb/v7e-m+dp/hard\libc_nano.a(lib_a-stdio.o)
                0x0000000008001c58                __sread
 .text.__swrite
                0x0000000008001c7a       0x38 c:/st/stm32cubeide_1.7.0/stm32cubeide/plugins/com.st.stm32cube.ide.mcu.externaltools.gnu-tools-for-stm32.9-2020-q2-update.win32_2.0.0.202105311346/tools/bin/../lib/gcc/arm-none-eabi/9.3.1/../../../../arm-none-eabi/lib/thumb/v7e-m+dp/hard\libc_nano.a(lib_a-stdio.o)
                0x0000000008001c7a                __swrite
 .text.__sseek  0x0000000008001cb2       0x24 c:/st/stm32cubeide_1.7.0/stm32cubeide/plugins/com.st.stm32cube.ide.mcu.externaltools.gnu-tools-for-stm32.9-2020-q2-update.win32_2.0.0.202105311346/tools/bin/../lib/gcc/arm-none-eabi/9.3.1/../../../../arm-none-eabi/lib/thumb/v7e-m+dp/hard\libc_nano.a(lib_a-stdio.o)
                0x0000000008001cb2                __sseek
 .text.__sclose
                0x0000000008001cd6        0x8 c:/st/stm32cubeide_1.7.0/stm32cubeide/plugins/com.st.stm32cube.ide.mcu.externaltools.gnu-tools-for-stm32.9-2020-q2-update.win32_2.0.0.202105311346/tools/bin/../lib/gcc/arm-none-eabi/9.3.1/../../../../arm-none-eabi/lib/thumb/v7e-m+dp/hard\libc_nano.a(lib_a-stdio.o)
                0x0000000008001cd6                __sclose
 *fill*         0x0000000008001cde        0x2 
 .text._write_r
                0x0000000008001ce0       0x24 c:/st/stm32cubeide_1.7.0/stm32cubeide/plugins/com.st.stm32cube.ide.mcu.externaltools.gnu-tools-for-stm32.9-2020-q2-update.win32_2.0.0.202105311346/tools/bin/../lib/gcc/arm-none-eabi/9.3.1/../../../../arm-none-eabi/lib/thumb/v7e-m+dp/hard\libc_nano.a(lib_a-writer.o)
                0x0000000008001ce0                _write_r
 .text._close_r
                0x0000000008001d04       0x20 c:/st/stm32cubeide_1.7.0/stm32cubeide/plugins/com.st.stm32cube.ide.mcu.externaltools.gnu-tools-for-stm32.9-2020-q2-update.win32_2.0.0.202105311346/tools/bin/../lib/gcc/arm-none-eabi/9.3.1/../../../../arm-none-eabi/lib/thumb/v7e-m+dp/hard\libc_nano.a(lib_a-closer.o)
                0x0000000008001d04                _close_r
 .text._fstat_r
                0x0000000008001d24       0x24 c:/st/stm32cubeide_1.7.0/stm32cubeide/plugins/com.st.stm32cube.ide.mcu.externaltools.gnu-tools-for-stm32.9-2020-q2-update.win32_2.0.0.202105311346/tools/bin/../lib/gcc/arm-none-eabi/9.3.1/../../../../arm-none-eabi/lib/thumb/v7e-m+dp/hard\libc_nano.a(lib_a-fstatr.o)
                0x0000000008001d24                _fstat_r
 .text._isatty_r
                0x0000000008001d48       0x20 c:/st/stm32cubeide_1.7.0/stm32cubeide/plugins/com.st.stm32cube.ide.mcu.externaltools.gnu-tools-for-stm32.9-2020-q2-update.win32_2.0.0.202105311346/tools/bin/../lib/gcc/arm-none-eabi/9.3.1/../../../../arm-none-eabi/lib/thumb/v7e-m+dp/hard\libc_nano.a(lib_a-isattyr.o)
                0x0000000008001d48                _isatty_r
 .text._lseek_r
                0x0000000008001d68       0x24 c:/st/stm32cubeide_1.7.0/stm32cubeide/plugins/com.st.stm32cube.ide.mcu.externaltools.gnu-tools-for-stm32.9-2020-q2-update.win32_2.0.0.202105311346/tools/bin/../lib/gcc/arm-none-eabi/9.3.1/../../../../arm-none-eabi/lib/thumb/v7e-m+dp/hard\libc_nano.a(lib_a-lseekr.o)
                0x0000000008001d68                _lseek_r
 .text.__malloc_lock
                0x0000000008001d8c        0xc c:/st/stm32cubeide_1.7.0/stm32cubeide/plugins/com.st.stm32cube.ide.mcu.externaltools.gnu-tools-for-stm32.9-2020-q2-update.win32_2.0.0.202105311346/tools/bin/../lib/gcc/arm-none-eabi/9.3.1/../../../../arm-none-eabi/lib/thumb/v7e-m+dp/hard\libc_nano.a(lib_a-mlock.o)
                0x0000000008001d8c                __malloc_lock
 .text.__malloc_unlock
                0x0000000008001d98        0xc c:/st/stm32cubeide_1.7.0/stm32cubeide/plugins/com.st.stm32cube.ide.mcu.externaltools.gnu-tools-for-stm32.9-2020-q2-update.win32_2.0.0.202105311346/tools/bin/../lib/gcc/arm-none-eabi/9.3.1/../../../../arm-none-eabi/lib/thumb/v7e-m+dp/hard\libc_nano.a(lib_a-mlock.o)
                0x0000000008001d98                __malloc_unlock
 .text._read_r  0x0000000008001da4       0x24 c:/st/stm32cubeide_1.7.0/stm32cubeide/plugins/com.st.stm32cube.ide.mcu.externaltools.gnu-tools-for-stm32.9-2020-q2-update.win32_2.0.0.202105311346/tools/bin/../lib/gcc/arm-none-eabi/9.3.1/../../../../arm-none-eabi/lib/thumb/v7e-m+dp/hard\libc_nano.a(lib_a-readr.o)
                0x0000000008001da4                _read_r
 *(.glue_7)
 .glue_7        0x0000000008001dc8        0x0 linker stubs
 *(.glue_7t)
 .glue_7t       0x0000000008001dc8        0x0 linker stubs
 *(.eh_frame)
 .eh_frame      0x0000000008001dc8        0x0 c:/st/stm32cubeide_1.7.0/stm32cubeide/plugins/com.st.stm32cube.ide.mcu.externaltools.gnu-tools-for-stm32.9-2020-q2-update.win32_2.0.0.202105311346/tools/bin/../lib/gcc/arm-none-eabi/9.3.1/thumb/v7e-m+dp/hard/crtbegin.o
 *(.init)
 .init          0x0000000008001dc8        0x4 c:/st/stm32cubeide_1.7.0/stm32cubeide/plugins/com.st.stm32cube.ide.mcu.externaltools.gnu-tools-for-stm32.9-2020-q2-update.win32_2.0.0.202105311346/tools/bin/../lib/gcc/arm-none-eabi/9.3.1/thumb/v7e-m+dp/hard/crti.o
                0x0000000008001dc8                _init
 .init          0x0000000008001dcc        0x8 c:/st/stm32cubeide_1.7.0/stm32cubeide/plugins/com.st.stm32cube.ide.mcu.externaltools.gnu-tools-for-stm32.9-2020-q2-update.win32_2.0.0.202105311346/tools/bin/../lib/gcc/arm-none-eabi/9.3.1/thumb/v7e-m+dp/hard/crtn.o
 *(.fini)
 .fini          0x0000000008001dd4        0x4 c:/st/stm32cubeide_1.7.0/stm32cubeide/plugins/com.st.stm32cube.ide.mcu.externaltools.gnu-tools-for-stm32.9-2020-q2-update.win32_2.0.0.202105311346/tools/bin/../lib/gcc/arm-none-eabi/9.3.1/thumb/v7e-m+dp/hard/crti.o
                0x0000000008001dd4                _fini
 .fini          0x0000000008001dd8        0x8 c:/st/stm32cubeide_1.7.0/stm32cubeide/plugins/com.st.stm32cube.ide.mcu.externaltools.gnu-tools-for-stm32.9-2020-q2-update.win32_2.0.0.202105311346/tools/bin/../lib/gcc/arm-none-eabi/9.3.1/thumb/v7e-m+dp/hard/crtn.o
                0x0000000008001de0                . = ALIGN (0x4)
                0x0000000008001de0                _etext = .

.vfp11_veneer   0x0000000008001de0        0x0
 .vfp11_veneer  0x0000000008001de0        0x0 linker stubs

.v4_bx          0x0000000008001de0        0x0
 .v4_bx         0x0000000008001de0        0x0 linker stubs

.iplt           0x0000000008001de0        0x0
 .iplt          0x0000000008001de0        0x0 c:/st/stm32cubeide_1.7.0/stm32cubeide/plugins/com.st.stm32cube.ide.mcu.externaltools.gnu-tools-for-stm32.9-2020-q2-update.win32_2.0.0.202105311346/tools/bin/../lib/gcc/arm-none-eabi/9.3.1/thumb/v7e-m+dp/hard/crtbegin.o

.rodata         0x0000000008001de0       0x88
                0x0000000008001de0                . = ALIGN (0x4)
 *(.rodata)
 *(.rodata*)
 .rodata.D1CorePrescTable
                0x0000000008001de0       0x10 ./Core/Src/system_stm32h7xx.o
                0x0000000008001de0                D1CorePrescTable
 .rodata.Test_printf.str1.4
                0x0000000008001df0       0x12 ./Core/Src/testfunktionen.o
 *fill*         0x0000000008001e02        0x2 
 .rodata._global_impure_ptr
                0x0000000008001e04        0x4 c:/st/stm32cubeide_1.7.0/stm32cubeide/plugins/com.st.stm32cube.ide.mcu.externaltools.gnu-tools-for-stm32.9-2020-q2-update.win32_2.0.0.202105311346/tools/bin/../lib/gcc/arm-none-eabi/9.3.1/../../../../arm-none-eabi/lib/thumb/v7e-m+dp/hard\libc_nano.a(lib_a-impure.o)
                0x0000000008001e04                _global_impure_ptr
 .rodata.__sf_fake_stderr
                0x0000000008001e08       0x20 c:/st/stm32cubeide_1.7.0/stm32cubeide/plugins/com.st.stm32cube.ide.mcu.externaltools.gnu-tools-for-stm32.9-2020-q2-update.win32_2.0.0.202105311346/tools/bin/../lib/gcc/arm-none-eabi/9.3.1/../../../../arm-none-eabi/lib/thumb/v7e-m+dp/hard\libc_nano.a(lib_a-findfp.o)
                0x0000000008001e08                __sf_fake_stderr
 .rodata.__sf_fake_stdin
                0x0000000008001e28       0x20 c:/st/stm32cubeide_1.7.0/stm32cubeide/plugins/com.st.stm32cube.ide.mcu.externaltools.gnu-tools-for-stm32.9-2020-q2-update.win32_2.0.0.202105311346/tools/bin/../lib/gcc/arm-none-eabi/9.3.1/../../../../arm-none-eabi/lib/thumb/v7e-m+dp/hard\libc_nano.a(lib_a-findfp.o)
                0x0000000008001e28                __sf_fake_stdin
 .rodata.__sf_fake_stdout
                0x0000000008001e48       0x20 c:/st/stm32cubeide_1.7.0/stm32cubeide/plugins/com.st.stm32cube.ide.mcu.externaltools.gnu-tools-for-stm32.9-2020-q2-update.win32_2.0.0.202105311346/tools/bin/../lib/gcc/arm-none-eabi/9.3.1/../../../../arm-none-eabi/lib/thumb/v7e-m+dp/hard\libc_nano.a(lib_a-findfp.o)
                0x0000000008001e48                __sf_fake_stdout
                0x0000000008001e68                . = ALIGN (0x4)

.rel.dyn        0x0000000008001e68        0x0
 .rel.iplt      0x0000000008001e68        0x0 c:/st/stm32cubeide_1.7.0/stm32cubeide/plugins/com.st.stm32cube.ide.mcu.externaltools.gnu-tools-for-stm32.9-2020-q2-update.win32_2.0.0.202105311346/tools/bin/../lib/gcc/arm-none-eabi/9.3.1/thumb/v7e-m+dp/hard/crtbegin.o

.ARM.extab
 *(.ARM.extab* .gnu.linkonce.armextab.*)

.ARM            0x0000000008001e68        0x0
                0x0000000008001e68                __exidx_start = .
 *(.ARM.exidx*)
                0x0000000008001e68                __exidx_end = .

.preinit_array  0x0000000008001e68        0x0
                0x0000000008001e68                PROVIDE (__preinit_array_start = .)
 *(.preinit_array*)
                0x0000000008001e68                PROVIDE (__preinit_array_end = .)

.init_array     0x0000000008001e68        0x4
                0x0000000008001e68                PROVIDE (__init_array_start = .)
 *(SORT_BY_NAME(.init_array.*))
 *(.init_array*)
 .init_array    0x0000000008001e68        0x4 c:/st/stm32cubeide_1.7.0/stm32cubeide/plugins/com.st.stm32cube.ide.mcu.externaltools.gnu-tools-for-stm32.9-2020-q2-update.win32_2.0.0.202105311346/tools/bin/../lib/gcc/arm-none-eabi/9.3.1/thumb/v7e-m+dp/hard/crtbegin.o
                0x0000000008001e6c                PROVIDE (__init_array_end = .)

.fini_array     0x0000000008001e6c        0x4
                [!provide]                        PROVIDE (__fini_array_start = .)
 *(SORT_BY_NAME(.fini_array.*))
 *(.fini_array*)
 .fini_array    0x0000000008001e6c        0x4 c:/st/stm32cubeide_1.7.0/stm32cubeide/plugins/com.st.stm32cube.ide.mcu.externaltools.gnu-tools-for-stm32.9-2020-q2-update.win32_2.0.0.202105311346/tools/bin/../lib/gcc/arm-none-eabi/9.3.1/thumb/v7e-m+dp/hard/crtbegin.o
                [!provide]                        PROVIDE (__fini_array_end = .)
                0x0000000008001e70                _sidata = LOADADDR (.data)

.data           0x0000000024000000       0x74 load address 0x0000000008001e70
                0x0000000024000000                . = ALIGN (0x4)
                0x0000000024000000                _sdata = .
 *(.data)
 *(.data*)
 .data.SystemCoreClock
                0x0000000024000000        0x4 ./Core/Src/system_stm32h7xx.o
                0x0000000024000000                SystemCoreClock
 .data.SystemD2Clock
                0x0000000024000004        0x4 ./Core/Src/system_stm32h7xx.o
                0x0000000024000004                SystemD2Clock
 .data.uwTickFreq
                0x0000000024000008        0x1 ./Drivers/STM32H7xx_HAL_Driver/Src/stm32h7xx_hal.o
                0x0000000024000008                uwTickFreq
 *fill*         0x0000000024000009        0x3 
 .data.uwTickPrio
                0x000000002400000c        0x4 ./Drivers/STM32H7xx_HAL_Driver/Src/stm32h7xx_hal.o
                0x000000002400000c                uwTickPrio
 .data._impure_ptr
                0x0000000024000010        0x4 c:/st/stm32cubeide_1.7.0/stm32cubeide/plugins/com.st.stm32cube.ide.mcu.externaltools.gnu-tools-for-stm32.9-2020-q2-update.win32_2.0.0.202105311346/tools/bin/../lib/gcc/arm-none-eabi/9.3.1/../../../../arm-none-eabi/lib/thumb/v7e-m+dp/hard\libc_nano.a(lib_a-impure.o)
                0x0000000024000010                _impure_ptr
 .data.impure_data
                0x0000000024000014       0x60 c:/st/stm32cubeide_1.7.0/stm32cubeide/plugins/com.st.stm32cube.ide.mcu.externaltools.gnu-tools-for-stm32.9-2020-q2-update.win32_2.0.0.202105311346/tools/bin/../lib/gcc/arm-none-eabi/9.3.1/../../../../arm-none-eabi/lib/thumb/v7e-m+dp/hard\libc_nano.a(lib_a-impure.o)
 *(.RamFunc)
 *(.RamFunc*)
                0x0000000024000074                . = ALIGN (0x4)
                0x0000000024000074                _edata = .

.igot.plt       0x0000000024000074        0x0 load address 0x0000000008001ee4
 .igot.plt      0x0000000024000074        0x0 c:/st/stm32cubeide_1.7.0/stm32cubeide/plugins/com.st.stm32cube.ide.mcu.externaltools.gnu-tools-for-stm32.9-2020-q2-update.win32_2.0.0.202105311346/tools/bin/../lib/gcc/arm-none-eabi/9.3.1/thumb/v7e-m+dp/hard/crtbegin.o
                0x0000000024000074                . = ALIGN (0x4)

.bss            0x0000000024000074       0x3c load address 0x0000000008001ee4
                0x0000000024000074                _sbss = .
                0x0000000024000074                __bss_start__ = _sbss
 *(.bss)
 .bss           0x0000000024000074       0x1c c:/st/stm32cubeide_1.7.0/stm32cubeide/plugins/com.st.stm32cube.ide.mcu.externaltools.gnu-tools-for-stm32.9-2020-q2-update.win32_2.0.0.202105311346/tools/bin/../lib/gcc/arm-none-eabi/9.3.1/thumb/v7e-m+dp/hard/crtbegin.o
 *(.bss*)
 .bss.__sbrk_heap_end
                0x0000000024000090        0x4 ./Core/Src/sysmem.o
 .bss.__malloc_free_list
                0x0000000024000094        0x4 c:/st/stm32cubeide_1.7.0/stm32cubeide/plugins/com.st.stm32cube.ide.mcu.externaltools.gnu-tools-for-stm32.9-2020-q2-update.win32_2.0.0.202105311346/tools/bin/../lib/gcc/arm-none-eabi/9.3.1/../../../../arm-none-eabi/lib/thumb/v7e-m+dp/hard\libc_nano.a(lib_a-nano-mallocr.o)
                0x0000000024000094                __malloc_free_list
 .bss.__malloc_sbrk_start
                0x0000000024000098        0x4 c:/st/stm32cubeide_1.7.0/stm32cubeide/plugins/com.st.stm32cube.ide.mcu.externaltools.gnu-tools-for-stm32.9-2020-q2-update.win32_2.0.0.202105311346/tools/bin/../lib/gcc/arm-none-eabi/9.3.1/../../../../arm-none-eabi/lib/thumb/v7e-m+dp/hard\libc_nano.a(lib_a-nano-mallocr.o)
                0x0000000024000098                __malloc_sbrk_start
 *(COMMON)
 COMMON         0x000000002400009c        0x4 ./Drivers/STM32H7xx_HAL_Driver/Src/stm32h7xx_hal.o
                0x000000002400009c                uwTick
 COMMON         0x00000000240000a0        0x9 c:/st/stm32cubeide_1.7.0/stm32cubeide/plugins/com.st.stm32cube.ide.mcu.externaltools.gnu-tools-for-stm32.9-2020-q2-update.win32_2.0.0.202105311346/tools/bin/../lib/gcc/arm-none-eabi/9.3.1/../../../../arm-none-eabi/lib/thumb/v7e-m+dp/hard\libc_nano.a(lib_a-lock.o)
                0x00000000240000a0                __lock___atexit_recursive_mutex
                0x00000000240000a1                __lock___arc4random_mutex
                0x00000000240000a2                __lock___env_recursive_mutex
                0x00000000240000a3                __lock___sinit_recursive_mutex
                0x00000000240000a4                __lock___malloc_recursive_mutex
                0x00000000240000a5                __lock___at_quick_exit_mutex
                0x00000000240000a6                __lock___dd_hash_mutex
                0x00000000240000a7                __lock___tz_mutex
                0x00000000240000a8                __lock___sfp_recursive_mutex
 *fill*         0x00000000240000a9        0x3 
 COMMON         0x00000000240000ac        0x4 c:/st/stm32cubeide_1.7.0/stm32cubeide/plugins/com.st.stm32cube.ide.mcu.externaltools.gnu-tools-for-stm32.9-2020-q2-update.win32_2.0.0.202105311346/tools/bin/../lib/gcc/arm-none-eabi/9.3.1/../../../../arm-none-eabi/lib/thumb/v7e-m+dp/hard\libc_nano.a(lib_a-reent.o)
                0x00000000240000ac                errno
                0x00000000240000b0                . = ALIGN (0x4)
                0x00000000240000b0                _ebss = .
                0x00000000240000b0                __bss_end__ = _ebss

._user_heap_stack
                0x00000000240000b0      0x600 load address 0x0000000008001ee4
                0x00000000240000b0                . = ALIGN (0x8)
                [!provide]                        PROVIDE (end = .)
                0x00000000240000b0                PROVIDE (_end = .)
                0x00000000240002b0                . = (. + _Min_Heap_Size)
 *fill*         0x00000000240000b0      0x200 
                0x00000000240006b0                . = (. + _Min_Stack_Size)
 *fill*         0x00000000240002b0      0x400 
                0x00000000240006b0                . = ALIGN (0x8)

/DISCARD/
 libc.a(*)
 libm.a(*)
 libgcc.a(*)

.ARM.attributes
                0x0000000000000000       0x2e
 *(.ARM.attributes)
 .ARM.attributes
                0x0000000000000000       0x1e c:/st/stm32cubeide_1.7.0/stm32cubeide/plugins/com.st.stm32cube.ide.mcu.externaltools.gnu-tools-for-stm32.9-2020-q2-update.win32_2.0.0.202105311346/tools/bin/../lib/gcc/arm-none-eabi/9.3.1/thumb/v7e-m+dp/hard/crti.o
 .ARM.attributes
                0x000000000000001e       0x32 c:/st/stm32cubeide_1.7.0/stm32cubeide/plugins/com.st.stm32cube.ide.mcu.externaltools.gnu-tools-for-stm32.9-2020-q2-update.win32_2.0.0.202105311346/tools/bin/../lib/gcc/arm-none-eabi/9.3.1/thumb/v7e-m+dp/hard/crtbegin.o
 .ARM.attributes
                0x0000000000000050       0x2e ./Core/Src/main.o
 .ARM.attributes
                0x000000000000007e       0x2e ./Core/Src/stm32h7xx_hal_msp.o
 .ARM.attributes
                0x00000000000000ac       0x2e ./Core/Src/stm32h7xx_it.o
 .ARM.attributes
                0x00000000000000da       0x2e ./Core/Src/syscalls.o
 .ARM.attributes
                0x0000000000000108       0x2e ./Core/Src/sysmem.o
 .ARM.attributes
                0x0000000000000136       0x2e ./Core/Src/system_stm32h7xx.o
 .ARM.attributes
                0x0000000000000164       0x2e ./Core/Src/testfunktionen.o
 .ARM.attributes
                0x0000000000000192       0x21 ./Core/Startup/startup_stm32h743zitx.o
 .ARM.attributes
                0x00000000000001b3       0x2e ./Drivers/STM32H7xx_HAL_Driver/Src/stm32h7xx_hal.o
 .ARM.attributes
                0x00000000000001e1       0x2e ./Drivers/STM32H7xx_HAL_Driver/Src/stm32h7xx_hal_cortex.o
 .ARM.attributes
                0x000000000000020f       0x2e ./Drivers/STM32H7xx_HAL_Driver/Src/stm32h7xx_hal_gpio.o
 .ARM.attributes
                0x000000000000023d       0x2e ./Drivers/STM32H7xx_HAL_Driver/Src/stm32h7xx_hal_pwr_ex.o
 .ARM.attributes
                0x000000000000026b       0x2e ./Drivers/STM32H7xx_HAL_Driver/Src/stm32h7xx_hal_rcc.o
 .ARM.attributes
                0x0000000000000299       0x32 c:/st/stm32cubeide_1.7.0/stm32cubeide/plugins/com.st.stm32cube.ide.mcu.externaltools.gnu-tools-for-stm32.9-2020-q2-update.win32_2.0.0.202105311346/tools/bin/../lib/gcc/arm-none-eabi/9.3.1/../../../../arm-none-eabi/lib/thumb/v7e-m+dp/hard\libc_nano.a(lib_a-errno.o)
 .ARM.attributes
                0x00000000000002cb       0x30 c:/st/stm32cubeide_1.7.0/stm32cubeide/plugins/com.st.stm32cube.ide.mcu.externaltools.gnu-tools-for-stm32.9-2020-q2-update.win32_2.0.0.202105311346/tools/bin/../lib/gcc/arm-none-eabi/9.3.1/../../../../arm-none-eabi/lib/thumb/v7e-m+dp/hard\libc_nano.a(lib_a-impure.o)
 .ARM.attributes
                0x00000000000002fb       0x32 c:/st/stm32cubeide_1.7.0/stm32cubeide/plugins/com.st.stm32cube.ide.mcu.externaltools.gnu-tools-for-stm32.9-2020-q2-update.win32_2.0.0.202105311346/tools/bin/../lib/gcc/arm-none-eabi/9.3.1/../../../../arm-none-eabi/lib/thumb/v7e-m+dp/hard\libc_nano.a(lib_a-init.o)
 .ARM.attributes
                0x000000000000032d       0x32 c:/st/stm32cubeide_1.7.0/stm32cubeide/plugins/com.st.stm32cube.ide.mcu.externaltools.gnu-tools-for-stm32.9-2020-q2-update.win32_2.0.0.202105311346/tools/bin/../lib/gcc/arm-none-eabi/9.3.1/../../../../arm-none-eabi/lib/thumb/v7e-m+dp/hard\libc_nano.a(lib_a-memset.o)
 .ARM.attributes
                0x000000000000035f       0x32 c:/st/stm32cubeide_1.7.0/stm32cubeide/plugins/com.st.stm32cube.ide.mcu.externaltools.gnu-tools-for-stm32.9-2020-q2-update.win32_2.0.0.202105311346/tools/bin/../lib/gcc/arm-none-eabi/9.3.1/../../../../arm-none-eabi/lib/thumb/v7e-m+dp/hard\libc_nano.a(lib_a-puts.o)
 .ARM.attributes
                0x0000000000000391       0x32 c:/st/stm32cubeide_1.7.0/stm32cubeide/plugins/com.st.stm32cube.ide.mcu.externaltools.gnu-tools-for-stm32.9-2020-q2-update.win32_2.0.0.202105311346/tools/bin/../lib/gcc/arm-none-eabi/9.3.1/../../../../arm-none-eabi/lib/thumb/v7e-m+dp/hard\libc_nano.a(lib_a-wbuf.o)
 .ARM.attributes
                0x00000000000003c3       0x32 c:/st/stm32cubeide_1.7.0/stm32cubeide/plugins/com.st.stm32cube.ide.mcu.externaltools.gnu-tools-for-stm32.9-2020-q2-update.win32_2.0.0.202105311346/tools/bin/../lib/gcc/arm-none-eabi/9.3.1/../../../../arm-none-eabi/lib/thumb/v7e-m+dp/hard\libc_nano.a(lib_a-wsetup.o)
 .ARM.attributes
                0x00000000000003f5       0x32 c:/st/stm32cubeide_1.7.0/stm32cubeide/plugins/com.st.stm32cube.ide.mcu.externaltools.gnu-tools-for-stm32.9-2020-q2-update.win32_2.0.0.202105311346/tools/bin/../lib/gcc/arm-none-eabi/9.3.1/../../../../arm-none-eabi/lib/thumb/v7e-m+dp/hard\libc_nano.a(lib_a-fflush.o)
 .ARM.attributes
                0x0000000000000427       0x32 c:/st/stm32cubeide_1.7.0/stm32cubeide/plugins/com.st.stm32cube.ide.mcu.externaltools.gnu-tools-for-stm32.9-2020-q2-update.win32_2.0.0.202105311346/tools/bin/../lib/gcc/arm-none-eabi/9.3.1/../../../../arm-none-eabi/lib/thumb/v7e-m+dp/hard\libc_nano.a(lib_a-findfp.o)
 .ARM.attributes
                0x0000000000000459       0x32 c:/st/stm32cubeide_1.7.0/stm32cubeide/plugins/com.st.stm32cube.ide.mcu.externaltools.gnu-tools-for-stm32.9-2020-q2-update.win32_2.0.0.202105311346/tools/bin/../lib/gcc/arm-none-eabi/9.3.1/../../../../arm-none-eabi/lib/thumb/v7e-m+dp/hard\libc_nano.a(lib_a-fwalk.o)
 .ARM.attributes
                0x000000000000048b       0x32 c:/st/stm32cubeide_1.7.0/stm32cubeide/plugins/com.st.stm32cube.ide.mcu.externaltools.gnu-tools-for-stm32.9-2020-q2-update.win32_2.0.0.202105311346/tools/bin/../lib/gcc/arm-none-eabi/9.3.1/../../../../arm-none-eabi/lib/thumb/v7e-m+dp/hard\libc_nano.a(lib_a-lock.o)
 .ARM.attributes
                0x00000000000004bd       0x32 c:/st/stm32cubeide_1.7.0/stm32cubeide/plugins/com.st.stm32cube.ide.mcu.externaltools.gnu-tools-for-stm32.9-2020-q2-update.win32_2.0.0.202105311346/tools/bin/../lib/gcc/arm-none-eabi/9.3.1/../../../../arm-none-eabi/lib/thumb/v7e-m+dp/hard\libc_nano.a(lib_a-makebuf.o)
 .ARM.attributes
                0x00000000000004ef       0x32 c:/st/stm32cubeide_1.7.0/stm32cubeide/plugins/com.st.stm32cube.ide.mcu.externaltools.gnu-tools-for-stm32.9-2020-q2-update.win32_2.0.0.202105311346/tools/bin/../lib/gcc/arm-none-eabi/9.3.1/../../../../arm-none-eabi/lib/thumb/v7e-m+dp/hard\libc_nano.a(lib_a-nano-freer.o)
 .ARM.attributes
                0x0000000000000521       0x32 c:/st/stm32cubeide_1.7.0/stm32cubeide/plugins/com.st.stm32cube.ide.mcu.externaltools.gnu-tools-for-stm32.9-2020-q2-update.win32_2.0.0.202105311346/tools/bin/../lib/gcc/arm-none-eabi/9.3.1/../../../../arm-none-eabi/lib/thumb/v7e-m+dp/hard\libc_nano.a(lib_a-nano-mallocr.o)
 .ARM.attributes
                0x0000000000000553       0x32 c:/st/stm32cubeide_1.7.0/stm32cubeide/plugins/com.st.stm32cube.ide.mcu.externaltools.gnu-tools-for-stm32.9-2020-q2-update.win32_2.0.0.202105311346/tools/bin/../lib/gcc/arm-none-eabi/9.3.1/../../../../arm-none-eabi/lib/thumb/v7e-m+dp/hard\libc_nano.a(lib_a-sbrkr.o)
 .ARM.attributes
                0x0000000000000585       0x32 c:/st/stm32cubeide_1.7.0/stm32cubeide/plugins/com.st.stm32cube.ide.mcu.externaltools.gnu-tools-for-stm32.9-2020-q2-update.win32_2.0.0.202105311346/tools/bin/../lib/gcc/arm-none-eabi/9.3.1/../../../../arm-none-eabi/lib/thumb/v7e-m+dp/hard\libc_nano.a(lib_a-stdio.o)
 .ARM.attributes
                0x00000000000005b7       0x32 c:/st/stm32cubeide_1.7.0/stm32cubeide/plugins/com.st.stm32cube.ide.mcu.externaltools.gnu-tools-for-stm32.9-2020-q2-update.win32_2.0.0.202105311346/tools/bin/../lib/gcc/arm-none-eabi/9.3.1/../../../../arm-none-eabi/lib/thumb/v7e-m+dp/hard\libc_nano.a(lib_a-writer.o)
 .ARM.attributes
                0x00000000000005e9       0x32 c:/st/stm32cubeide_1.7.0/stm32cubeide/plugins/com.st.stm32cube.ide.mcu.externaltools.gnu-tools-for-stm32.9-2020-q2-update.win32_2.0.0.202105311346/tools/bin/../lib/gcc/arm-none-eabi/9.3.1/../../../../arm-none-eabi/lib/thumb/v7e-m+dp/hard\libc_nano.a(lib_a-closer.o)
 .ARM.attributes
                0x000000000000061b       0x32 c:/st/stm32cubeide_1.7.0/stm32cubeide/plugins/com.st.stm32cube.ide.mcu.externaltools.gnu-tools-for-stm32.9-2020-q2-update.win32_2.0.0.202105311346/tools/bin/../lib/gcc/arm-none-eabi/9.3.1/../../../../arm-none-eabi/lib/thumb/v7e-m+dp/hard\libc_nano.a(lib_a-fstatr.o)
 .ARM.attributes
                0x000000000000064d       0x32 c:/st/stm32cubeide_1.7.0/stm32cubeide/plugins/com.st.stm32cube.ide.mcu.externaltools.gnu-tools-for-stm32.9-2020-q2-update.win32_2.0.0.202105311346/tools/bin/../lib/gcc/arm-none-eabi/9.3.1/../../../../arm-none-eabi/lib/thumb/v7e-m+dp/hard\libc_nano.a(lib_a-isattyr.o)
 .ARM.attributes
                0x000000000000067f       0x32 c:/st/stm32cubeide_1.7.0/stm32cubeide/plugins/com.st.stm32cube.ide.mcu.externaltools.gnu-tools-for-stm32.9-2020-q2-update.win32_2.0.0.202105311346/tools/bin/../lib/gcc/arm-none-eabi/9.3.1/../../../../arm-none-eabi/lib/thumb/v7e-m+dp/hard\libc_nano.a(lib_a-lseekr.o)
 .ARM.attributes
                0x00000000000006b1       0x32 c:/st/stm32cubeide_1.7.0/stm32cubeide/plugins/com.st.stm32cube.ide.mcu.externaltools.gnu-tools-for-stm32.9-2020-q2-update.win32_2.0.0.202105311346/tools/bin/../lib/gcc/arm-none-eabi/9.3.1/../../../../arm-none-eabi/lib/thumb/v7e-m+dp/hard\libc_nano.a(lib_a-mlock.o)
 .ARM.attributes
                0x00000000000006e3       0x32 c:/st/stm32cubeide_1.7.0/stm32cubeide/plugins/com.st.stm32cube.ide.mcu.externaltools.gnu-tools-for-stm32.9-2020-q2-update.win32_2.0.0.202105311346/tools/bin/../lib/gcc/arm-none-eabi/9.3.1/../../../../arm-none-eabi/lib/thumb/v7e-m+dp/hard\libc_nano.a(lib_a-readr.o)
 .ARM.attributes
                0x0000000000000715       0x32 c:/st/stm32cubeide_1.7.0/stm32cubeide/plugins/com.st.stm32cube.ide.mcu.externaltools.gnu-tools-for-stm32.9-2020-q2-update.win32_2.0.0.202105311346/tools/bin/../lib/gcc/arm-none-eabi/9.3.1/../../../../arm-none-eabi/lib/thumb/v7e-m+dp/hard\libc_nano.a(lib_a-reent.o)
 .ARM.attributes
                0x0000000000000747       0x1e c:/st/stm32cubeide_1.7.0/stm32cubeide/plugins/com.st.stm32cube.ide.mcu.externaltools.gnu-tools-for-stm32.9-2020-q2-update.win32_2.0.0.202105311346/tools/bin/../lib/gcc/arm-none-eabi/9.3.1/thumb/v7e-m+dp/hard/crtn.o
OUTPUT(Compiler Haupttests STM32H743ZI.elf elf32-littlearm)
LOAD linker stubs
LOAD c:/st/stm32cubeide_1.7.0/stm32cubeide/plugins/com.st.stm32cube.ide.mcu.externaltools.gnu-tools-for-stm32.9-2020-q2-update.win32_2.0.0.202105311346/tools/bin/../lib/gcc/arm-none-eabi/9.3.1/../../../../arm-none-eabi/lib/thumb/v7e-m+dp/hard\libc.a
LOAD c:/st/stm32cubeide_1.7.0/stm32cubeide/plugins/com.st.stm32cube.ide.mcu.externaltools.gnu-tools-for-stm32.9-2020-q2-update.win32_2.0.0.202105311346/tools/bin/../lib/gcc/arm-none-eabi/9.3.1/../../../../arm-none-eabi/lib/thumb/v7e-m+dp/hard\libm.a
LOAD c:/st/stm32cubeide_1.7.0/stm32cubeide/plugins/com.st.stm32cube.ide.mcu.externaltools.gnu-tools-for-stm32.9-2020-q2-update.win32_2.0.0.202105311346/tools/bin/../lib/gcc/arm-none-eabi/9.3.1/thumb/v7e-m+dp/hard\libgcc.a

.debug_info     0x0000000000000000    0x10468
 .debug_info    0x0000000000000000     0x17cd ./Core/Src/main.o
 .debug_info    0x00000000000017cd      0xf37 ./Core/Src/stm32h7xx_hal_msp.o
 .debug_info    0x0000000000002704      0xbef ./Core/Src/stm32h7xx_it.o
 .debug_info    0x00000000000032f3     0x10ce ./Core/Src/syscalls.o
 .debug_info    0x00000000000043c1      0xa4e ./Core/Src/sysmem.o
 .debug_info    0x0000000000004e0f     0x1775 ./Core/Src/system_stm32h7xx.o
 .debug_info    0x0000000000006584      0xc88 ./Core/Src/testfunktionen.o
 .debug_info    0x000000000000720c       0x22 ./Core/Startup/startup_stm32h743zitx.o
 .debug_info    0x000000000000722e     0x20fb ./Drivers/STM32H7xx_HAL_Driver/Src/stm32h7xx_hal.o
 .debug_info    0x0000000000009329     0x1e4d ./Drivers/STM32H7xx_HAL_Driver/Src/stm32h7xx_hal_cortex.o
 .debug_info    0x000000000000b176     0x17fd ./Drivers/STM32H7xx_HAL_Driver/Src/stm32h7xx_hal_gpio.o
 .debug_info    0x000000000000c973     0x1c91 ./Drivers/STM32H7xx_HAL_Driver/Src/stm32h7xx_hal_pwr_ex.o
 .debug_info    0x000000000000e604     0x1e64 ./Drivers/STM32H7xx_HAL_Driver/Src/stm32h7xx_hal_rcc.o

.debug_abbrev   0x0000000000000000     0x24a1
 .debug_abbrev  0x0000000000000000      0x378 ./Core/Src/main.o
 .debug_abbrev  0x0000000000000378      0x20d ./Core/Src/stm32h7xx_hal_msp.o
 .debug_abbrev  0x0000000000000585      0x246 ./Core/Src/stm32h7xx_it.o
 .debug_abbrev  0x00000000000007cb      0x2ea ./Core/Src/syscalls.o
 .debug_abbrev  0x0000000000000ab5      0x1f4 ./Core/Src/sysmem.o
 .debug_abbrev  0x0000000000000ca9      0x268 ./Core/Src/system_stm32h7xx.o
 .debug_abbrev  0x0000000000000f11      0x2fb ./Core/Src/testfunktionen.o
 .debug_abbrev  0x000000000000120c       0x12 ./Core/Startup/startup_stm32h743zitx.o
 .debug_abbrev  0x000000000000121e      0x3b7 ./Drivers/STM32H7xx_HAL_Driver/Src/stm32h7xx_hal.o
 .debug_abbrev  0x00000000000015d5      0x456 ./Drivers/STM32H7xx_HAL_Driver/Src/stm32h7xx_hal_cortex.o
 .debug_abbrev  0x0000000000001a2b      0x319 ./Drivers/STM32H7xx_HAL_Driver/Src/stm32h7xx_hal_gpio.o
 .debug_abbrev  0x0000000000001d44      0x3d3 ./Drivers/STM32H7xx_HAL_Driver/Src/stm32h7xx_hal_pwr_ex.o
 .debug_abbrev  0x0000000000002117      0x38a ./Drivers/STM32H7xx_HAL_Driver/Src/stm32h7xx_hal_rcc.o

.debug_loc      0x0000000000000000     0x2bf5
 .debug_loc     0x0000000000000000       0x16 ./Core/Src/main.o
 .debug_loc     0x0000000000000016      0x3bb ./Core/Src/syscalls.o
 .debug_loc     0x00000000000003d1       0x7d ./Core/Src/sysmem.o
 .debug_loc     0x000000000000044e      0x1a2 ./Core/Src/system_stm32h7xx.o
 .debug_loc     0x00000000000005f0      0x475 ./Core/Src/testfunktionen.o
 .debug_loc     0x0000000000000a65      0x5d9 ./Drivers/STM32H7xx_HAL_Driver/Src/stm32h7xx_hal.o
 .debug_loc     0x000000000000103e      0x786 ./Drivers/STM32H7xx_HAL_Driver/Src/stm32h7xx_hal_cortex.o
 .debug_loc     0x00000000000017c4      0x4ad ./Drivers/STM32H7xx_HAL_Driver/Src/stm32h7xx_hal_gpio.o
 .debug_loc     0x0000000000001c71      0x51c ./Drivers/STM32H7xx_HAL_Driver/Src/stm32h7xx_hal_pwr_ex.o
 .debug_loc     0x000000000000218d      0xa68 ./Drivers/STM32H7xx_HAL_Driver/Src/stm32h7xx_hal_rcc.o

.debug_aranges  0x0000000000000000      0x660
 .debug_aranges
                0x0000000000000000       0x30 ./Core/Src/main.o
 .debug_aranges
                0x0000000000000030       0x20 ./Core/Src/stm32h7xx_hal_msp.o
 .debug_aranges
                0x0000000000000050       0x50 ./Core/Src/stm32h7xx_it.o
 .debug_aranges
                0x00000000000000a0       0xa8 ./Core/Src/syscalls.o
 .debug_aranges
                0x0000000000000148       0x20 ./Core/Src/sysmem.o
 .debug_aranges
                0x0000000000000168       0x28 ./Core/Src/system_stm32h7xx.o
 .debug_aranges
                0x0000000000000190       0x58 ./Core/Src/testfunktionen.o
 .debug_aranges
                0x00000000000001e8       0x28 ./Core/Startup/startup_stm32h743zitx.o
 .debug_aranges
                0x0000000000000210      0x190 ./Drivers/STM32H7xx_HAL_Driver/Src/stm32h7xx_hal.o
 .debug_aranges
                0x00000000000003a0       0xb0 ./Drivers/STM32H7xx_HAL_Driver/Src/stm32h7xx_hal_cortex.o
 .debug_aranges
                0x0000000000000450       0x58 ./Drivers/STM32H7xx_HAL_Driver/Src/stm32h7xx_hal_gpio.o
 .debug_aranges
                0x00000000000004a8      0x128 ./Drivers/STM32H7xx_HAL_Driver/Src/stm32h7xx_hal_pwr_ex.o
 .debug_aranges
                0x00000000000005d0       0x90 ./Drivers/STM32H7xx_HAL_Driver/Src/stm32h7xx_hal_rcc.o

.debug_ranges   0x0000000000000000      0xa08
 .debug_ranges  0x0000000000000000       0xb8 ./Core/Src/main.o
 .debug_ranges  0x00000000000000b8       0x28 ./Core/Src/stm32h7xx_hal_msp.o
 .debug_ranges  0x00000000000000e0       0x40 ./Core/Src/stm32h7xx_it.o
 .debug_ranges  0x0000000000000120       0xb0 ./Core/Src/syscalls.o
 .debug_ranges  0x00000000000001d0       0x10 ./Core/Src/sysmem.o
 .debug_ranges  0x00000000000001e0       0x18 ./Core/Src/system_stm32h7xx.o
 .debug_ranges  0x00000000000001f8       0x78 ./Core/Src/testfunktionen.o
 .debug_ranges  0x0000000000000270       0x20 ./Core/Startup/startup_stm32h743zitx.o
 .debug_ranges  0x0000000000000290      0x180 ./Drivers/STM32H7xx_HAL_Driver/Src/stm32h7xx_hal.o
 .debug_ranges  0x0000000000000410      0x180 ./Drivers/STM32H7xx_HAL_Driver/Src/stm32h7xx_hal_cortex.o
 .debug_ranges  0x0000000000000590       0x80 ./Drivers/STM32H7xx_HAL_Driver/Src/stm32h7xx_hal_gpio.o
 .debug_ranges  0x0000000000000610      0x1a8 ./Drivers/STM32H7xx_HAL_Driver/Src/stm32h7xx_hal_pwr_ex.o
 .debug_ranges  0x00000000000007b8      0x250 ./Drivers/STM32H7xx_HAL_Driver/Src/stm32h7xx_hal_rcc.o

.debug_macro    0x0000000000000000    0x35496
 .debug_macro   0x0000000000000000      0x2d1 ./Core/Src/main.o
 .debug_macro   0x00000000000002d1      0xac6 ./Core/Src/main.o
 .debug_macro   0x0000000000000d97      0x22c ./Core/Src/main.o
 .debug_macro   0x0000000000000fc3       0x2e ./Core/Src/main.o
 .debug_macro   0x0000000000000ff1       0x3b ./Core/Src/main.o
 .debug_macro   0x000000000000102c       0x22 ./Core/Src/main.o
 .debug_macro   0x000000000000104e       0x8e ./Core/Src/main.o
 .debug_macro   0x00000000000010dc       0x51 ./Core/Src/main.o
 .debug_macro   0x000000000000112d      0x103 ./Core/Src/main.o
 .debug_macro   0x0000000000001230       0x6a ./Core/Src/main.o
 .debug_macro   0x000000000000129a      0x1df ./Core/Src/main.o
 .debug_macro   0x0000000000001479       0x1c ./Core/Src/main.o
 .debug_macro   0x0000000000001495       0x22 ./Core/Src/main.o
 .debug_macro   0x00000000000014b7      0x101 ./Core/Src/main.o
 .debug_macro   0x00000000000015b8     0x1305 ./Core/Src/main.o
 .debug_macro   0x00000000000028bd      0x11f ./Core/Src/main.o
 .debug_macro   0x00000000000029dc       0x27 ./Core/Src/main.o
 .debug_macro   0x0000000000002a03    0x253d1 ./Core/Src/main.o
 .debug_macro   0x0000000000027dd4       0x43 ./Core/Src/main.o
 .debug_macro   0x0000000000027e17     0x3cd3 ./Core/Src/main.o
 .debug_macro   0x000000000002baea      0x174 ./Core/Src/main.o
 .debug_macro   0x000000000002bc5e       0x52 ./Core/Src/main.o
 .debug_macro   0x000000000002bcb0       0x17 ./Core/Src/main.o
 .debug_macro   0x000000000002bcc7       0x3c ./Core/Src/main.o
 .debug_macro   0x000000000002bd03       0x34 ./Core/Src/main.o
 .debug_macro   0x000000000002bd37       0x16 ./Core/Src/main.o
 .debug_macro   0x000000000002bd4d       0x43 ./Core/Src/main.o
 .debug_macro   0x000000000002bd90       0x34 ./Core/Src/main.o
 .debug_macro   0x000000000002bdc4       0x10 ./Core/Src/main.o
 .debug_macro   0x000000000002bdd4       0x58 ./Core/Src/main.o
 .debug_macro   0x000000000002be2c       0x71 ./Core/Src/main.o
 .debug_macro   0x000000000002be9d       0x1c ./Core/Src/main.o
 .debug_macro   0x000000000002beb9      0x12a ./Core/Src/main.o
 .debug_macro   0x000000000002bfe3      0x333 ./Core/Src/main.o
 .debug_macro   0x000000000002c316      0x1a9 ./Core/Src/main.o
 .debug_macro   0x000000000002c4bf       0x5d ./Core/Src/main.o
 .debug_macro   0x000000000002c51c     0x2382 ./Core/Src/main.o
 .debug_macro   0x000000000002e89e     0x1002 ./Core/Src/main.o
 .debug_macro   0x000000000002f8a0      0x14d ./Core/Src/main.o
 .debug_macro   0x000000000002f9ed      0x117 ./Core/Src/main.o
 .debug_macro   0x000000000002fb04      0x3b2 ./Core/Src/main.o
 .debug_macro   0x000000000002feb6       0x27 ./Core/Src/main.o
 .debug_macro   0x000000000002fedd      0x72d ./Core/Src/main.o
 .debug_macro   0x000000000003060a      0x229 ./Core/Src/main.o
 .debug_macro   0x0000000000030833       0x66 ./Core/Src/main.o
 .debug_macro   0x0000000000030899      0x3bb ./Core/Src/main.o
 .debug_macro   0x0000000000030c54      0x3e5 ./Core/Src/main.o
 .debug_macro   0x0000000000031039      0x275 ./Core/Src/main.o
 .debug_macro   0x00000000000312ae      0x3cb ./Core/Src/main.o
 .debug_macro   0x0000000000031679      0x408 ./Core/Src/main.o
 .debug_macro   0x0000000000031a81       0x51 ./Core/Src/main.o
 .debug_macro   0x0000000000031ad2       0x4a ./Core/Src/main.o
 .debug_macro   0x0000000000031b1c      0x22c ./Core/Src/main.o
 .debug_macro   0x0000000000031d48       0x67 ./Core/Src/main.o
 .debug_macro   0x0000000000031daf       0xa5 ./Core/Src/main.o
 .debug_macro   0x0000000000031e54      0x1c5 ./Core/Src/main.o
 .debug_macro   0x0000000000032019      0x25f ./Core/Src/main.o
 .debug_macro   0x0000000000032278       0x35 ./Core/Src/main.o
 .debug_macro   0x00000000000322ad      0x5a0 ./Core/Src/main.o
 .debug_macro   0x000000000003284d       0x10 ./Core/Src/main.o
 .debug_macro   0x000000000003285d       0x16 ./Core/Src/main.o
 .debug_macro   0x0000000000032873       0x35 ./Core/Src/main.o
 .debug_macro   0x00000000000328a8       0x16 ./Core/Src/main.o
 .debug_macro   0x00000000000328be       0x29 ./Core/Src/main.o
 .debug_macro   0x00000000000328e7      0x293 ./Core/Src/stm32h7xx_hal_msp.o
 .debug_macro   0x0000000000032b7a      0x29d ./Core/Src/stm32h7xx_it.o
 .debug_macro   0x0000000000032e17      0x24c ./Core/Src/syscalls.o
 .debug_macro   0x0000000000033063       0x4c ./Core/Src/syscalls.o
 .debug_macro   0x00000000000330af       0x94 ./Core/Src/syscalls.o
 .debug_macro   0x0000000000033143       0x57 ./Core/Src/syscalls.o
 .debug_macro   0x000000000003319a      0x339 ./Core/Src/syscalls.o
 .debug_macro   0x00000000000334d3       0x10 ./Core/Src/syscalls.o
 .debug_macro   0x00000000000334e3       0x10 ./Core/Src/syscalls.o
 .debug_macro   0x00000000000334f3       0x10 ./Core/Src/syscalls.o
 .debug_macro   0x0000000000033503       0x10 ./Core/Src/syscalls.o
 .debug_macro   0x0000000000033513       0x1c ./Core/Src/syscalls.o
 .debug_macro   0x000000000003352f       0x52 ./Core/Src/syscalls.o
 .debug_macro   0x0000000000033581       0x22 ./Core/Src/syscalls.o
 .debug_macro   0x00000000000335a3       0x10 ./Core/Src/syscalls.o
 .debug_macro   0x00000000000335b3       0x40 ./Core/Src/syscalls.o
 .debug_macro   0x00000000000335f3       0xd5 ./Core/Src/syscalls.o
 .debug_macro   0x00000000000336c8       0x1c ./Core/Src/syscalls.o
 .debug_macro   0x00000000000336e4       0x3d ./Core/Src/syscalls.o
 .debug_macro   0x0000000000033721       0x35 ./Core/Src/syscalls.o
 .debug_macro   0x0000000000033756      0x12c ./Core/Src/syscalls.o
 .debug_macro   0x0000000000033882       0x10 ./Core/Src/syscalls.o
 .debug_macro   0x0000000000033892      0x241 ./Core/Src/syscalls.o
 .debug_macro   0x0000000000033ad3       0x1c ./Core/Src/syscalls.o
 .debug_macro   0x0000000000033aef       0x10 ./Core/Src/syscalls.o
 .debug_macro   0x0000000000033aff       0x10 ./Core/Src/syscalls.o
 .debug_macro   0x0000000000033b0f       0x16 ./Core/Src/syscalls.o
 .debug_macro   0x0000000000033b25      0x145 ./Core/Src/syscalls.o
 .debug_macro   0x0000000000033c6a      0x189 ./Core/Src/syscalls.o
 .debug_macro   0x0000000000033df3       0x16 ./Core/Src/syscalls.o
 .debug_macro   0x0000000000033e09       0xce ./Core/Src/syscalls.o
 .debug_macro   0x0000000000033ed7       0xff ./Core/Src/sysmem.o
 .debug_macro   0x0000000000033fd6      0x23b ./Core/Src/sysmem.o
 .debug_macro   0x0000000000034211      0x28a ./Core/Src/system_stm32h7xx.o
 .debug_macro   0x000000000003449b      0x109 ./Core/Src/testfunktionen.o
 .debug_macro   0x00000000000345a4      0x10e ./Core/Src/testfunktionen.o
 .debug_macro   0x00000000000346b2       0x8d ./Core/Src/testfunktionen.o
 .debug_macro   0x000000000003473f      0x2ae ./Drivers/STM32H7xx_HAL_Driver/Src/stm32h7xx_hal.o
 .debug_macro   0x00000000000349ed      0x284 ./Drivers/STM32H7xx_HAL_Driver/Src/stm32h7xx_hal_cortex.o
 .debug_macro   0x0000000000034c71      0x2c0 ./Drivers/STM32H7xx_HAL_Driver/Src/stm32h7xx_hal_gpio.o
 .debug_macro   0x0000000000034f31      0x2bd ./Drivers/STM32H7xx_HAL_Driver/Src/stm32h7xx_hal_pwr_ex.o
 .debug_macro   0x00000000000351ee      0x2a8 ./Drivers/STM32H7xx_HAL_Driver/Src/stm32h7xx_hal_rcc.o

.debug_line     0x0000000000000000     0x940d
 .debug_line    0x0000000000000000      0xa22 ./Core/Src/main.o
 .debug_line    0x0000000000000a22      0x811 ./Core/Src/stm32h7xx_hal_msp.o
 .debug_line    0x0000000000001233      0x8d9 ./Core/Src/stm32h7xx_it.o
 .debug_line    0x0000000000001b0c      0x8ec ./Core/Src/syscalls.o
 .debug_line    0x00000000000023f8      0x53b ./Core/Src/sysmem.o
 .debug_line    0x0000000000002933      0xa82 ./Core/Src/system_stm32h7xx.o
 .debug_line    0x00000000000033b5      0x6d3 ./Core/Src/testfunktionen.o
 .debug_line    0x0000000000003a88       0x88 ./Core/Startup/startup_stm32h743zitx.o
 .debug_line    0x0000000000003b10      0xfa4 ./Drivers/STM32H7xx_HAL_Driver/Src/stm32h7xx_hal.o
 .debug_line    0x0000000000004ab4      0xe55 ./Drivers/STM32H7xx_HAL_Driver/Src/stm32h7xx_hal_cortex.o
 .debug_line    0x0000000000005909      0xdff ./Drivers/STM32H7xx_HAL_Driver/Src/stm32h7xx_hal_gpio.o
 .debug_line    0x0000000000006708     0x10e7 ./Drivers/STM32H7xx_HAL_Driver/Src/stm32h7xx_hal_pwr_ex.o
 .debug_line    0x00000000000077ef     0x1c1e ./Drivers/STM32H7xx_HAL_Driver/Src/stm32h7xx_hal_rcc.o

.debug_str      0x0000000000000000   0x14e261
 .debug_str     0x0000000000000000   0x1499d3 ./Core/Src/main.o
                                     0x149f1d (size before relaxing)
 .debug_str     0x00000000001499d3       0x2c ./Core/Src/stm32h7xx_hal_msp.o
                                     0x149a6e (size before relaxing)
 .debug_str     0x00000000001499ff       0xc9 ./Core/Src/stm32h7xx_it.o
                                     0x1498e1 (size before relaxing)
 .debug_str     0x0000000000149ac8     0x25d3 ./Core/Src/syscalls.o
                                       0x8f92 (size before relaxing)
 .debug_str     0x000000000014c09b       0x6b ./Core/Src/sysmem.o
                                       0x634b (size before relaxing)
 .debug_str     0x000000000014c106      0x332 ./Core/Src/system_stm32h7xx.o
                                     0x149d46 (size before relaxing)
 .debug_str     0x000000000014c438      0x10c ./Core/Src/testfunktionen.o
                                       0x6926 (size before relaxing)
 .debug_str     0x000000000014c544       0x36 ./Core/Startup/startup_stm32h743zitx.o
                                         0xad (size before relaxing)
 .debug_str     0x000000000014c57a      0xf4c ./Drivers/STM32H7xx_HAL_Driver/Src/stm32h7xx_hal.o
                                     0x14abb4 (size before relaxing)
 .debug_str     0x000000000014d4c6      0x366 ./Drivers/STM32H7xx_HAL_Driver/Src/stm32h7xx_hal_cortex.o
                                     0x14a65f (size before relaxing)
 .debug_str     0x000000000014d82c      0x1cc ./Drivers/STM32H7xx_HAL_Driver/Src/stm32h7xx_hal_gpio.o
                                     0x149df6 (size before relaxing)
 .debug_str     0x000000000014d9f8      0x63b ./Drivers/STM32H7xx_HAL_Driver/Src/stm32h7xx_hal_pwr_ex.o
                                     0x14a1d0 (size before relaxing)
 .debug_str     0x000000000014e033      0x22e ./Drivers/STM32H7xx_HAL_Driver/Src/stm32h7xx_hal_rcc.o
                                     0x14a0b9 (size before relaxing)

.comment        0x0000000000000000       0x53
 .comment       0x0000000000000000       0x53 ./Core/Src/main.o
                                         0x54 (size before relaxing)
 .comment       0x0000000000000053       0x54 ./Core/Src/stm32h7xx_hal_msp.o
 .comment       0x0000000000000053       0x54 ./Core/Src/stm32h7xx_it.o
 .comment       0x0000000000000053       0x54 ./Core/Src/syscalls.o
 .comment       0x0000000000000053       0x54 ./Core/Src/sysmem.o
 .comment       0x0000000000000053       0x54 ./Core/Src/system_stm32h7xx.o
 .comment       0x0000000000000053       0x54 ./Core/Src/testfunktionen.o
 .comment       0x0000000000000053       0x54 ./Drivers/STM32H7xx_HAL_Driver/Src/stm32h7xx_hal.o
 .comment       0x0000000000000053       0x54 ./Drivers/STM32H7xx_HAL_Driver/Src/stm32h7xx_hal_cortex.o
 .comment       0x0000000000000053       0x54 ./Drivers/STM32H7xx_HAL_Driver/Src/stm32h7xx_hal_gpio.o
 .comment       0x0000000000000053       0x54 ./Drivers/STM32H7xx_HAL_Driver/Src/stm32h7xx_hal_pwr_ex.o
 .comment       0x0000000000000053       0x54 ./Drivers/STM32H7xx_HAL_Driver/Src/stm32h7xx_hal_rcc.o

.debug_frame    0x0000000000000000     0x160c
 .debug_frame   0x0000000000000000       0x64 ./Core/Src/main.o
 .debug_frame   0x0000000000000064       0x28 ./Core/Src/stm32h7xx_hal_msp.o
 .debug_frame   0x000000000000008c       0xa0 ./Core/Src/stm32h7xx_it.o
 .debug_frame   0x000000000000012c      0x190 ./Core/Src/syscalls.o
 .debug_frame   0x00000000000002bc       0x28 ./Core/Src/sysmem.o
 .debug_frame   0x00000000000002e4       0x4c ./Core/Src/system_stm32h7xx.o
 .debug_frame   0x0000000000000330       0xd4 ./Core/Src/testfunktionen.o
 .debug_frame   0x0000000000000404      0x398 ./Drivers/STM32H7xx_HAL_Driver/Src/stm32h7xx_hal.o
 .debug_frame   0x000000000000079c      0x194 ./Drivers/STM32H7xx_HAL_Driver/Src/stm32h7xx_hal_cortex.o
 .debug_frame   0x0000000000000930      0x100 ./Drivers/STM32H7xx_HAL_Driver/Src/stm32h7xx_hal_gpio.o
 .debug_frame   0x0000000000000a30      0x320 ./Drivers/STM32H7xx_HAL_Driver/Src/stm32h7xx_hal_pwr_ex.o
 .debug_frame   0x0000000000000d50      0x1f4 ./Drivers/STM32H7xx_HAL_Driver/Src/stm32h7xx_hal_rcc.o
 .debug_frame   0x0000000000000f44       0x20 c:/st/stm32cubeide_1.7.0/stm32cubeide/plugins/com.st.stm32cube.ide.mcu.externaltools.gnu-tools-for-stm32.9-2020-q2-update.win32_2.0.0.202105311346/tools/bin/../lib/gcc/arm-none-eabi/9.3.1/../../../../arm-none-eabi/lib/thumb/v7e-m+dp/hard\libc_nano.a(lib_a-errno.o)
 .debug_frame   0x0000000000000f64       0x2c c:/st/stm32cubeide_1.7.0/stm32cubeide/plugins/com.st.stm32cube.ide.mcu.externaltools.gnu-tools-for-stm32.9-2020-q2-update.win32_2.0.0.202105311346/tools/bin/../lib/gcc/arm-none-eabi/9.3.1/../../../../arm-none-eabi/lib/thumb/v7e-m+dp/hard\libc_nano.a(lib_a-init.o)
 .debug_frame   0x0000000000000f90       0x20 c:/st/stm32cubeide_1.7.0/stm32cubeide/plugins/com.st.stm32cube.ide.mcu.externaltools.gnu-tools-for-stm32.9-2020-q2-update.win32_2.0.0.202105311346/tools/bin/../lib/gcc/arm-none-eabi/9.3.1/../../../../arm-none-eabi/lib/thumb/v7e-m+dp/hard\libc_nano.a(lib_a-memset.o)
 .debug_frame   0x0000000000000fb0       0x3c c:/st/stm32cubeide_1.7.0/stm32cubeide/plugins/com.st.stm32cube.ide.mcu.externaltools.gnu-tools-for-stm32.9-2020-q2-update.win32_2.0.0.202105311346/tools/bin/../lib/gcc/arm-none-eabi/9.3.1/../../../../arm-none-eabi/lib/thumb/v7e-m+dp/hard\libc_nano.a(lib_a-puts.o)
 .debug_frame   0x0000000000000fec       0x40 c:/st/stm32cubeide_1.7.0/stm32cubeide/plugins/com.st.stm32cube.ide.mcu.externaltools.gnu-tools-for-stm32.9-2020-q2-update.win32_2.0.0.202105311346/tools/bin/../lib/gcc/arm-none-eabi/9.3.1/../../../../arm-none-eabi/lib/thumb/v7e-m+dp/hard\libc_nano.a(lib_a-wbuf.o)
 .debug_frame   0x000000000000102c       0x2c c:/st/stm32cubeide_1.7.0/stm32cubeide/plugins/com.st.stm32cube.ide.mcu.externaltools.gnu-tools-for-stm32.9-2020-q2-update.win32_2.0.0.202105311346/tools/bin/../lib/gcc/arm-none-eabi/9.3.1/../../../../arm-none-eabi/lib/thumb/v7e-m+dp/hard\libc_nano.a(lib_a-wsetup.o)
 .debug_frame   0x0000000000001058       0x5c c:/st/stm32cubeide_1.7.0/stm32cubeide/plugins/com.st.stm32cube.ide.mcu.externaltools.gnu-tools-for-stm32.9-2020-q2-update.win32_2.0.0.202105311346/tools/bin/../lib/gcc/arm-none-eabi/9.3.1/../../../../arm-none-eabi/lib/thumb/v7e-m+dp/hard\libc_nano.a(lib_a-fflush.o)
 .debug_frame   0x00000000000010b4      0x14c c:/st/stm32cubeide_1.7.0/stm32cubeide/plugins/com.st.stm32cube.ide.mcu.externaltools.gnu-tools-for-stm32.9-2020-q2-update.win32_2.0.0.202105311346/tools/bin/../lib/gcc/arm-none-eabi/9.3.1/../../../../arm-none-eabi/lib/thumb/v7e-m+dp/hard\libc_nano.a(lib_a-findfp.o)
 .debug_frame   0x0000000000001200       0x54 c:/st/stm32cubeide_1.7.0/stm32cubeide/plugins/com.st.stm32cube.ide.mcu.externaltools.gnu-tools-for-stm32.9-2020-q2-update.win32_2.0.0.202105311346/tools/bin/../lib/gcc/arm-none-eabi/9.3.1/../../../../arm-none-eabi/lib/thumb/v7e-m+dp/hard\libc_nano.a(lib_a-fwalk.o)
 .debug_frame   0x0000000000001254       0xb0 c:/st/stm32cubeide_1.7.0/stm32cubeide/plugins/com.st.stm32cube.ide.mcu.externaltools.gnu-tools-for-stm32.9-2020-q2-update.win32_2.0.0.202105311346/tools/bin/../lib/gcc/arm-none-eabi/9.3.1/../../../../arm-none-eabi/lib/thumb/v7e-m+dp/hard\libc_nano.a(lib_a-lock.o)
 .debug_frame   0x0000000000001304       0x58 c:/st/stm32cubeide_1.7.0/stm32cubeide/plugins/com.st.stm32cube.ide.mcu.externaltools.gnu-tools-for-stm32.9-2020-q2-update.win32_2.0.0.202105311346/tools/bin/../lib/gcc/arm-none-eabi/9.3.1/../../../../arm-none-eabi/lib/thumb/v7e-m+dp/hard\libc_nano.a(lib_a-makebuf.o)
 .debug_frame   0x000000000000135c       0x38 c:/st/stm32cubeide_1.7.0/stm32cubeide/plugins/com.st.stm32cube.ide.mcu.externaltools.gnu-tools-for-stm32.9-2020-q2-update.win32_2.0.0.202105311346/tools/bin/../lib/gcc/arm-none-eabi/9.3.1/../../../../arm-none-eabi/lib/thumb/v7e-m+dp/hard\libc_nano.a(lib_a-nano-freer.o)
 .debug_frame   0x0000000000001394       0x30 c:/st/stm32cubeide_1.7.0/stm32cubeide/plugins/com.st.stm32cube.ide.mcu.externaltools.gnu-tools-for-stm32.9-2020-q2-update.win32_2.0.0.202105311346/tools/bin/../lib/gcc/arm-none-eabi/9.3.1/../../../../arm-none-eabi/lib/thumb/v7e-m+dp/hard\libc_nano.a(lib_a-nano-mallocr.o)
 .debug_frame   0x00000000000013c4       0x2c c:/st/stm32cubeide_1.7.0/stm32cubeide/plugins/com.st.stm32cube.ide.mcu.externaltools.gnu-tools-for-stm32.9-2020-q2-update.win32_2.0.0.202105311346/tools/bin/../lib/gcc/arm-none-eabi/9.3.1/../../../../arm-none-eabi/lib/thumb/v7e-m+dp/hard\libc_nano.a(lib_a-sbrkr.o)
 .debug_frame   0x00000000000013f0       0x88 c:/st/stm32cubeide_1.7.0/stm32cubeide/plugins/com.st.stm32cube.ide.mcu.externaltools.gnu-tools-for-stm32.9-2020-q2-update.win32_2.0.0.202105311346/tools/bin/../lib/gcc/arm-none-eabi/9.3.1/../../../../arm-none-eabi/lib/thumb/v7e-m+dp/hard\libc_nano.a(lib_a-stdio.o)
 .debug_frame   0x0000000000001478       0x2c c:/st/stm32cubeide_1.7.0/stm32cubeide/plugins/com.st.stm32cube.ide.mcu.externaltools.gnu-tools-for-stm32.9-2020-q2-update.win32_2.0.0.202105311346/tools/bin/../lib/gcc/arm-none-eabi/9.3.1/../../../../arm-none-eabi/lib/thumb/v7e-m+dp/hard\libc_nano.a(lib_a-writer.o)
 .debug_frame   0x00000000000014a4       0x2c c:/st/stm32cubeide_1.7.0/stm32cubeide/plugins/com.st.stm32cube.ide.mcu.externaltools.gnu-tools-for-stm32.9-2020-q2-update.win32_2.0.0.202105311346/tools/bin/../lib/gcc/arm-none-eabi/9.3.1/../../../../arm-none-eabi/lib/thumb/v7e-m+dp/hard\libc_nano.a(lib_a-closer.o)
 .debug_frame   0x00000000000014d0       0x2c c:/st/stm32cubeide_1.7.0/stm32cubeide/plugins/com.st.stm32cube.ide.mcu.externaltools.gnu-tools-for-stm32.9-2020-q2-update.win32_2.0.0.202105311346/tools/bin/../lib/gcc/arm-none-eabi/9.3.1/../../../../arm-none-eabi/lib/thumb/v7e-m+dp/hard\libc_nano.a(lib_a-fstatr.o)
 .debug_frame   0x00000000000014fc       0x2c c:/st/stm32cubeide_1.7.0/stm32cubeide/plugins/com.st.stm32cube.ide.mcu.externaltools.gnu-tools-for-stm32.9-2020-q2-update.win32_2.0.0.202105311346/tools/bin/../lib/gcc/arm-none-eabi/9.3.1/../../../../arm-none-eabi/lib/thumb/v7e-m+dp/hard\libc_nano.a(lib_a-isattyr.o)
 .debug_frame   0x0000000000001528       0x2c c:/st/stm32cubeide_1.7.0/stm32cubeide/plugins/com.st.stm32cube.ide.mcu.externaltools.gnu-tools-for-stm32.9-2020-q2-update.win32_2.0.0.202105311346/tools/bin/../lib/gcc/arm-none-eabi/9.3.1/../../../../arm-none-eabi/lib/thumb/v7e-m+dp/hard\libc_nano.a(lib_a-lseekr.o)
 .debug_frame   0x0000000000001554       0x30 c:/st/stm32cubeide_1.7.0/stm32cubeide/plugins/com.st.stm32cube.ide.mcu.externaltools.gnu-tools-for-stm32.9-2020-q2-update.win32_2.0.0.202105311346/tools/bin/../lib/gcc/arm-none-eabi/9.3.1/../../../../arm-none-eabi/lib/thumb/v7e-m+dp/hard\libc_nano.a(lib_a-mlock.o)
 .debug_frame   0x0000000000001584       0x2c c:/st/stm32cubeide_1.7.0/stm32cubeide/plugins/com.st.stm32cube.ide.mcu.externaltools.gnu-tools-for-stm32.9-2020-q2-update.win32_2.0.0.202105311346/tools/bin/../lib/gcc/arm-none-eabi/9.3.1/../../../../arm-none-eabi/lib/thumb/v7e-m+dp/hard\libc_nano.a(lib_a-readr.o)
 .debug_frame   0x00000000000015b0       0x5c c:/st/stm32cubeide_1.7.0/stm32cubeide/plugins/com.st.stm32cube.ide.mcu.externaltools.gnu-tools-for-stm32.9-2020-q2-update.win32_2.0.0.202105311346/tools/bin/../lib/gcc/arm-none-eabi/9.3.1/../../../../arm-none-eabi/lib/thumb/v7e-m+dp/hard\libc_nano.a(lib_a-reent.o)
