Archive member included to satisfy reference by file (symbol)

c:/st/stm32cubeide_1.7.0/stm32cubeide/plugins/com.st.stm32cube.ide.mcu.externaltools.gnu-tools-for-stm32.9-2020-q2-update.win32_2.0.0.202105311346/tools/bin/../lib/gcc/arm-none-eabi/9.3.1/../../../../arm-none-eabi/lib/thumb/v7e-m+dp/hard\libc_nano.a(lib_a-errno.o)
                              ./Core/Src/syscalls.o (__errno)
c:/st/stm32cubeide_1.7.0/stm32cubeide/plugins/com.st.stm32cube.ide.mcu.externaltools.gnu-tools-for-stm32.9-2020-q2-update.win32_2.0.0.202105311346/tools/bin/../lib/gcc/arm-none-eabi/9.3.1/../../../../arm-none-eabi/lib/thumb/v7e-m+dp/hard\libc_nano.a(lib_a-exit.o)
                              c:/st/stm32cubeide_1.7.0/stm32cubeide/plugins/com.st.stm32cube.ide.mcu.externaltools.gnu-tools-for-stm32.9-2020-q2-update.win32_2.0.0.202105311346/tools/bin/../lib/gcc/arm-none-eabi/9.3.1/../../../../arm-none-eabi/lib/thumb/v7e-m+dp/hard/crt0.o (exit)
c:/st/stm32cubeide_1.7.0/stm32cubeide/plugins/com.st.stm32cube.ide.mcu.externaltools.gnu-tools-for-stm32.9-2020-q2-update.win32_2.0.0.202105311346/tools/bin/../lib/gcc/arm-none-eabi/9.3.1/../../../../arm-none-eabi/lib/thumb/v7e-m+dp/hard\libc_nano.a(lib_a-impure.o)
                              c:/st/stm32cubeide_1.7.0/stm32cubeide/plugins/com.st.stm32cube.ide.mcu.externaltools.gnu-tools-for-stm32.9-2020-q2-update.win32_2.0.0.202105311346/tools/bin/../lib/gcc/arm-none-eabi/9.3.1/../../../../arm-none-eabi/lib/thumb/v7e-m+dp/hard\libc_nano.a(lib_a-exit.o) (_global_impure_ptr)
c:/st/stm32cubeide_1.7.0/stm32cubeide/plugins/com.st.stm32cube.ide.mcu.externaltools.gnu-tools-for-stm32.9-2020-q2-update.win32_2.0.0.202105311346/tools/bin/../lib/gcc/arm-none-eabi/9.3.1/../../../../arm-none-eabi/lib/thumb/v7e-m+dp/hard\libc_nano.a(lib_a-init.o)
                              c:/st/stm32cubeide_1.7.0/stm32cubeide/plugins/com.st.stm32cube.ide.mcu.externaltools.gnu-tools-for-stm32.9-2020-q2-update.win32_2.0.0.202105311346/tools/bin/../lib/gcc/arm-none-eabi/9.3.1/../../../../arm-none-eabi/lib/thumb/v7e-m+dp/hard/crt0.o (__libc_init_array)
c:/st/stm32cubeide_1.7.0/stm32cubeide/plugins/com.st.stm32cube.ide.mcu.externaltools.gnu-tools-for-stm32.9-2020-q2-update.win32_2.0.0.202105311346/tools/bin/../lib/gcc/arm-none-eabi/9.3.1/../../../../arm-none-eabi/lib/thumb/v7e-m+dp/hard\libc_nano.a(lib_a-memset.o)
                              c:/st/stm32cubeide_1.7.0/stm32cubeide/plugins/com.st.stm32cube.ide.mcu.externaltools.gnu-tools-for-stm32.9-2020-q2-update.win32_2.0.0.202105311346/tools/bin/../lib/gcc/arm-none-eabi/9.3.1/../../../../arm-none-eabi/lib/thumb/v7e-m+dp/hard/crt0.o (memset)

Allocating common symbols
Common symbol       size              file

uwTick              0x4               ./Drivers/STM32H7xx_HAL_Driver/Src/stm32h7xx_hal.o
pFlash              0x1c              ./Drivers/STM32H7xx_HAL_Driver/Src/stm32h7xx_hal_flash.o
htim16              0x4c              ./Core/Src/main.o

Discarded input sections

 .text          0x0000000000000000        0x0 c:/st/stm32cubeide_1.7.0/stm32cubeide/plugins/com.st.stm32cube.ide.mcu.externaltools.gnu-tools-for-stm32.9-2020-q2-update.win32_2.0.0.202105311346/tools/bin/../lib/gcc/arm-none-eabi/9.3.1/thumb/v7e-m+dp/hard/crti.o
 .data          0x0000000000000000        0x0 c:/st/stm32cubeide_1.7.0/stm32cubeide/plugins/com.st.stm32cube.ide.mcu.externaltools.gnu-tools-for-stm32.9-2020-q2-update.win32_2.0.0.202105311346/tools/bin/../lib/gcc/arm-none-eabi/9.3.1/thumb/v7e-m+dp/hard/crti.o
 .bss           0x0000000000000000        0x0 c:/st/stm32cubeide_1.7.0/stm32cubeide/plugins/com.st.stm32cube.ide.mcu.externaltools.gnu-tools-for-stm32.9-2020-q2-update.win32_2.0.0.202105311346/tools/bin/../lib/gcc/arm-none-eabi/9.3.1/thumb/v7e-m+dp/hard/crti.o
 .data          0x0000000000000000        0x4 c:/st/stm32cubeide_1.7.0/stm32cubeide/plugins/com.st.stm32cube.ide.mcu.externaltools.gnu-tools-for-stm32.9-2020-q2-update.win32_2.0.0.202105311346/tools/bin/../lib/gcc/arm-none-eabi/9.3.1/thumb/v7e-m+dp/hard/crtbegin.o
 .text          0x0000000000000000       0x7c c:/st/stm32cubeide_1.7.0/stm32cubeide/plugins/com.st.stm32cube.ide.mcu.externaltools.gnu-tools-for-stm32.9-2020-q2-update.win32_2.0.0.202105311346/tools/bin/../lib/gcc/arm-none-eabi/9.3.1/../../../../arm-none-eabi/lib/thumb/v7e-m+dp/hard/crt0.o
 .data          0x0000000000000000        0x0 c:/st/stm32cubeide_1.7.0/stm32cubeide/plugins/com.st.stm32cube.ide.mcu.externaltools.gnu-tools-for-stm32.9-2020-q2-update.win32_2.0.0.202105311346/tools/bin/../lib/gcc/arm-none-eabi/9.3.1/../../../../arm-none-eabi/lib/thumb/v7e-m+dp/hard/crt0.o
 .bss           0x0000000000000000        0x0 c:/st/stm32cubeide_1.7.0/stm32cubeide/plugins/com.st.stm32cube.ide.mcu.externaltools.gnu-tools-for-stm32.9-2020-q2-update.win32_2.0.0.202105311346/tools/bin/../lib/gcc/arm-none-eabi/9.3.1/../../../../arm-none-eabi/lib/thumb/v7e-m+dp/hard/crt0.o
[...]
Memory Configuration

Name             Origin             Length             Attributes
FLASH            0x0000000008000000 0x0000000000200000 xr
DTCMRAM          0x0000000020000000 0x0000000000020000 xrw
RAM_D1           0x0000000024000000 0x0000000000080000 xrw
RAM_D2           0x0000000030000000 0x0000000000048000 xrw
RAM_D3           0x0000000038000000 0x0000000000010000 xrw
ITCMRAM          0x0000000000000000 0x0000000000010000 xrw
*default*        0x0000000000000000 0xffffffffffffffff

Linker script and memory map

LOAD c:/st/stm32cubeide_1.7.0/stm32cubeide/plugins/com.st.stm32cube.ide.mcu.externaltools.gnu-tools-for-stm32.9-2020-q2-update.win32_2.0.0.202105311346/tools/bin/../lib/gcc/arm-none-eabi/9.3.1/thumb/v7e-m+dp/hard/crti.o
LOAD c:/st/stm32cubeide_1.7.0/stm32cubeide/plugins/com.st.stm32cube.ide.mcu.externaltools.gnu-tools-for-stm32.9-2020-q2-update.win32_2.0.0.202105311346/tools/bin/../lib/gcc/arm-none-eabi/9.3.1/thumb/v7e-m+dp/hard/crtbegin.o
LOAD c:/st/stm32cubeide_1.7.0/stm32cubeide/plugins/com.st.stm32cube.ide.mcu.externaltools.gnu-tools-for-stm32.9-2020-q2-update.win32_2.0.0.202105311346/tools/bin/../lib/gcc/arm-none-eabi/9.3.1/../../../../arm-none-eabi/lib/thumb/v7e-m+dp/hard/crt0.o
LOAD ./Core/Src/main.o
LOAD ./Core/Src/stm32h7xx_hal_msp.o
LOAD ./Core/Src/stm32h7xx_it.o
LOAD ./Core/Src/syscalls.o
LOAD ./Core/Src/sysmem.o
LOAD ./Core/Src/system_stm32h7xx.o
LOAD ./Core/Startup/startup_stm32h743zitx.o
LOAD ./Drivers/STM32H7xx_HAL_Driver/Src/stm32h7xx_hal.o
LOAD ./Drivers/STM32H7xx_HAL_Driver/Src/stm32h7xx_hal_cortex.o
LOAD ./Drivers/STM32H7xx_HAL_Driver/Src/stm32h7xx_hal_dma.o
LOAD ./Drivers/STM32H7xx_HAL_Driver/Src/stm32h7xx_hal_dma_ex.o
LOAD ./Drivers/STM32H7xx_HAL_Driver/Src/stm32h7xx_hal_exti.o
LOAD ./Drivers/STM32H7xx_HAL_Driver/Src/stm32h7xx_hal_flash.o
LOAD ./Drivers/STM32H7xx_HAL_Driver/Src/stm32h7xx_hal_flash_ex.o
LOAD ./Drivers/STM32H7xx_HAL_Driver/Src/stm32h7xx_hal_gpio.o
LOAD ./Drivers/STM32H7xx_HAL_Driver/Src/stm32h7xx_hal_hsem.o
LOAD ./Drivers/STM32H7xx_HAL_Driver/Src/stm32h7xx_hal_i2c.o
LOAD ./Drivers/STM32H7xx_HAL_Driver/Src/stm32h7xx_hal_i2c_ex.o
LOAD ./Drivers/STM32H7xx_HAL_Driver/Src/stm32h7xx_hal_mdma.o
LOAD ./Drivers/STM32H7xx_HAL_Driver/Src/stm32h7xx_hal_pwr.o
LOAD ./Drivers/STM32H7xx_HAL_Driver/Src/stm32h7xx_hal_pwr_ex.o
LOAD ./Drivers/STM32H7xx_HAL_Driver/Src/stm32h7xx_hal_rcc.o
LOAD ./Drivers/STM32H7xx_HAL_Driver/Src/stm32h7xx_hal_rcc_ex.o
LOAD ./Drivers/STM32H7xx_HAL_Driver/Src/stm32h7xx_hal_tim.o
LOAD ./Drivers/STM32H7xx_HAL_Driver/Src/stm32h7xx_hal_tim_ex.o
START GROUP
LOAD c:/st/stm32cubeide_1.7.0/stm32cubeide/plugins/com.st.stm32cube.ide.mcu.externaltools.gnu-tools-for-stm32.9-2020-q2-update.win32_2.0.0.202105311346/tools/bin/../lib/gcc/arm-none-eabi/9.3.1/../../../../arm-none-eabi/lib/thumb/v7e-m+dp/hard\libc_nano.a
LOAD c:/st/stm32cubeide_1.7.0/stm32cubeide/plugins/com.st.stm32cube.ide.mcu.externaltools.gnu-tools-for-stm32.9-2020-q2-update.win32_2.0.0.202105311346/tools/bin/../lib/gcc/arm-none-eabi/9.3.1/../../../../arm-none-eabi/lib/thumb/v7e-m+dp/hard\libm.a
END GROUP
START GROUP
LOAD c:/st/stm32cubeide_1.7.0/stm32cubeide/plugins/com.st.stm32cube.ide.mcu.externaltools.gnu-tools-for-stm32.9-2020-q2-update.win32_2.0.0.202105311346/tools/bin/../lib/gcc/arm-none-eabi/9.3.1/thumb/v7e-m+dp/hard\libgcc.a
LOAD c:/st/stm32cubeide_1.7.0/stm32cubeide/plugins/com.st.stm32cube.ide.mcu.externaltools.gnu-tools-for-stm32.9-2020-q2-update.win32_2.0.0.202105311346/tools/bin/../lib/gcc/arm-none-eabi/9.3.1/../../../../arm-none-eabi/lib/thumb/v7e-m+dp/hard\libc_nano.a
END GROUP
START GROUP
LOAD c:/st/stm32cubeide_1.7.0/stm32cubeide/plugins/com.st.stm32cube.ide.mcu.externaltools.gnu-tools-for-stm32.9-2020-q2-update.win32_2.0.0.202105311346/tools/bin/../lib/gcc/arm-none-eabi/9.3.1/thumb/v7e-m+dp/hard\libgcc.a
LOAD c:/st/stm32cubeide_1.7.0/stm32cubeide/plugins/com.st.stm32cube.ide.mcu.externaltools.gnu-tools-for-stm32.9-2020-q2-update.win32_2.0.0.202105311346/tools/bin/../lib/gcc/arm-none-eabi/9.3.1/../../../../arm-none-eabi/lib/thumb/v7e-m+dp/hard\libc_nano.a
LOAD c:/st/stm32cubeide_1.7.0/stm32cubeide/plugins/com.st.stm32cube.ide.mcu.externaltools.gnu-tools-for-stm32.9-2020-q2-update.win32_2.0.0.202105311346/tools/bin/../lib/gcc/arm-none-eabi/9.3.1/../../../../arm-none-eabi/lib/thumb/v7e-m+dp/hard\libnosys.a
END GROUP
START GROUP
LOAD c:/st/stm32cubeide_1.7.0/stm32cubeide/plugins/com.st.stm32cube.ide.mcu.externaltools.gnu-tools-for-stm32.9-2020-q2-update.win32_2.0.0.202105311346/tools/bin/../lib/gcc/arm-none-eabi/9.3.1/thumb/v7e-m+dp/hard\libgcc.a
LOAD c:/st/stm32cubeide_1.7.0/stm32cubeide/plugins/com.st.stm32cube.ide.mcu.externaltools.gnu-tools-for-stm32.9-2020-q2-update.win32_2.0.0.202105311346/tools/bin/../lib/gcc/arm-none-eabi/9.3.1/../../../../arm-none-eabi/lib/thumb/v7e-m+dp/hard\libc_nano.a
LOAD c:/st/stm32cubeide_1.7.0/stm32cubeide/plugins/com.st.stm32cube.ide.mcu.externaltools.gnu-tools-for-stm32.9-2020-q2-update.win32_2.0.0.202105311346/tools/bin/../lib/gcc/arm-none-eabi/9.3.1/../../../../arm-none-eabi/lib/thumb/v7e-m+dp/hard\libnosys.a
END GROUP
LOAD c:/st/stm32cubeide_1.7.0/stm32cubeide/plugins/com.st.stm32cube.ide.mcu.externaltools.gnu-tools-for-stm32.9-2020-q2-update.win32_2.0.0.202105311346/tools/bin/../lib/gcc/arm-none-eabi/9.3.1/thumb/v7e-m+dp/hard/crtend.o
LOAD c:/st/stm32cubeide_1.7.0/stm32cubeide/plugins/com.st.stm32cube.ide.mcu.externaltools.gnu-tools-for-stm32.9-2020-q2-update.win32_2.0.0.202105311346/tools/bin/../lib/gcc/arm-none-eabi/9.3.1/thumb/v7e-m+dp/hard/crtn.o
                0x0000000024080000                _estack = (ORIGIN (RAM_D1) + LENGTH (RAM_D1))
                0x0000000000000200                _Min_Heap_Size = 0x200
                0x0000000000000400                _Min_Stack_Size = 0x400

.isr_vector     0x0000000008000000      0x298
                0x0000000008000000                . = ALIGN (0x4)
 *(.isr_vector)
 .isr_vector    0x0000000008000000      0x298 ./Core/Startup/startup_stm32h743zitx.o
                0x0000000008000000                g_pfnVectors
                0x0000000008000298                . = ALIGN (0x4)

.text           0x0000000008000298     0x205c
                0x0000000008000298                . = ALIGN (0x4)
 *(.text)
 .text          0x0000000008000298       0x40 c:/st/stm32cubeide_1.7.0/stm32cubeide/plugins/com.st.stm32cube.ide.mcu.externaltools.gnu-tools-for-stm32.9-2020-q2-update.win32_2.0.0.202105311346/tools/bin/../lib/gcc/arm-none-eabi/9.3.1/thumb/v7e-m+dp/hard/crtbegin.o
 *(.text*)
 .text.main     0x00000000080002d8       0x20 ./Core/Src/main.o
                0x00000000080002d8                main
 .text.SystemClock_Config
                0x00000000080002f8       0xd4 ./Core/Src/main.o
                0x00000000080002f8                SystemClock_Config
 .text.MX_TIM16_Init
                0x00000000080003cc       0x4c ./Core/Src/main.o
 .text.MX_GPIO_Init
                0x0000000008000418       0x68 ./Core/Src/main.o
 .text.HAL_TIM_PeriodElapsedCallback
                0x0000000008000480       0x14 ./Core/Src/main.o
                0x0000000008000480                HAL_TIM_PeriodElapsedCallback
 .text.Error_Handler
                0x0000000008000494        0xa ./Core/Src/main.o
                0x0000000008000494                Error_Handler
 *fill*         0x000000000800049e        0x2 
 .text.HAL_MspInit
                0x00000000080004a0       0x34 ./Core/Src/stm32h7xx_hal_msp.o
                0x00000000080004a0                HAL_MspInit
 .text.HAL_TIM_Base_MspInit
                0x00000000080004d4       0x50 ./Core/Src/stm32h7xx_hal_msp.o
                0x00000000080004d4                HAL_TIM_Base_MspInit
 .text.NMI_Handler
                0x0000000008000524        0x6 ./Core/Src/stm32h7xx_it.o
                0x0000000008000524                NMI_Handler
 .text.HardFault_Handler
                0x000000000800052a        0x6 ./Core/Src/stm32h7xx_it.o
                0x000000000800052a                HardFault_Handler
 .text.MemManage_Handler
                0x0000000008000530        0x6 ./Core/Src/stm32h7xx_it.o
                0x0000000008000530                MemManage_Handler
 .text.BusFault_Handler
                0x0000000008000536        0x6 ./Core/Src/stm32h7xx_it.o
                0x0000000008000536                BusFault_Handler
 .text.UsageFault_Handler
                0x000000000800053c        0x6 ./Core/Src/stm32h7xx_it.o
                0x000000000800053c                UsageFault_Handler
 .text.SVC_Handler
                0x0000000008000542        0xe ./Core/Src/stm32h7xx_it.o
                0x0000000008000542                SVC_Handler
 .text.DebugMon_Handler
                0x0000000008000550        0xe ./Core/Src/stm32h7xx_it.o
                0x0000000008000550                DebugMon_Handler
 .text.PendSV_Handler
                0x000000000800055e        0xe ./Core/Src/stm32h7xx_it.o
                0x000000000800055e                PendSV_Handler
 .text.SysTick_Handler
                0x000000000800056c        0xc ./Core/Src/stm32h7xx_it.o
                0x000000000800056c                SysTick_Handler
 .text.TIM16_IRQHandler
                0x0000000008000578       0x14 ./Core/Src/stm32h7xx_it.o
                0x0000000008000578                TIM16_IRQHandler
 .text.SystemInit
                0x000000000800058c      0x118 ./Core/Src/system_stm32h7xx.o
                0x000000000800058c                SystemInit
 .text.Reset_Handler
                0x00000000080006a4       0x50 ./Core/Startup/startup_stm32h743zitx.o
                0x00000000080006a4                Reset_Handler
 .text.Default_Handler
                0x00000000080006f4        0x2 ./Core/Startup/startup_stm32h743zitx.o
                0x00000000080006f4                RTC_Alarm_IRQHandler
                0x00000000080006f4                EXTI2_IRQHandler
                0x00000000080006f4                TIM8_CC_IRQHandler
                0x00000000080006f4                HRTIM1_Master_IRQHandler
                0x00000000080006f4                UART8_IRQHandler
                0x00000000080006f4                SPI4_IRQHandler
                0x00000000080006f4                TIM1_CC_IRQHandler
                0x00000000080006f4                BDMA_Channel6_IRQHandler
                0x00000000080006f4                DMA2_Stream5_IRQHandler
                0x00000000080006f4                HRTIM1_FLT_IRQHandler
                0x00000000080006f4                JPEG_IRQHandler
                0x00000000080006f4                DMA1_Stream5_IRQHandler
                0x00000000080006f4                BDMA_Channel1_IRQHandler
                0x00000000080006f4                HRTIM1_TIMD_IRQHandler
                0x00000000080006f4                TAMP_STAMP_IRQHandler
                0x00000000080006f4                EXTI3_IRQHandler
                0x00000000080006f4                LPTIM4_IRQHandler
                0x00000000080006f4                TIM8_TRG_COM_TIM14_IRQHandler
                0x00000000080006f4                LPTIM2_IRQHandler
                0x00000000080006f4                DFSDM1_FLT1_IRQHandler
                0x00000000080006f4                DMAMUX2_OVR_IRQHandler
                0x00000000080006f4                TIM8_UP_TIM13_IRQHandler
                0x00000000080006f4                I2C3_ER_IRQHandler
                0x00000000080006f4                DFSDM1_FLT2_IRQHandler
                0x00000000080006f4                MDMA_IRQHandler
                0x00000000080006f4                LPTIM3_IRQHandler
                0x00000000080006f4                HSEM1_IRQHandler
                0x00000000080006f4                EXTI0_IRQHandler
                0x00000000080006f4                I2C2_EV_IRQHandler
                0x00000000080006f4                DMA1_Stream2_IRQHandler
                0x00000000080006f4                FPU_IRQHandler
                0x00000000080006f4                OTG_HS_WKUP_IRQHandler
                0x00000000080006f4                FDCAN1_IT1_IRQHandler
                0x00000000080006f4                LTDC_ER_IRQHandler
                0x00000000080006f4                DMA2_Stream2_IRQHandler
                0x00000000080006f4                HRTIM1_TIME_IRQHandler
                0x00000000080006f4                SPI1_IRQHandler
                0x00000000080006f4                TIM6_DAC_IRQHandler
                0x00000000080006f4                DCMI_IRQHandler
                0x00000000080006f4                HRTIM1_TIMC_IRQHandler
                0x00000000080006f4                DMA2_Stream3_IRQHandler
                0x00000000080006f4                SAI2_IRQHandler
                0x00000000080006f4                DFSDM1_FLT3_IRQHandler
                0x00000000080006f4                USART6_IRQHandler
                0x00000000080006f4                TIM17_IRQHandler
                0x00000000080006f4                USART3_IRQHandler
                0x00000000080006f4                BDMA_Channel7_IRQHandler
                0x00000000080006f4                LPTIM5_IRQHandler
                0x00000000080006f4                UART5_IRQHandler
                0x00000000080006f4                ADC3_IRQHandler
                0x00000000080006f4                DMA2_Stream0_IRQHandler
                0x00000000080006f4                TIM4_IRQHandler
                0x00000000080006f4                BDMA_Channel2_IRQHandler
                0x00000000080006f4                QUADSPI_IRQHandler
                0x00000000080006f4                I2C1_EV_IRQHandler
                0x00000000080006f4                DMA1_Stream6_IRQHandler
                0x00000000080006f4                DMAMUX1_OVR_IRQHandler
                0x00000000080006f4                DMA1_Stream1_IRQHandler
                0x00000000080006f4                UART4_IRQHandler
                0x00000000080006f4                BDMA_Channel5_IRQHandler
                0x00000000080006f4                TIM3_IRQHandler
                0x00000000080006f4                RCC_IRQHandler
                0x00000000080006f4                TIM8_BRK_TIM12_IRQHandler
                0x00000000080006f4                TIM1_TRG_COM_IRQHandler
                0x00000000080006f4                Default_Handler
                0x00000000080006f4                ECC_IRQHandler
                0x00000000080006f4                CEC_IRQHandler
                0x00000000080006f4                EXTI15_10_IRQHandler
                0x00000000080006f4                BDMA_Channel0_IRQHandler
                0x00000000080006f4                ADC_IRQHandler
                0x00000000080006f4                DMA1_Stream7_IRQHandler
                0x00000000080006f4                HRTIM1_TIMA_IRQHandler
                0x00000000080006f4                SPI5_IRQHandler
                0x00000000080006f4                TIM7_IRQHandler
                0x00000000080006f4                SDMMC1_IRQHandler
                0x00000000080006f4                TIM5_IRQHandler
                0x00000000080006f4                DMA2_Stream7_IRQHandler
                0x00000000080006f4                TIM15_IRQHandler
                0x00000000080006f4                PVD_AVD_IRQHandler
                0x00000000080006f4                I2C3_EV_IRQHandler
                0x00000000080006f4                EXTI9_5_IRQHandler
                0x00000000080006f4                RTC_WKUP_IRQHandler
                0x00000000080006f4                LTDC_IRQHandler
                0x00000000080006f4                SAI3_IRQHandler
                0x00000000080006f4                ETH_WKUP_IRQHandler
                0x00000000080006f4                SPDIF_RX_IRQHandler
                0x00000000080006f4                SPI2_IRQHandler
                0x00000000080006f4                OTG_HS_EP1_IN_IRQHandler
                0x00000000080006f4                DMA1_Stream0_IRQHandler
                0x00000000080006f4                CRS_IRQHandler
                0x00000000080006f4                EXTI4_IRQHandler
                0x00000000080006f4                RNG_IRQHandler
                0x00000000080006f4                HRTIM1_TIMB_IRQHandler
                0x00000000080006f4                FDCAN2_IT1_IRQHandler
                0x00000000080006f4                ETH_IRQHandler
                0x00000000080006f4                TIM1_UP_IRQHandler
                0x00000000080006f4                BDMA_Channel4_IRQHandler
                0x00000000080006f4                OTG_HS_EP1_OUT_IRQHandler
                0x00000000080006f4                WWDG_IRQHandler
                0x00000000080006f4                SPI6_IRQHandler
                0x00000000080006f4                MDIOS_IRQHandler
                0x00000000080006f4                I2C4_EV_IRQHandler
                0x00000000080006f4                FDCAN2_IT0_IRQHandler
                0x00000000080006f4                LPUART1_IRQHandler
                0x00000000080006f4                FDCAN1_IT0_IRQHandler
                0x00000000080006f4                TIM2_IRQHandler
                0x00000000080006f4                OTG_FS_WKUP_IRQHandler
                0x00000000080006f4                OTG_HS_IRQHandler
                0x00000000080006f4                DMA2D_IRQHandler
                0x00000000080006f4                TIM1_BRK_IRQHandler
                0x00000000080006f4                EXTI1_IRQHandler
                0x00000000080006f4                SDMMC2_IRQHandler
                0x00000000080006f4                OTG_FS_EP1_OUT_IRQHandler
                0x00000000080006f4                BDMA_Channel3_IRQHandler
                0x00000000080006f4                UART7_IRQHandler
                0x00000000080006f4                MDIOS_WKUP_IRQHandler
                0x00000000080006f4                USART2_IRQHandler
                0x00000000080006f4                DFSDM1_FLT0_IRQHandler
                0x00000000080006f4                SAI4_IRQHandler
                0x00000000080006f4                I2C2_ER_IRQHandler
                0x00000000080006f4                DMA2_Stream1_IRQHandler
                0x00000000080006f4                FLASH_IRQHandler
                0x00000000080006f4                DMA2_Stream4_IRQHandler
                0x00000000080006f4                USART1_IRQHandler
                0x00000000080006f4                OTG_FS_IRQHandler
                0x00000000080006f4                SPI3_IRQHandler
                0x00000000080006f4                WAKEUP_PIN_IRQHandler
                0x00000000080006f4                DMA1_Stream4_IRQHandler
                0x00000000080006f4                OTG_FS_EP1_IN_IRQHandler
                0x00000000080006f4                I2C1_ER_IRQHandler
                0x00000000080006f4                FMC_IRQHandler
                0x00000000080006f4                FDCAN_CAL_IRQHandler
                0x00000000080006f4                SWPMI1_IRQHandler
                0x00000000080006f4                COMP1_IRQHandler
                0x00000000080006f4                LPTIM1_IRQHandler
                0x00000000080006f4                I2C4_ER_IRQHandler
                0x00000000080006f4                DMA2_Stream6_IRQHandler
                0x00000000080006f4                SAI1_IRQHandler
                0x00000000080006f4                DMA1_Stream3_IRQHandler
 *fill*         0x00000000080006f6        0x2 
 .text.HAL_Init
                0x00000000080006f8       0x78 ./Drivers/STM32H7xx_HAL_Driver/Src/stm32h7xx_hal.o
                0x00000000080006f8                HAL_Init
 .text.HAL_InitTick
                0x0000000008000770       0x6c ./Drivers/STM32H7xx_HAL_Driver/Src/stm32h7xx_hal.o
                0x0000000008000770                HAL_InitTick
 .text.HAL_IncTick
                0x00000000080007dc       0x28 ./Drivers/STM32H7xx_HAL_Driver/Src/stm32h7xx_hal.o
                0x00000000080007dc                HAL_IncTick
 .text.HAL_GetTick
                0x0000000008000804       0x18 ./Drivers/STM32H7xx_HAL_Driver/Src/stm32h7xx_hal.o
                0x0000000008000804                HAL_GetTick
 .text.HAL_GetREVID
                0x000000000800081c       0x18 ./Drivers/STM32H7xx_HAL_Driver/Src/stm32h7xx_hal.o
                0x000000000800081c                HAL_GetREVID
 .text.__NVIC_SetPriorityGrouping
                0x0000000008000834       0x48 ./Drivers/STM32H7xx_HAL_Driver/Src/stm32h7xx_hal_cortex.o
 .text.__NVIC_GetPriorityGrouping
                0x000000000800087c       0x1c ./Drivers/STM32H7xx_HAL_Driver/Src/stm32h7xx_hal_cortex.o
 .text.__NVIC_EnableIRQ
                0x0000000008000898       0x3c ./Drivers/STM32H7xx_HAL_Driver/Src/stm32h7xx_hal_cortex.o
 .text.__NVIC_SetPriority
                0x00000000080008d4       0x54 ./Drivers/STM32H7xx_HAL_Driver/Src/stm32h7xx_hal_cortex.o
 .text.NVIC_EncodePriority
                0x0000000008000928       0x66 ./Drivers/STM32H7xx_HAL_Driver/Src/stm32h7xx_hal_cortex.o
 *fill*         0x000000000800098e        0x2 
 .text.SysTick_Config
                0x0000000008000990       0x44 ./Drivers/STM32H7xx_HAL_Driver/Src/stm32h7xx_hal_cortex.o
 .text.HAL_NVIC_SetPriorityGrouping
                0x00000000080009d4       0x16 ./Drivers/STM32H7xx_HAL_Driver/Src/stm32h7xx_hal_cortex.o
                0x00000000080009d4                HAL_NVIC_SetPriorityGrouping
 .text.HAL_NVIC_SetPriority
                0x00000000080009ea       0x34 ./Drivers/STM32H7xx_HAL_Driver/Src/stm32h7xx_hal_cortex.o
                0x00000000080009ea                HAL_NVIC_SetPriority
 .text.HAL_NVIC_EnableIRQ
                0x0000000008000a1e       0x1c ./Drivers/STM32H7xx_HAL_Driver/Src/stm32h7xx_hal_cortex.o
                0x0000000008000a1e                HAL_NVIC_EnableIRQ
 .text.HAL_SYSTICK_Config
                0x0000000008000a3a       0x18 ./Drivers/STM32H7xx_HAL_Driver/Src/stm32h7xx_hal_cortex.o
                0x0000000008000a3a                HAL_SYSTICK_Config
 *fill*         0x0000000008000a52        0x2 
 .text.HAL_GPIO_Init
                0x0000000008000a54      0x360 ./Drivers/STM32H7xx_HAL_Driver/Src/stm32h7xx_hal_gpio.o
                0x0000000008000a54                HAL_GPIO_Init
 .text.HAL_GPIO_WritePin
                0x0000000008000db4       0x32 ./Drivers/STM32H7xx_HAL_Driver/Src/stm32h7xx_hal_gpio.o
                0x0000000008000db4                HAL_GPIO_WritePin
 *fill*         0x0000000008000de6        0x2 
 .text.HAL_PWREx_ConfigSupply
                0x0000000008000de8       0x74 ./Drivers/STM32H7xx_HAL_Driver/Src/stm32h7xx_hal_pwr_ex.o
                0x0000000008000de8                HAL_PWREx_ConfigSupply
 .text.HAL_RCC_OscConfig
                0x0000000008000e5c      0x820 ./Drivers/STM32H7xx_HAL_Driver/Src/stm32h7xx_hal_rcc.o
                0x0000000008000e5c                HAL_RCC_OscConfig
 .text.HAL_RCC_ClockConfig
                0x000000000800167c      0x36c ./Drivers/STM32H7xx_HAL_Driver/Src/stm32h7xx_hal_rcc.o
                0x000000000800167c                HAL_RCC_ClockConfig
 .text.HAL_RCC_GetSysClockFreq
                0x00000000080019e8      0x2f4 ./Drivers/STM32H7xx_HAL_Driver/Src/stm32h7xx_hal_rcc.o
                0x00000000080019e8                HAL_RCC_GetSysClockFreq
 .text.HAL_TIM_Base_Init
                0x0000000008001cdc       0xae ./Drivers/STM32H7xx_HAL_Driver/Src/stm32h7xx_hal_tim.o
                0x0000000008001cdc                HAL_TIM_Base_Init
 *fill*         0x0000000008001d8a        0x2 
 .text.HAL_TIM_Base_Start_IT
                0x0000000008001d8c       0xe0 ./Drivers/STM32H7xx_HAL_Driver/Src/stm32h7xx_hal_tim.o
                0x0000000008001d8c                HAL_TIM_Base_Start_IT
 .text.HAL_TIM_IRQHandler
                0x0000000008001e6c      0x258 ./Drivers/STM32H7xx_HAL_Driver/Src/stm32h7xx_hal_tim.o
                0x0000000008001e6c                HAL_TIM_IRQHandler
 .text.HAL_TIM_OC_DelayElapsedCallback
                0x00000000080020c4       0x14 ./Drivers/STM32H7xx_HAL_Driver/Src/stm32h7xx_hal_tim.o
                0x00000000080020c4                HAL_TIM_OC_DelayElapsedCallback
 .text.HAL_TIM_IC_CaptureCallback
                0x00000000080020d8       0x14 ./Drivers/STM32H7xx_HAL_Driver/Src/stm32h7xx_hal_tim.o
                0x00000000080020d8                HAL_TIM_IC_CaptureCallback
 .text.HAL_TIM_PWM_PulseFinishedCallback
                0x00000000080020ec       0x14 ./Drivers/STM32H7xx_HAL_Driver/Src/stm32h7xx_hal_tim.o
                0x00000000080020ec                HAL_TIM_PWM_PulseFinishedCallback
 .text.HAL_TIM_TriggerCallback
                0x0000000008002100       0x14 ./Drivers/STM32H7xx_HAL_Driver/Src/stm32h7xx_hal_tim.o
                0x0000000008002100                HAL_TIM_TriggerCallback
 .text.TIM_Base_SetConfig
                0x0000000008002114      0x134 ./Drivers/STM32H7xx_HAL_Driver/Src/stm32h7xx_hal_tim.o
                0x0000000008002114                TIM_Base_SetConfig
 .text.HAL_TIMEx_CommutCallback
                0x0000000008002248       0x14 ./Drivers/STM32H7xx_HAL_Driver/Src/stm32h7xx_hal_tim_ex.o
                0x0000000008002248                HAL_TIMEx_CommutCallback
 .text.HAL_TIMEx_BreakCallback
                0x000000000800225c       0x14 ./Drivers/STM32H7xx_HAL_Driver/Src/stm32h7xx_hal_tim_ex.o
                0x000000000800225c                HAL_TIMEx_BreakCallback
 .text.HAL_TIMEx_Break2Callback
                0x0000000008002270       0x14 ./Drivers/STM32H7xx_HAL_Driver/Src/stm32h7xx_hal_tim_ex.o
                0x0000000008002270                HAL_TIMEx_Break2Callback
 .text.__libc_init_array
                0x0000000008002284       0x48 c:/st/stm32cubeide_1.7.0/stm32cubeide/plugins/com.st.stm32cube.ide.mcu.externaltools.gnu-tools-for-stm32.9-2020-q2-update.win32_2.0.0.202105311346/tools/bin/../lib/gcc/arm-none-eabi/9.3.1/../../../../arm-none-eabi/lib/thumb/v7e-m+dp/hard\libc_nano.a(lib_a-init.o)
                0x0000000008002284                __libc_init_array
 .text.memset   0x00000000080022cc       0x10 c:/st/stm32cubeide_1.7.0/stm32cubeide/plugins/com.st.stm32cube.ide.mcu.externaltools.gnu-tools-for-stm32.9-2020-q2-update.win32_2.0.0.202105311346/tools/bin/../lib/gcc/arm-none-eabi/9.3.1/../../../../arm-none-eabi/lib/thumb/v7e-m+dp/hard\libc_nano.a(lib_a-memset.o)
                0x00000000080022cc                memset
 *(.glue_7)
 .glue_7        0x00000000080022dc        0x0 linker stubs
 *(.glue_7t)
 .glue_7t       0x00000000080022dc        0x0 linker stubs
 *(.eh_frame)
 .eh_frame      0x00000000080022dc        0x0 c:/st/stm32cubeide_1.7.0/stm32cubeide/plugins/com.st.stm32cube.ide.mcu.externaltools.gnu-tools-for-stm32.9-2020-q2-update.win32_2.0.0.202105311346/tools/bin/../lib/gcc/arm-none-eabi/9.3.1/thumb/v7e-m+dp/hard/crtbegin.o
 *(.init)
 .init          0x00000000080022dc        0x4 c:/st/stm32cubeide_1.7.0/stm32cubeide/plugins/com.st.stm32cube.ide.mcu.externaltools.gnu-tools-for-stm32.9-2020-q2-update.win32_2.0.0.202105311346/tools/bin/../lib/gcc/arm-none-eabi/9.3.1/thumb/v7e-m+dp/hard/crti.o
                0x00000000080022dc                _init
 .init          0x00000000080022e0        0x8 c:/st/stm32cubeide_1.7.0/stm32cubeide/plugins/com.st.stm32cube.ide.mcu.externaltools.gnu-tools-for-stm32.9-2020-q2-update.win32_2.0.0.202105311346/tools/bin/../lib/gcc/arm-none-eabi/9.3.1/thumb/v7e-m+dp/hard/crtn.o
 *(.fini)
 .fini          0x00000000080022e8        0x4 c:/st/stm32cubeide_1.7.0/stm32cubeide/plugins/com.st.stm32cube.ide.mcu.externaltools.gnu-tools-for-stm32.9-2020-q2-update.win32_2.0.0.202105311346/tools/bin/../lib/gcc/arm-none-eabi/9.3.1/thumb/v7e-m+dp/hard/crti.o
                0x00000000080022e8                _fini
 .fini          0x00000000080022ec        0x8 c:/st/stm32cubeide_1.7.0/stm32cubeide/plugins/com.st.stm32cube.ide.mcu.externaltools.gnu-tools-for-stm32.9-2020-q2-update.win32_2.0.0.202105311346/tools/bin/../lib/gcc/arm-none-eabi/9.3.1/thumb/v7e-m+dp/hard/crtn.o
                0x00000000080022f4                . = ALIGN (0x4)
                0x00000000080022f4                _etext = .

.vfp11_veneer   0x00000000080022f4        0x0
 .vfp11_veneer  0x00000000080022f4        0x0 linker stubs

.v4_bx          0x00000000080022f4        0x0
 .v4_bx         0x00000000080022f4        0x0 linker stubs

.iplt           0x00000000080022f4        0x0
 .iplt          0x00000000080022f4        0x0 c:/st/stm32cubeide_1.7.0/stm32cubeide/plugins/com.st.stm32cube.ide.mcu.externaltools.gnu-tools-for-stm32.9-2020-q2-update.win32_2.0.0.202105311346/tools/bin/../lib/gcc/arm-none-eabi/9.3.1/thumb/v7e-m+dp/hard/crtbegin.o

.rodata         0x00000000080022f4       0x10
                0x00000000080022f4                . = ALIGN (0x4)
 *(.rodata)
 *(.rodata*)
 .rodata.D1CorePrescTable
                0x00000000080022f4       0x10 ./Core/Src/system_stm32h7xx.o
                0x00000000080022f4                D1CorePrescTable
                0x0000000008002304                . = ALIGN (0x4)

.rel.dyn        0x0000000008002304        0x0
 .rel.iplt      0x0000000008002304        0x0 c:/st/stm32cubeide_1.7.0/stm32cubeide/plugins/com.st.stm32cube.ide.mcu.externaltools.gnu-tools-for-stm32.9-2020-q2-update.win32_2.0.0.202105311346/tools/bin/../lib/gcc/arm-none-eabi/9.3.1/thumb/v7e-m+dp/hard/crtbegin.o

.ARM.extab
 *(.ARM.extab* .gnu.linkonce.armextab.*)

.ARM            0x0000000008002304        0x0
                0x0000000008002304                __exidx_start = .
 *(.ARM.exidx*)
                0x0000000008002304                __exidx_end = .

.preinit_array  0x0000000008002304        0x0
                0x0000000008002304                PROVIDE (__preinit_array_start = .)
 *(.preinit_array*)
                0x0000000008002304                PROVIDE (__preinit_array_end = .)

.init_array     0x0000000008002304        0x4
                0x0000000008002304                PROVIDE (__init_array_start = .)
 *(SORT_BY_NAME(.init_array.*))
 *(.init_array*)
 .init_array    0x0000000008002304        0x4 c:/st/stm32cubeide_1.7.0/stm32cubeide/plugins/com.st.stm32cube.ide.mcu.externaltools.gnu-tools-for-stm32.9-2020-q2-update.win32_2.0.0.202105311346/tools/bin/../lib/gcc/arm-none-eabi/9.3.1/thumb/v7e-m+dp/hard/crtbegin.o
                0x0000000008002308                PROVIDE (__init_array_end = .)

.fini_array     0x0000000008002308        0x4
                [!provide]                        PROVIDE (__fini_array_start = .)
 *(SORT_BY_NAME(.fini_array.*))
 *(.fini_array*)
 .fini_array    0x0000000008002308        0x4 c:/st/stm32cubeide_1.7.0/stm32cubeide/plugins/com.st.stm32cube.ide.mcu.externaltools.gnu-tools-for-stm32.9-2020-q2-update.win32_2.0.0.202105311346/tools/bin/../lib/gcc/arm-none-eabi/9.3.1/thumb/v7e-m+dp/hard/crtbegin.o
                [!provide]                        PROVIDE (__fini_array_end = .)
                0x000000000800230c                _sidata = LOADADDR (.data)

.data           0x0000000024000000       0x10 load address 0x000000000800230c
                0x0000000024000000                . = ALIGN (0x4)
                0x0000000024000000                _sdata = .
 *(.data)
 *(.data*)
 .data.SystemCoreClock
                0x0000000024000000        0x4 ./Core/Src/system_stm32h7xx.o
                0x0000000024000000                SystemCoreClock
 .data.SystemD2Clock
                0x0000000024000004        0x4 ./Core/Src/system_stm32h7xx.o
                0x0000000024000004                SystemD2Clock
 .data.uwTickPrio
                0x0000000024000008        0x4 ./Drivers/STM32H7xx_HAL_Driver/Src/stm32h7xx_hal.o
                0x0000000024000008                uwTickPrio
 .data.uwTickFreq
                0x000000002400000c        0x1 ./Drivers/STM32H7xx_HAL_Driver/Src/stm32h7xx_hal.o
                0x000000002400000c                uwTickFreq
 *(.RamFunc)
 *(.RamFunc*)
                0x0000000024000010                . = ALIGN (0x4)
 *fill*         0x000000002400000d        0x3 
                0x0000000024000010                _edata = .

.igot.plt       0x0000000024000010        0x0 load address 0x000000000800231c
 .igot.plt      0x0000000024000010        0x0 c:/st/stm32cubeide_1.7.0/stm32cubeide/plugins/com.st.stm32cube.ide.mcu.externaltools.gnu-tools-for-stm32.9-2020-q2-update.win32_2.0.0.202105311346/tools/bin/../lib/gcc/arm-none-eabi/9.3.1/thumb/v7e-m+dp/hard/crtbegin.o
                0x0000000024000010                . = ALIGN (0x4)

.bss            0x0000000024000010       0x6c load address 0x000000000800231c
                0x0000000024000010                _sbss = .
                0x0000000024000010                __bss_start__ = _sbss
 *(.bss)
 .bss           0x0000000024000010       0x1c c:/st/stm32cubeide_1.7.0/stm32cubeide/plugins/com.st.stm32cube.ide.mcu.externaltools.gnu-tools-for-stm32.9-2020-q2-update.win32_2.0.0.202105311346/tools/bin/../lib/gcc/arm-none-eabi/9.3.1/thumb/v7e-m+dp/hard/crtbegin.o
 *(.bss*)
 *(COMMON)
 COMMON         0x000000002400002c       0x4c ./Core/Src/main.o
                0x000000002400002c                htim16
 COMMON         0x0000000024000078        0x4 ./Drivers/STM32H7xx_HAL_Driver/Src/stm32h7xx_hal.o
                0x0000000024000078                uwTick
                0x000000002400007c                . = ALIGN (0x4)
                0x000000002400007c                _ebss = .
                0x000000002400007c                __bss_end__ = _ebss

._user_heap_stack
                0x000000002400007c      0x604 load address 0x000000000800231c
                0x0000000024000080                . = ALIGN (0x8)
 *fill*         0x000000002400007c        0x4 
                [!provide]                        PROVIDE (end = .)
                0x0000000024000080                PROVIDE (_end = .)
                0x0000000024000280                . = (. + _Min_Heap_Size)
 *fill*         0x0000000024000080      0x200 
                0x0000000024000680                . = (. + _Min_Stack_Size)
 *fill*         0x0000000024000280      0x400 
                0x0000000024000680                . = ALIGN (0x8)

/DISCARD/
 libc.a(*)
 libm.a(*)
 libgcc.a(*)

.ARM.attributes
                0x0000000000000000       0x2e
 *(.ARM.attributes)
 .ARM.attributes
                0x0000000000000000       0x1e c:/st/stm32cubeide_1.7.0/stm32cubeide/plugins/com.st.stm32cube.ide.mcu.externaltools.gnu-tools-for-stm32.9-2020-q2-update.win32_2.0.0.202105311346/tools/bin/../lib/gcc/arm-none-eabi/9.3.1/thumb/v7e-m+dp/hard/crti.o
 .ARM.attributes
                0x000000000000001e       0x32 c:/st/stm32cubeide_1.7.0/stm32cubeide/plugins/com.st.stm32cube.ide.mcu.externaltools.gnu-tools-for-stm32.9-2020-q2-update.win32_2.0.0.202105311346/tools/bin/../lib/gcc/arm-none-eabi/9.3.1/thumb/v7e-m+dp/hard/crtbegin.o
 .ARM.attributes
                0x0000000000000050       0x32 ./Core/Src/main.o
 .ARM.attributes
                0x0000000000000082       0x32 ./Core/Src/stm32h7xx_hal_msp.o
 .ARM.attributes
                0x00000000000000b4       0x32 ./Core/Src/stm32h7xx_it.o
 .ARM.attributes
                0x00000000000000e6       0x32 ./Core/Src/system_stm32h7xx.o
 .ARM.attributes
                0x0000000000000118       0x21 ./Core/Startup/startup_stm32h743zitx.o
 .ARM.attributes
                0x0000000000000139       0x32 ./Drivers/STM32H7xx_HAL_Driver/Src/stm32h7xx_hal.o
 .ARM.attributes
                0x000000000000016b       0x32 ./Drivers/STM32H7xx_HAL_Driver/Src/stm32h7xx_hal_cortex.o
 .ARM.attributes
                0x000000000000019d       0x32 ./Drivers/STM32H7xx_HAL_Driver/Src/stm32h7xx_hal_gpio.o
 .ARM.attributes
                0x00000000000001cf       0x32 ./Drivers/STM32H7xx_HAL_Driver/Src/stm32h7xx_hal_pwr_ex.o
 .ARM.attributes
                0x0000000000000201       0x32 ./Drivers/STM32H7xx_HAL_Driver/Src/stm32h7xx_hal_rcc.o
 .ARM.attributes
                0x0000000000000233       0x32 ./Drivers/STM32H7xx_HAL_Driver/Src/stm32h7xx_hal_tim.o
 .ARM.attributes
                0x0000000000000265       0x32 ./Drivers/STM32H7xx_HAL_Driver/Src/stm32h7xx_hal_tim_ex.o
 .ARM.attributes
                0x0000000000000297       0x32 c:/st/stm32cubeide_1.7.0/stm32cubeide/plugins/com.st.stm32cube.ide.mcu.externaltools.gnu-tools-for-stm32.9-2020-q2-update.win32_2.0.0.202105311346/tools/bin/../lib/gcc/arm-none-eabi/9.3.1/../../../../arm-none-eabi/lib/thumb/v7e-m+dp/hard\libc_nano.a(lib_a-init.o)
 .ARM.attributes
                0x00000000000002c9       0x32 c:/st/stm32cubeide_1.7.0/stm32cubeide/plugins/com.st.stm32cube.ide.mcu.externaltools.gnu-tools-for-stm32.9-2020-q2-update.win32_2.0.0.202105311346/tools/bin/../lib/gcc/arm-none-eabi/9.3.1/../../../../arm-none-eabi/lib/thumb/v7e-m+dp/hard\libc_nano.a(lib_a-memset.o)
 .ARM.attributes
                0x00000000000002fb       0x1e c:/st/stm32cubeide_1.7.0/stm32cubeide/plugins/com.st.stm32cube.ide.mcu.externaltools.gnu-tools-for-stm32.9-2020-q2-update.win32_2.0.0.202105311346/tools/bin/../lib/gcc/arm-none-eabi/9.3.1/thumb/v7e-m+dp/hard/crtn.o
OUTPUT(ISR Vergleich.elf elf32-littlearm)
LOAD linker stubs
LOAD c:/st/stm32cubeide_1.7.0/stm32cubeide/plugins/com.st.stm32cube.ide.mcu.externaltools.gnu-tools-for-stm32.9-2020-q2-update.win32_2.0.0.202105311346/tools/bin/../lib/gcc/arm-none-eabi/9.3.1/../../../../arm-none-eabi/lib/thumb/v7e-m+dp/hard\libc.a
LOAD c:/st/stm32cubeide_1.7.0/stm32cubeide/plugins/com.st.stm32cube.ide.mcu.externaltools.gnu-tools-for-stm32.9-2020-q2-update.win32_2.0.0.202105311346/tools/bin/../lib/gcc/arm-none-eabi/9.3.1/../../../../arm-none-eabi/lib/thumb/v7e-m+dp/hard\libm.a
LOAD c:/st/stm32cubeide_1.7.0/stm32cubeide/plugins/com.st.stm32cube.ide.mcu.externaltools.gnu-tools-for-stm32.9-2020-q2-update.win32_2.0.0.202105311346/tools/bin/../lib/gcc/arm-none-eabi/9.3.1/thumb/v7e-m+dp/hard\libgcc.a

.debug_info     0x0000000000000000    0x14042
 .debug_info    0x0000000000000000     0x1ca8 ./Core/Src/main.o
 .debug_info    0x0000000000001ca8     0x19de ./Core/Src/stm32h7xx_hal_msp.o
 .debug_info    0x0000000000003686     0x12b1 ./Core/Src/stm32h7xx_it.o
 .debug_info    0x0000000000004937     0x1748 ./Core/Src/system_stm32h7xx.o
 .debug_info    0x000000000000607f       0x22 ./Core/Startup/startup_stm32h743zitx.o
 .debug_info    0x00000000000060a1     0x1f5e ./Drivers/STM32H7xx_HAL_Driver/Src/stm32h7xx_hal.o
 .debug_info    0x0000000000007fff     0x1bd4 ./Drivers/STM32H7xx_HAL_Driver/Src/stm32h7xx_hal_cortex.o
 .debug_info    0x0000000000009bd3     0x17bf ./Drivers/STM32H7xx_HAL_Driver/Src/stm32h7xx_hal_gpio.o
 .debug_info    0x000000000000b392     0x1b06 ./Drivers/STM32H7xx_HAL_Driver/Src/stm32h7xx_hal_pwr_ex.o
 .debug_info    0x000000000000ce98     0x192a ./Drivers/STM32H7xx_HAL_Driver/Src/stm32h7xx_hal_rcc.o
 .debug_info    0x000000000000e7c2     0x36d8 ./Drivers/STM32H7xx_HAL_Driver/Src/stm32h7xx_hal_tim.o
 .debug_info    0x0000000000011e9a     0x21a8 ./Drivers/STM32H7xx_HAL_Driver/Src/stm32h7xx_hal_tim_ex.o

.debug_abbrev   0x0000000000000000     0x2032
 .debug_abbrev  0x0000000000000000      0x2f4 ./Core/Src/main.o
 .debug_abbrev  0x00000000000002f4      0x25e ./Core/Src/stm32h7xx_hal_msp.o
 .debug_abbrev  0x0000000000000552      0x211 ./Core/Src/stm32h7xx_it.o
 .debug_abbrev  0x0000000000000763      0x262 ./Core/Src/system_stm32h7xx.o
 .debug_abbrev  0x00000000000009c5       0x12 ./Core/Startup/startup_stm32h743zitx.o
 .debug_abbrev  0x00000000000009d7      0x31b ./Drivers/STM32H7xx_HAL_Driver/Src/stm32h7xx_hal.o
 .debug_abbrev  0x0000000000000cf2      0x409 ./Drivers/STM32H7xx_HAL_Driver/Src/stm32h7xx_hal_cortex.o
 .debug_abbrev  0x00000000000010fb      0x2cb ./Drivers/STM32H7xx_HAL_Driver/Src/stm32h7xx_hal_gpio.o
 .debug_abbrev  0x00000000000013c6      0x350 ./Drivers/STM32H7xx_HAL_Driver/Src/stm32h7xx_hal_pwr_ex.o
 .debug_abbrev  0x0000000000001716      0x322 ./Drivers/STM32H7xx_HAL_Driver/Src/stm32h7xx_hal_rcc.o
 .debug_abbrev  0x0000000000001a38      0x2f9 ./Drivers/STM32H7xx_HAL_Driver/Src/stm32h7xx_hal_tim.o
 .debug_abbrev  0x0000000000001d31      0x301 ./Drivers/STM32H7xx_HAL_Driver/Src/stm32h7xx_hal_tim_ex.o

.debug_aranges  0x0000000000000000      0xb88
 .debug_aranges
                0x0000000000000000       0x48 ./Core/Src/main.o
 .debug_aranges
                0x0000000000000048       0x30 ./Core/Src/stm32h7xx_hal_msp.o
 .debug_aranges
                0x0000000000000078       0x68 ./Core/Src/stm32h7xx_it.o
 .debug_aranges
                0x00000000000000e0       0x28 ./Core/Src/system_stm32h7xx.o
 .debug_aranges
                0x0000000000000108       0x28 ./Core/Startup/startup_stm32h743zitx.o
 .debug_aranges
                0x0000000000000130      0x198 ./Drivers/STM32H7xx_HAL_Driver/Src/stm32h7xx_hal.o
 .debug_aranges
                0x00000000000002c8      0x120 ./Drivers/STM32H7xx_HAL_Driver/Src/stm32h7xx_hal_cortex.o
 .debug_aranges
                0x00000000000003e8       0x58 ./Drivers/STM32H7xx_HAL_Driver/Src/stm32h7xx_hal_gpio.o
 .debug_aranges
                0x0000000000000440      0x158 ./Drivers/STM32H7xx_HAL_Driver/Src/stm32h7xx_hal_pwr_ex.o
 .debug_aranges
                0x0000000000000598       0x88 ./Drivers/STM32H7xx_HAL_Driver/Src/stm32h7xx_hal_rcc.o
 .debug_aranges
                0x0000000000000620      0x3e0 ./Drivers/STM32H7xx_HAL_Driver/Src/stm32h7xx_hal_tim.o
 .debug_aranges
                0x0000000000000a00      0x188 ./Drivers/STM32H7xx_HAL_Driver/Src/stm32h7xx_hal_tim_ex.o

.debug_ranges   0x0000000000000000      0xad0
 .debug_ranges  0x0000000000000000       0x38 ./Core/Src/main.o
 .debug_ranges  0x0000000000000038       0x20 ./Core/Src/stm32h7xx_hal_msp.o
 .debug_ranges  0x0000000000000058       0x58 ./Core/Src/stm32h7xx_it.o
 .debug_ranges  0x00000000000000b0       0x18 ./Core/Src/system_stm32h7xx.o
 .debug_ranges  0x00000000000000c8       0x20 ./Core/Startup/startup_stm32h743zitx.o
 .debug_ranges  0x00000000000000e8      0x188 ./Drivers/STM32H7xx_HAL_Driver/Src/stm32h7xx_hal.o
 .debug_ranges  0x0000000000000270      0x110 ./Drivers/STM32H7xx_HAL_Driver/Src/stm32h7xx_hal_cortex.o
 .debug_ranges  0x0000000000000380       0x48 ./Drivers/STM32H7xx_HAL_Driver/Src/stm32h7xx_hal_gpio.o
 .debug_ranges  0x00000000000003c8      0x148 ./Drivers/STM32H7xx_HAL_Driver/Src/stm32h7xx_hal_pwr_ex.o
 .debug_ranges  0x0000000000000510       0x78 ./Drivers/STM32H7xx_HAL_Driver/Src/stm32h7xx_hal_rcc.o
 .debug_ranges  0x0000000000000588      0x3d0 ./Drivers/STM32H7xx_HAL_Driver/Src/stm32h7xx_hal_tim.o
 .debug_ranges  0x0000000000000958      0x178 ./Drivers/STM32H7xx_HAL_Driver/Src/stm32h7xx_hal_tim_ex.o

.debug_macro    0x0000000000000000    0x35063
 .debug_macro   0x0000000000000000      0x2a2 ./Core/Src/main.o
 .debug_macro   0x00000000000002a2      0xac0 ./Core/Src/main.o
 .debug_macro   0x0000000000000d62      0x232 ./Core/Src/main.o
 .debug_macro   0x0000000000000f94       0x2e ./Core/Src/main.o
 .debug_macro   0x0000000000000fc2       0x3b ./Core/Src/main.o
 .debug_macro   0x0000000000000ffd       0x22 ./Core/Src/main.o
 .debug_macro   0x000000000000101f       0x8e ./Core/Src/main.o
 .debug_macro   0x00000000000010ad       0x51 ./Core/Src/main.o
 .debug_macro   0x00000000000010fe      0x103 ./Core/Src/main.o
 .debug_macro   0x0000000000001201       0x6a ./Core/Src/main.o
 .debug_macro   0x000000000000126b      0x1df ./Core/Src/main.o
 .debug_macro   0x000000000000144a       0x1c ./Core/Src/main.o
 .debug_macro   0x0000000000001466       0x22 ./Core/Src/main.o
 .debug_macro   0x0000000000001488      0x101 ./Core/Src/main.o
 .debug_macro   0x0000000000001589     0x1305 ./Core/Src/main.o
 .debug_macro   0x000000000000288e      0x11f ./Core/Src/main.o
 .debug_macro   0x00000000000029ad       0x27 ./Core/Src/main.o
 .debug_macro   0x00000000000029d4    0x253d1 ./Core/Src/main.o
 .debug_macro   0x0000000000027da5       0x43 ./Core/Src/main.o
 .debug_macro   0x0000000000027de8     0x3cd3 ./Core/Src/main.o
 .debug_macro   0x000000000002babb      0x174 ./Core/Src/main.o
 .debug_macro   0x000000000002bc2f       0x52 ./Core/Src/main.o
 .debug_macro   0x000000000002bc81       0x17 ./Core/Src/main.o
 .debug_macro   0x000000000002bc98       0x3c ./Core/Src/main.o
 .debug_macro   0x000000000002bcd4       0x34 ./Core/Src/main.o
 .debug_macro   0x000000000002bd08       0x16 ./Core/Src/main.o
 .debug_macro   0x000000000002bd1e       0x43 ./Core/Src/main.o
 .debug_macro   0x000000000002bd61       0x34 ./Core/Src/main.o
 .debug_macro   0x000000000002bd95       0x10 ./Core/Src/main.o
 .debug_macro   0x000000000002bda5       0x58 ./Core/Src/main.o
 .debug_macro   0x000000000002bdfd       0x71 ./Core/Src/main.o
 .debug_macro   0x000000000002be6e       0x1c ./Core/Src/main.o
 .debug_macro   0x000000000002be8a      0x12a ./Core/Src/main.o
 .debug_macro   0x000000000002bfb4      0x333 ./Core/Src/main.o
 .debug_macro   0x000000000002c2e7      0x1a9 ./Core/Src/main.o
 .debug_macro   0x000000000002c490       0x5d ./Core/Src/main.o
 .debug_macro   0x000000000002c4ed     0x2382 ./Core/Src/main.o
 .debug_macro   0x000000000002e86f     0x1002 ./Core/Src/main.o
 .debug_macro   0x000000000002f871      0x14d ./Core/Src/main.o
 .debug_macro   0x000000000002f9be      0x117 ./Core/Src/main.o
 .debug_macro   0x000000000002fad5      0x3b2 ./Core/Src/main.o
 .debug_macro   0x000000000002fe87       0x27 ./Core/Src/main.o
 .debug_macro   0x000000000002feae      0x72d ./Core/Src/main.o
 .debug_macro   0x00000000000305db      0x229 ./Core/Src/main.o
 .debug_macro   0x0000000000030804       0x66 ./Core/Src/main.o
 .debug_macro   0x000000000003086a      0x3bb ./Core/Src/main.o
 .debug_macro   0x0000000000030c25      0x3e5 ./Core/Src/main.o
 .debug_macro   0x000000000003100a      0x275 ./Core/Src/main.o
 .debug_macro   0x000000000003127f      0x3cb ./Core/Src/main.o
 .debug_macro   0x000000000003164a      0x408 ./Core/Src/main.o
 .debug_macro   0x0000000000031a52       0x51 ./Core/Src/main.o
 .debug_macro   0x0000000000031aa3       0x4a ./Core/Src/main.o
 .debug_macro   0x0000000000031aed      0x22c ./Core/Src/main.o
 .debug_macro   0x0000000000031d19       0x67 ./Core/Src/main.o
 .debug_macro   0x0000000000031d80       0xa5 ./Core/Src/main.o
 .debug_macro   0x0000000000031e25      0x1c5 ./Core/Src/main.o
 .debug_macro   0x0000000000031fea      0x25f ./Core/Src/main.o
 .debug_macro   0x0000000000032249       0x35 ./Core/Src/main.o
 .debug_macro   0x000000000003227e      0xae5 ./Core/Src/main.o
 .debug_macro   0x0000000000032d63      0x2a0 ./Core/Src/main.o
 .debug_macro   0x0000000000033003      0x5a0 ./Core/Src/main.o
 .debug_macro   0x00000000000335a3       0x10 ./Core/Src/main.o
 .debug_macro   0x00000000000335b3      0x2a2 ./Core/Src/stm32h7xx_hal_msp.o
 .debug_macro   0x0000000000033855      0x2ac ./Core/Src/stm32h7xx_it.o
 .debug_macro   0x0000000000033b01      0x299 ./Core/Src/system_stm32h7xx.o
 .debug_macro   0x0000000000033d9a      0x2bd ./Drivers/STM32H7xx_HAL_Driver/Src/stm32h7xx_hal.o
 .debug_macro   0x0000000000034057      0x293 ./Drivers/STM32H7xx_HAL_Driver/Src/stm32h7xx_hal_cortex.o
 .debug_macro   0x00000000000342ea      0x2cf ./Drivers/STM32H7xx_HAL_Driver/Src/stm32h7xx_hal_gpio.o
 .debug_macro   0x00000000000345b9      0x2cc ./Drivers/STM32H7xx_HAL_Driver/Src/stm32h7xx_hal_pwr_ex.o
 .debug_macro   0x0000000000034885      0x2b7 ./Drivers/STM32H7xx_HAL_Driver/Src/stm32h7xx_hal_rcc.o
 .debug_macro   0x0000000000034b3c      0x294 ./Drivers/STM32H7xx_HAL_Driver/Src/stm32h7xx_hal_tim.o
 .debug_macro   0x0000000000034dd0      0x293 ./Drivers/STM32H7xx_HAL_Driver/Src/stm32h7xx_hal_tim_ex.o

.debug_line     0x0000000000000000     0xc9ec
 .debug_line    0x0000000000000000      0x914 ./Core/Src/main.o
 .debug_line    0x0000000000000914      0x861 ./Core/Src/stm32h7xx_hal_msp.o
 .debug_line    0x0000000000001175      0x901 ./Core/Src/stm32h7xx_it.o
 .debug_line    0x0000000000001a76      0x9dd ./Core/Src/system_stm32h7xx.o
 .debug_line    0x0000000000002453       0x88 ./Core/Startup/startup_stm32h743zitx.o
 .debug_line    0x00000000000024db      0xdd4 ./Drivers/STM32H7xx_HAL_Driver/Src/stm32h7xx_hal.o
 .debug_line    0x00000000000032af      0xdda ./Drivers/STM32H7xx_HAL_Driver/Src/stm32h7xx_hal_cortex.o
 .debug_line    0x0000000000004089      0xc9f ./Drivers/STM32H7xx_HAL_Driver/Src/stm32h7xx_hal_gpio.o
 .debug_line    0x0000000000004d28      0xeee ./Drivers/STM32H7xx_HAL_Driver/Src/stm32h7xx_hal_pwr_ex.o
 .debug_line    0x0000000000005c16     0x1320 ./Drivers/STM32H7xx_HAL_Driver/Src/stm32h7xx_hal_rcc.o
 .debug_line    0x0000000000006f36     0x3da7 ./Drivers/STM32H7xx_HAL_Driver/Src/stm32h7xx_hal_tim.o
 .debug_line    0x000000000000acdd     0x1d0f ./Drivers/STM32H7xx_HAL_Driver/Src/stm32h7xx_hal_tim_ex.o

.debug_str      0x0000000000000000   0x157d1e
 .debug_str     0x0000000000000000   0x154683 ./Core/Src/main.o
                                     0x154c4e (size before relaxing)
 .debug_str     0x0000000000154683      0x814 ./Core/Src/stm32h7xx_hal_msp.o
                                     0x155168 (size before relaxing)
 .debug_str     0x0000000000154e97       0xce ./Core/Src/stm32h7xx_it.o
                                     0x15479e (size before relaxing)
 .debug_str     0x0000000000154f65      0x332 ./Core/Src/system_stm32h7xx.o
                                     0x154627 (size before relaxing)
 .debug_str     0x0000000000155297       0x36 ./Core/Startup/startup_stm32h743zitx.o
                                         0x8f (size before relaxing)
 .debug_str     0x00000000001552cd      0x757 ./Drivers/STM32H7xx_HAL_Driver/Src/stm32h7xx_hal.o
                                     0x155438 (size before relaxing)
 .debug_str     0x0000000000155a24      0x3a4 ./Drivers/STM32H7xx_HAL_Driver/Src/stm32h7xx_hal_cortex.o
                                     0x154f40 (size before relaxing)
 .debug_str     0x0000000000155dc8      0x204 ./Drivers/STM32H7xx_HAL_Driver/Src/stm32h7xx_hal_gpio.o
                                     0x1546d7 (size before relaxing)
 .debug_str     0x0000000000155fcc      0x63e ./Drivers/STM32H7xx_HAL_Driver/Src/stm32h7xx_hal_pwr_ex.o
                                     0x154a91 (size before relaxing)
 .debug_str     0x000000000015660a      0x26c ./Drivers/STM32H7xx_HAL_Driver/Src/stm32h7xx_hal_rcc.o
                                     0x154966 (size before relaxing)
 .debug_str     0x0000000000156876      0xe45 ./Drivers/STM32H7xx_HAL_Driver/Src/stm32h7xx_hal_tim.o
                                     0x1556e3 (size before relaxing)
 .debug_str     0x00000000001576bb      0x663 ./Drivers/STM32H7xx_HAL_Driver/Src/stm32h7xx_hal_tim_ex.o
                                     0x154f82 (size before relaxing)

.comment        0x0000000000000000       0x53
 .comment       0x0000000000000000       0x53 ./Core/Src/main.o
                                         0x54 (size before relaxing)
 .comment       0x0000000000000053       0x54 ./Core/Src/stm32h7xx_hal_msp.o
 .comment       0x0000000000000053       0x54 ./Core/Src/stm32h7xx_it.o
 .comment       0x0000000000000053       0x54 ./Core/Src/system_stm32h7xx.o
 .comment       0x0000000000000053       0x54 ./Drivers/STM32H7xx_HAL_Driver/Src/stm32h7xx_hal.o
 .comment       0x0000000000000053       0x54 ./Drivers/STM32H7xx_HAL_Driver/Src/stm32h7xx_hal_cortex.o
 .comment       0x0000000000000053       0x54 ./Drivers/STM32H7xx_HAL_Driver/Src/stm32h7xx_hal_gpio.o
 .comment       0x0000000000000053       0x54 ./Drivers/STM32H7xx_HAL_Driver/Src/stm32h7xx_hal_pwr_ex.o
 .comment       0x0000000000000053       0x54 ./Drivers/STM32H7xx_HAL_Driver/Src/stm32h7xx_hal_rcc.o
 .comment       0x0000000000000053       0x54 ./Drivers/STM32H7xx_HAL_Driver/Src/stm32h7xx_hal_tim.o
 .comment       0x0000000000000053       0x54 ./Drivers/STM32H7xx_HAL_Driver/Src/stm32h7xx_hal_tim_ex.o

.debug_frame    0x0000000000000000     0x3010
 .debug_frame   0x0000000000000000       0xd0 ./Core/Src/main.o
 .debug_frame   0x00000000000000d0       0x80 ./Core/Src/stm32h7xx_hal_msp.o
 .debug_frame   0x0000000000000150      0x120 ./Core/Src/stm32h7xx_it.o
 .debug_frame   0x0000000000000270       0x58 ./Core/Src/system_stm32h7xx.o
 .debug_frame   0x00000000000002c8      0x690 ./Drivers/STM32H7xx_HAL_Driver/Src/stm32h7xx_hal.o
 .debug_frame   0x0000000000000958      0x4b8 ./Drivers/STM32H7xx_HAL_Driver/Src/stm32h7xx_hal_cortex.o
 .debug_frame   0x0000000000000e10      0x14c ./Drivers/STM32H7xx_HAL_Driver/Src/stm32h7xx_hal_gpio.o
 .debug_frame   0x0000000000000f5c      0x580 ./Drivers/STM32H7xx_HAL_Driver/Src/stm32h7xx_hal_pwr_ex.o
 .debug_frame   0x00000000000014dc      0x1f8 ./Drivers/STM32H7xx_HAL_Driver/Src/stm32h7xx_hal_rcc.o
 .debug_frame   0x00000000000016d4     0x1218 ./Drivers/STM32H7xx_HAL_Driver/Src/stm32h7xx_hal_tim.o
 .debug_frame   0x00000000000028ec      0x6d8 ./Drivers/STM32H7xx_HAL_Driver/Src/stm32h7xx_hal_tim_ex.o
 .debug_frame   0x0000000000002fc4       0x2c c:/st/stm32cubeide_1.7.0/stm32cubeide/plugins/com.st.stm32cube.ide.mcu.externaltools.gnu-tools-for-stm32.9-2020-q2-update.win32_2.0.0.202105311346/tools/bin/../lib/gcc/arm-none-eabi/9.3.1/../../../../arm-none-eabi/lib/thumb/v7e-m+dp/hard\libc_nano.a(lib_a-init.o)
 .debug_frame   0x0000000000002ff0       0x20 c:/st/stm32cubeide_1.7.0/stm32cubeide/plugins/com.st.stm32cube.ide.mcu.externaltools.gnu-tools-for-stm32.9-2020-q2-update.win32_2.0.0.202105311346/tools/bin/../lib/gcc/arm-none-eabi/9.3.1/../../../../arm-none-eabi/lib/thumb/v7e-m+dp/hard\libc_nano.a(lib_a-memset.o)
