###############################################################################
#
# IAR ELF Linker V9.10.2.313/W64 for ARM                  11/Aug/2021  11:54:43
# Copyright 2007-2021 IAR Systems AB.
#
#    Output file  =
#        C:\Users\MadeuxS\Downloads\KATEK_Compiler_Vergleich-main\Compiler
#        Haupttests STM32H743ZI\EWARM\Compiler Haupttests
#        STM32H743ZI\Exe\Compiler Haupttests STM32H743ZI.out
#    Map file     =
#        C:\Users\MadeuxS\Downloads\KATEK_Compiler_Vergleich-main\Compiler
#        Haupttests STM32H743ZI\EWARM\Compiler Haupttests
#        STM32H743ZI\List\Compiler Haupttests STM32H743ZI.map
#    Command line =
#        -f "C:\Users\MadeuxS\Downloads\KATEK_Compiler_Vergleich-main\Compiler
#        Haupttests STM32H743ZI\EWARM\Compiler Haupttests
#        STM32H743ZI\Exe\Compiler Haupttests STM32H743ZI.out.rsp"
#        ("C:\Users\MadeuxS\Downloads\KATEK_Compiler_Vergleich-main\Compiler
#        Haupttests STM32H743ZI\EWARM\Compiler Haupttests
#        STM32H743ZI\Obj\Application\User\Core\main.o"
#        "C:\Users\MadeuxS\Downloads\KATEK_Compiler_Vergleich-main\Compiler
#        Haupttests STM32H743ZI\EWARM\Compiler Haupttests
#        STM32H743ZI\Obj\Application\EWARM\startup_stm32h743xx.o"
#        "C:\Users\MadeuxS\Downloads\KATEK_Compiler_Vergleich-main\Compiler
#        Haupttests STM32H743ZI\EWARM\Compiler Haupttests
#        STM32H743ZI\Obj\Drivers\STM32H7xx_HAL_Driver\stm32h7xx_hal.o"
#        "C:\Users\MadeuxS\Downloads\KATEK_Compiler_Vergleich-main\Compiler
#        Haupttests STM32H743ZI\EWARM\Compiler Haupttests
#        STM32H743ZI\Obj\Drivers\STM32H7xx_HAL_Driver\stm32h7xx_hal_cortex.o"
#        "C:\Users\MadeuxS\Downloads\KATEK_Compiler_Vergleich-main\Compiler
#        Haupttests STM32H743ZI\EWARM\Compiler Haupttests
#        STM32H743ZI\Obj\Drivers\STM32H7xx_HAL_Driver\stm32h7xx_hal_dma.o"
#        "C:\Users\MadeuxS\Downloads\KATEK_Compiler_Vergleich-main\Compiler
#        Haupttests STM32H743ZI\EWARM\Compiler Haupttests
#        STM32H743ZI\Obj\Drivers\STM32H7xx_HAL_Driver\stm32h7xx_hal_dma_ex.o"
#        "C:\Users\MadeuxS\Downloads\KATEK_Compiler_Vergleich-main\Compiler
#        Haupttests STM32H743ZI\EWARM\Compiler Haupttests
#        STM32H743ZI\Obj\Drivers\STM32H7xx_HAL_Driver\stm32h7xx_hal_exti.o"
#        "C:\Users\MadeuxS\Downloads\KATEK_Compiler_Vergleich-main\Compiler
#        Haupttests STM32H743ZI\EWARM\Compiler Haupttests
#        STM32H743ZI\Obj\Drivers\STM32H7xx_HAL_Driver\stm32h7xx_hal_flash.o"
#        "C:\Users\MadeuxS\Downloads\KATEK_Compiler_Vergleich-main\Compiler
#        Haupttests STM32H743ZI\EWARM\Compiler Haupttests
#        STM32H743ZI\Obj\Drivers\STM32H7xx_HAL_Driver\stm32h7xx_hal_flash_ex.o"
#        "C:\Users\MadeuxS\Downloads\KATEK_Compiler_Vergleich-main\Compiler
#        Haupttests STM32H743ZI\EWARM\Compiler Haupttests
#        STM32H743ZI\Obj\Drivers\STM32H7xx_HAL_Driver\stm32h7xx_hal_gpio.o"
#        "C:\Users\MadeuxS\Downloads\KATEK_Compiler_Vergleich-main\Compiler
#        Haupttests STM32H743ZI\EWARM\Compiler Haupttests
#        STM32H743ZI\Obj\Drivers\STM32H7xx_HAL_Driver\stm32h7xx_hal_hsem.o"
#        "C:\Users\MadeuxS\Downloads\KATEK_Compiler_Vergleich-main\Compiler
#        Haupttests STM32H743ZI\EWARM\Compiler Haupttests
#        STM32H743ZI\Obj\Drivers\STM32H7xx_HAL_Driver\stm32h7xx_hal_i2c.o"
#        "C:\Users\MadeuxS\Downloads\KATEK_Compiler_Vergleich-main\Compiler
#        Haupttests STM32H743ZI\EWARM\Compiler Haupttests
#        STM32H743ZI\Obj\Drivers\STM32H7xx_HAL_Driver\stm32h7xx_hal_i2c_ex.o"
#        "C:\Users\MadeuxS\Downloads\KATEK_Compiler_Vergleich-main\Compiler
#        Haupttests STM32H743ZI\EWARM\Compiler Haupttests
#        STM32H743ZI\Obj\Drivers\STM32H7xx_HAL_Driver\stm32h7xx_hal_mdma.o"
#        "C:\Users\MadeuxS\Downloads\KATEK_Compiler_Vergleich-main\Compiler
#        Haupttests STM32H743ZI\EWARM\Compiler Haupttests
#        STM32H743ZI\Obj\Application\User\Core\stm32h7xx_hal_msp.o"
#        "C:\Users\MadeuxS\Downloads\KATEK_Compiler_Vergleich-main\Compiler
#        Haupttests STM32H743ZI\EWARM\Compiler Haupttests
#        STM32H743ZI\Obj\Drivers\STM32H7xx_HAL_Driver\stm32h7xx_hal_pwr.o"
#        "C:\Users\MadeuxS\Downloads\KATEK_Compiler_Vergleich-main\Compiler
#        Haupttests STM32H743ZI\EWARM\Compiler Haupttests
#        STM32H743ZI\Obj\Drivers\STM32H7xx_HAL_Driver\stm32h7xx_hal_pwr_ex.o"
#        "C:\Users\MadeuxS\Downloads\KATEK_Compiler_Vergleich-main\Compiler
#        Haupttests STM32H743ZI\EWARM\Compiler Haupttests
#        STM32H743ZI\Obj\Drivers\STM32H7xx_HAL_Driver\stm32h7xx_hal_rcc.o"
#        "C:\Users\MadeuxS\Downloads\KATEK_Compiler_Vergleich-main\Compiler
#        Haupttests STM32H743ZI\EWARM\Compiler Haupttests
#        STM32H743ZI\Obj\Drivers\STM32H7xx_HAL_Driver\stm32h7xx_hal_rcc_ex.o"
#        "C:\Users\MadeuxS\Downloads\KATEK_Compiler_Vergleich-main\Compiler
#        Haupttests STM32H743ZI\EWARM\Compiler Haupttests
#        STM32H743ZI\Obj\Drivers\STM32H7xx_HAL_Driver\stm32h7xx_hal_tim.o"
#        "C:\Users\MadeuxS\Downloads\KATEK_Compiler_Vergleich-main\Compiler
#        Haupttests STM32H743ZI\EWARM\Compiler Haupttests
#        STM32H743ZI\Obj\Drivers\STM32H7xx_HAL_Driver\stm32h7xx_hal_tim_ex.o"
#        "C:\Users\MadeuxS\Downloads\KATEK_Compiler_Vergleich-main\Compiler
#        Haupttests STM32H743ZI\EWARM\Compiler Haupttests
#        STM32H743ZI\Obj\Application\User\Core\stm32h7xx_it.o"
#        "C:\Users\MadeuxS\Downloads\KATEK_Compiler_Vergleich-main\Compiler
#        Haupttests STM32H743ZI\EWARM\Compiler Haupttests
#        STM32H743ZI\Obj\Drivers\CMSIS\system_stm32h7xx.o"
#        "C:\Users\MadeuxS\Downloads\KATEK_Compiler_Vergleich-main\Compiler
#        Haupttests STM32H743ZI\EWARM\Compiler Haupttests
#        STM32H743ZI\Obj\Application\User\Core\testfunktionen.o"
#        --no_out_extension -o
#        "C:\Users\MadeuxS\Downloads\KATEK_Compiler_Vergleich-main\Compiler
#        Haupttests STM32H743ZI\EWARM\Compiler Haupttests
#        STM32H743ZI\Exe\Compiler Haupttests STM32H743ZI.out" --redirect
#        _Printf=_PrintfFullNoMb --redirect _Scanf=_ScanfFullNoMb --map
#        "C:\Users\MadeuxS\Downloads\KATEK_Compiler_Vergleich-main\Compiler
#        Haupttests STM32H743ZI\EWARM\Compiler Haupttests
#        STM32H743ZI\List\Compiler Haupttests STM32H743ZI.map" --config
#        "C:\Users\MadeuxS\Downloads\KATEK_Compiler_Vergleich-main\Compiler
#        Haupttests STM32H743ZI\EWARM/stm32h743xx_flash.icf" --semihosting
#        --entry __iar_program_start --vfe --text_out locale)
#
###############################################################################

*******************************************************************************
*** RUNTIME MODEL ATTRIBUTES
***

CppFlavor       = *
__SystemLibrary = DLib
__dlib_version  = 6


*******************************************************************************
*** HEAP SELECTION
***

The basic heap was selected because no calls to memory allocation
functions were found in the application outside of system library
functions, and there are calls to deallocation functions in the
application.


*******************************************************************************
*** PLACEMENT SUMMARY
***

"A0":  place at address 0x800'0000 { ro section .intvec };
"P1":  place in [from 0x800'0000 to 0x81f'ffff] { ro };
define block CSTACK with size = 1K, alignment = 8 { };
define block HEAP with size = 512, alignment = 8 { };
"P2":  place in [from 0x2000'0000 to 0x2001'ffff] {
          rw, block CSTACK, block HEAP };
initialize by copy { rw };

  Section            Kind         Address    Size  Object
  -------            ----         -------    ----  ------
"A0":                                       0x298
  .intvec            ro code   0x800'0000   0x298  startup_stm32h743xx.o [1]
                             - 0x800'0298   0x298

"P1":                                      0x1ae4
  .text              ro code   0x800'0298   0x73c  stm32h7xx_hal_rcc.o [4]
  .text              ro code   0x800'09d4     0xc  stm32h7xx_hal.o [4]
  .text              ro code   0x800'09e0    0x7c  stm32h7xx_hal.o [4]
  .text              ro code   0x800'0a5c   0x128  stm32h7xx_hal_cortex.o [4]
  .text              ro code   0x800'0b84   0x584  stm32h7xx_hal_rcc.o [4]
  .text              ro code   0x800'1108    0x58  stm32h7xx_hal.o [4]
  .text              ro code   0x800'1160    0x24  stm32h7xx_hal_msp.o [2]
  .text              ro code   0x800'1184   0x2a0  stm32h7xx_hal_gpio.o [4]
  .rodata            const     0x800'1424   0x190  testfunktionen.o [2]
  .text              ro code   0x800'15b4   0x13c  main.o [2]
  .text              ro code   0x800'16f0    0x6c  testfunktionen.o [2]
  .text              ro code   0x800'175c    0x14  memset.o [7]
  .text              ro code   0x800'1770    0x64  stm32h7xx_hal_pwr_ex.o [4]
  .text              ro code   0x800'17d4    0x86  ABImemcpy.o [7]
  .text              ro code   0x800'185a    0x2a  copy_init3.o [7]
  .text              ro code   0x800'1884    0x66  ABImemset.o [7]
  .text              ro code   0x800'18ec   0x13c  system_stm32h7xx.o [3]
  .text              ro code   0x800'1a28    0x28  data_init.o [7]
  .text              ro code   0x800'1a50    0x22  fpinit_M.o [6]
  .iar.init_table    const     0x800'1a74    0x14  - Linker created -
  .text              ro code   0x800'1a88    0x1e  cmain.o [7]
  .text              ro code   0x800'1aa6     0x4  low_level_init.o [5]
  .text              ro code   0x800'1aaa     0x4  exit.o [5]
  .text              ro code   0x800'1ab0     0xa  cexit.o [7]
  .text              ro code   0x800'1abc    0x14  exit.o [8]
  .text              ro code   0x800'1ad0    0x1c  cstartup_M.o [7]
  .text              ro code   0x800'1aec    0x18  stm32h7xx_hal.o [4]
  .text              ro code   0x800'1b04    0x18  stm32h7xx_it.o [2]
  Initializer bytes  const     0x800'1b1c    0x14  <for P2-1>
  .rodata            const     0x800'1b30    0x10  system_stm32h7xx.o [3]
  .text              ro code   0x800'1b40    0x10  startup_stm32h743xx.o [1]
  .text              ro code   0x800'1b50     0x4  startup_stm32h743xx.o [1]
  .text              ro code   0x800'1b54     0x4  startup_stm32h743xx.o [1]
  .text              ro code   0x800'1b58     0x4  startup_stm32h743xx.o [1]
  .text              ro code   0x800'1b5c     0x4  startup_stm32h743xx.o [1]
  .text              ro code   0x800'1b60     0x4  startup_stm32h743xx.o [1]
  .text              ro code   0x800'1b64     0x4  startup_stm32h743xx.o [1]
  .text              ro code   0x800'1b68     0x4  startup_stm32h743xx.o [1]
  .text              ro code   0x800'1b6c     0x4  startup_stm32h743xx.o [1]
  .text              ro code   0x800'1b70     0x4  startup_stm32h743xx.o [1]
  .text              ro code   0x800'1b74     0x4  startup_stm32h743xx.o [1]
  .text              ro code   0x800'1b78     0x4  startup_stm32h743xx.o [1]
  .text              ro code   0x800'1b7c     0x4  startup_stm32h743xx.o [1]
  .text              ro code   0x800'1b80     0x4  startup_stm32h743xx.o [1]
  .text              ro code   0x800'1b84     0x4  startup_stm32h743xx.o [1]
  .text              ro code   0x800'1b88     0x4  startup_stm32h743xx.o [1]
  .text              ro code   0x800'1b8c     0x4  startup_stm32h743xx.o [1]
  .text              ro code   0x800'1b90     0x4  startup_stm32h743xx.o [1]
  .text              ro code   0x800'1b94     0x4  startup_stm32h743xx.o [1]
  .text              ro code   0x800'1b98     0x4  startup_stm32h743xx.o [1]
  .text              ro code   0x800'1b9c     0x4  startup_stm32h743xx.o [1]
  .text              ro code   0x800'1ba0     0x4  startup_stm32h743xx.o [1]
  .text              ro code   0x800'1ba4     0x4  startup_stm32h743xx.o [1]
  .text              ro code   0x800'1ba8     0x4  startup_stm32h743xx.o [1]
  .text              ro code   0x800'1bac     0x4  startup_stm32h743xx.o [1]
  .text              ro code   0x800'1bb0     0x4  startup_stm32h743xx.o [1]
  .text              ro code   0x800'1bb4     0x4  startup_stm32h743xx.o [1]
  .text              ro code   0x800'1bb8     0x4  startup_stm32h743xx.o [1]
  .text              ro code   0x800'1bbc     0x4  startup_stm32h743xx.o [1]
  .text              ro code   0x800'1bc0     0x4  startup_stm32h743xx.o [1]
  .text              ro code   0x800'1bc4     0x4  startup_stm32h743xx.o [1]
  .text              ro code   0x800'1bc8     0x4  startup_stm32h743xx.o [1]
  .text              ro code   0x800'1bcc     0x4  startup_stm32h743xx.o [1]
  .text              ro code   0x800'1bd0     0x4  startup_stm32h743xx.o [1]
  .text              ro code   0x800'1bd4     0x4  startup_stm32h743xx.o [1]
  .text              ro code   0x800'1bd8     0x4  startup_stm32h743xx.o [1]
  .text              ro code   0x800'1bdc     0x4  startup_stm32h743xx.o [1]
  .text              ro code   0x800'1be0     0x4  startup_stm32h743xx.o [1]
  .text              ro code   0x800'1be4     0x4  startup_stm32h743xx.o [1]
  .text              ro code   0x800'1be8     0x4  startup_stm32h743xx.o [1]
  .text              ro code   0x800'1bec     0x4  startup_stm32h743xx.o [1]
  .text              ro code   0x800'1bf0     0x4  startup_stm32h743xx.o [1]
  .text              ro code   0x800'1bf4     0x4  startup_stm32h743xx.o [1]
  .text              ro code   0x800'1bf8     0x4  startup_stm32h743xx.o [1]
  .text              ro code   0x800'1bfc     0x4  startup_stm32h743xx.o [1]
  .text              ro code   0x800'1c00     0x4  startup_stm32h743xx.o [1]
  .text              ro code   0x800'1c04     0x4  startup_stm32h743xx.o [1]
  .text              ro code   0x800'1c08     0x4  startup_stm32h743xx.o [1]
  .text              ro code   0x800'1c0c     0x4  startup_stm32h743xx.o [1]
  .text              ro code   0x800'1c10     0x4  startup_stm32h743xx.o [1]
  .text              ro code   0x800'1c14     0x4  startup_stm32h743xx.o [1]
  .text              ro code   0x800'1c18     0x4  startup_stm32h743xx.o [1]
  .text              ro code   0x800'1c1c     0x4  startup_stm32h743xx.o [1]
  .text              ro code   0x800'1c20     0x4  startup_stm32h743xx.o [1]
  .text              ro code   0x800'1c24     0x4  startup_stm32h743xx.o [1]
  .text              ro code   0x800'1c28     0x4  startup_stm32h743xx.o [1]
  .text              ro code   0x800'1c2c     0x4  startup_stm32h743xx.o [1]
  .text              ro code   0x800'1c30     0x4  startup_stm32h743xx.o [1]
  .text              ro code   0x800'1c34     0x4  startup_stm32h743xx.o [1]
  .text              ro code   0x800'1c38     0x4  startup_stm32h743xx.o [1]
  .text              ro code   0x800'1c3c     0x4  startup_stm32h743xx.o [1]
  .text              ro code   0x800'1c40     0x4  startup_stm32h743xx.o [1]
  .text              ro code   0x800'1c44     0x4  startup_stm32h743xx.o [1]
  .text              ro code   0x800'1c48     0x4  startup_stm32h743xx.o [1]
  .text              ro code   0x800'1c4c     0x4  startup_stm32h743xx.o [1]
  .text              ro code   0x800'1c50     0x4  startup_stm32h743xx.o [1]
  .text              ro code   0x800'1c54     0x4  startup_stm32h743xx.o [1]
  .text              ro code   0x800'1c58     0x4  startup_stm32h743xx.o [1]
  .text              ro code   0x800'1c5c     0x4  startup_stm32h743xx.o [1]
  .text              ro code   0x800'1c60     0x4  startup_stm32h743xx.o [1]
  .text              ro code   0x800'1c64     0x4  startup_stm32h743xx.o [1]
  .text              ro code   0x800'1c68     0x4  startup_stm32h743xx.o [1]
  .text              ro code   0x800'1c6c     0x4  startup_stm32h743xx.o [1]
  .text              ro code   0x800'1c70     0x4  startup_stm32h743xx.o [1]
  .text              ro code   0x800'1c74     0x4  startup_stm32h743xx.o [1]
  .text              ro code   0x800'1c78     0x4  startup_stm32h743xx.o [1]
  .text              ro code   0x800'1c7c     0x4  startup_stm32h743xx.o [1]
  .text              ro code   0x800'1c80     0x4  startup_stm32h743xx.o [1]
  .text              ro code   0x800'1c84     0x4  startup_stm32h743xx.o [1]
  .text              ro code   0x800'1c88     0x4  startup_stm32h743xx.o [1]
  .text              ro code   0x800'1c8c     0x4  startup_stm32h743xx.o [1]
  .text              ro code   0x800'1c90     0x4  startup_stm32h743xx.o [1]
  .text              ro code   0x800'1c94     0x4  startup_stm32h743xx.o [1]
  .text              ro code   0x800'1c98     0x4  startup_stm32h743xx.o [1]
  .text              ro code   0x800'1c9c     0x4  startup_stm32h743xx.o [1]
  .text              ro code   0x800'1ca0     0x4  startup_stm32h743xx.o [1]
  .text              ro code   0x800'1ca4     0x4  startup_stm32h743xx.o [1]
  .text              ro code   0x800'1ca8     0x4  startup_stm32h743xx.o [1]
  .text              ro code   0x800'1cac     0x4  startup_stm32h743xx.o [1]
  .text              ro code   0x800'1cb0     0x4  startup_stm32h743xx.o [1]
  .text              ro code   0x800'1cb4     0x4  startup_stm32h743xx.o [1]
  .text              ro code   0x800'1cb8     0x4  startup_stm32h743xx.o [1]
  .text              ro code   0x800'1cbc     0x4  startup_stm32h743xx.o [1]
  .text              ro code   0x800'1cc0     0x4  startup_stm32h743xx.o [1]
  .text              ro code   0x800'1cc4     0x4  startup_stm32h743xx.o [1]
  .text              ro code   0x800'1cc8     0x4  startup_stm32h743xx.o [1]
  .text              ro code   0x800'1ccc     0x4  startup_stm32h743xx.o [1]
  .text              ro code   0x800'1cd0     0x4  startup_stm32h743xx.o [1]
  .text              ro code   0x800'1cd4     0x4  startup_stm32h743xx.o [1]
  .text              ro code   0x800'1cd8     0x4  startup_stm32h743xx.o [1]
  .text              ro code   0x800'1cdc     0x4  startup_stm32h743xx.o [1]
  .text              ro code   0x800'1ce0     0x4  startup_stm32h743xx.o [1]
  .text              ro code   0x800'1ce4     0x4  startup_stm32h743xx.o [1]
  .text              ro code   0x800'1ce8     0x4  startup_stm32h743xx.o [1]
  .text              ro code   0x800'1cec     0x4  startup_stm32h743xx.o [1]
  .text              ro code   0x800'1cf0     0x4  startup_stm32h743xx.o [1]
  .text              ro code   0x800'1cf4     0x4  startup_stm32h743xx.o [1]
  .text              ro code   0x800'1cf8     0x4  startup_stm32h743xx.o [1]
  .text              ro code   0x800'1cfc     0x4  startup_stm32h743xx.o [1]
  .text              ro code   0x800'1d00     0x4  startup_stm32h743xx.o [1]
  .text              ro code   0x800'1d04     0x4  startup_stm32h743xx.o [1]
  .text              ro code   0x800'1d08     0x4  startup_stm32h743xx.o [1]
  .text              ro code   0x800'1d0c     0x4  startup_stm32h743xx.o [1]
  .text              ro code   0x800'1d10     0x4  startup_stm32h743xx.o [1]
  .text              ro code   0x800'1d14     0x4  startup_stm32h743xx.o [1]
  .text              ro code   0x800'1d18     0x4  startup_stm32h743xx.o [1]
  .text              ro code   0x800'1d1c     0x4  startup_stm32h743xx.o [1]
  .text              ro code   0x800'1d20     0x4  startup_stm32h743xx.o [1]
  .text              ro code   0x800'1d24     0x4  startup_stm32h743xx.o [1]
  .text              ro code   0x800'1d28     0x4  startup_stm32h743xx.o [1]
  .text              ro code   0x800'1d2c     0x4  startup_stm32h743xx.o [1]
  .text              ro code   0x800'1d30     0x4  startup_stm32h743xx.o [1]
  .text              ro code   0x800'1d34     0x4  startup_stm32h743xx.o [1]
  .text              ro code   0x800'1d38     0x4  startup_stm32h743xx.o [1]
  .text              ro code   0x800'1d3c     0x4  startup_stm32h743xx.o [1]
  .text              ro code   0x800'1d40     0x4  startup_stm32h743xx.o [1]
  .text              ro code   0x800'1d44     0x4  startup_stm32h743xx.o [1]
  .text              ro code   0x800'1d48     0x4  startup_stm32h743xx.o [1]
  .text              ro code   0x800'1d4c     0x4  startup_stm32h743xx.o [1]
  .text              ro code   0x800'1d50     0x4  startup_stm32h743xx.o [1]
  .text              ro code   0x800'1d54     0x4  startup_stm32h743xx.o [1]
  .text              ro code   0x800'1d58     0x4  startup_stm32h743xx.o [1]
  .text              ro code   0x800'1d5c     0x4  startup_stm32h743xx.o [1]
  .text              ro code   0x800'1d60     0x4  startup_stm32h743xx.o [1]
  .text              ro code   0x800'1d64     0x4  startup_stm32h743xx.o [1]
  .text              ro code   0x800'1d68     0x4  startup_stm32h743xx.o [1]
  .text              ro code   0x800'1d6c     0x4  startup_stm32h743xx.o [1]
  .text              ro code   0x800'1d70     0x4  startup_stm32h743xx.o [1]
  .text              ro code   0x800'1d74     0x4  startup_stm32h743xx.o [1]
  .text              ro code   0x800'1d78     0x4  startup_stm32h743xx.o [1]
  .rodata            const     0x800'1d7c     0x0  copy_init3.o [7]
                             - 0x800'1d7c  0x1ae4

"P2", part 1 of 2:                           0x14
  P2-1                        0x2000'0000    0x11  <Init block>
    .data            inited   0x2000'0000     0x4  stm32h7xx_hal.o [4]
    .data            inited   0x2000'0004     0x4  system_stm32h7xx.o [3]
    .data            inited   0x2000'0008     0x4  system_stm32h7xx.o [3]
    .bss             inited   0x2000'000c     0x4  stm32h7xx_hal.o [4]
    .data            inited   0x2000'0010     0x1  stm32h7xx_hal.o [4]
                            - 0x2000'0011    0x11

"P2", part 2 of 2:                          0x400
  CSTACK                      0x2000'0018   0x400  <Block>
    CSTACK           uninit   0x2000'0018   0x400  <Block tail>
                            - 0x2000'0418   0x400

Unused ranges:

         From           To       Size
         ----           --       ----
   0x800'1d7c   0x81f'ffff  0x1f'e284
  0x2000'0014  0x2000'0017        0x4
  0x2000'0418  0x2001'ffff   0x1'fbe8


*******************************************************************************
*** INIT TABLE
***

          Address      Size
          -------      ----
Copy (__iar_copy_init3)
    1 source range, total size 0x14 (117% of destination):
           0x800'1b1c  0x14
    1 destination range, total size 0x11:
          0x2000'0000  0x11



*******************************************************************************
*** MODULE SUMMARY
***

    Module                  ro code  ro data  rw data
    ------                  -------  -------  -------
command line/config:
    -------------------------------------------------
    Total:

C:\Users\MadeuxS\Downloads\KATEK_Compiler_Vergleich-main\Compiler Haupttests STM32H743ZI\EWARM\Compiler Haupttests STM32H743ZI\Obj\Application\EWARM: [1]
    startup_stm32h743xx.o     1'236
    -------------------------------------------------
    Total:                    1'236

C:\Users\MadeuxS\Downloads\KATEK_Compiler_Vergleich-main\Compiler Haupttests STM32H743ZI\EWARM\Compiler Haupttests STM32H743ZI\Obj\Application\User\Core: [2]
    main.o                      316
    stm32h7xx_hal_msp.o          36
    stm32h7xx_it.o               24
    testfunktionen.o            108      400
    -------------------------------------------------
    Total:                      484      400

C:\Users\MadeuxS\Downloads\KATEK_Compiler_Vergleich-main\Compiler Haupttests STM32H743ZI\EWARM\Compiler Haupttests STM32H743ZI\Obj\Drivers\CMSIS: [3]
    system_stm32h7xx.o          316       24        8
    -------------------------------------------------
    Total:                      316       24        8

C:\Users\MadeuxS\Downloads\KATEK_Compiler_Vergleich-main\Compiler Haupttests STM32H743ZI\EWARM\Compiler Haupttests STM32H743ZI\Obj\Drivers\STM32H7xx_HAL_Driver: [4]
    stm32h7xx_hal.o             248        9        9
    stm32h7xx_hal_cortex.o      296
    stm32h7xx_hal_gpio.o        672
    stm32h7xx_hal_pwr_ex.o      100
    stm32h7xx_hal_rcc.o       3'264
    -------------------------------------------------
    Total:                    4'580        9        9

dl7M_tlf.a: [5]
    exit.o                        4
    low_level_init.o              4
    -------------------------------------------------
    Total:                        8

m7M_tlv.a: [6]
    fpinit_M.o                   34
    -------------------------------------------------
    Total:                       34

rt7M_tl.a: [7]
    ABImemcpy.o                 134
    ABImemset.o                 102
    cexit.o                      10
    cmain.o                      30
    copy_init3.o                 42
    cstartup_M.o                 28
    data_init.o                  40
    memset.o                     20
    -------------------------------------------------
    Total:                      406

shb_l.a: [8]
    exit.o                       20
    -------------------------------------------------
    Total:                       20

    Gaps                          6        2
    Linker created                        23    1'024
-----------------------------------------------------
    Grand Total:              7'090      458    1'041


*******************************************************************************
*** ENTRY LIST
***

Entry                       Address   Size  Type      Object
-----                       -------   ----  ----      ------
.iar.init_table$$Base    0x800'1a74          --   Gb  - Linker created -
.iar.init_table$$Limit   0x800'1a88          --   Gb  - Linker created -
?main                    0x800'1a89         Code  Gb  cmain.o [7]
BusFault_Handler         0x800'1b0b    0x2  Code  Gb  stm32h7xx_it.o [2]
CSTACK$$Base            0x2000'0018          --   Gb  - Linker created -
CSTACK$$Limit           0x2000'0418          --   Gb  - Linker created -
D1CorePrescTable         0x800'1b30   0x10  Data  Gb  system_stm32h7xx.o [3]
DebugMon_Handler         0x800'1b11    0x2  Code  Gb  stm32h7xx_it.o [2]
Error_Handler            0x800'16ed    0x4  Code  Gb  main.o [2]
HAL_GPIO_Init            0x800'1185  0x232  Code  Gb  stm32h7xx_hal_gpio.o [4]
HAL_GPIO_TogglePin       0x800'13d1   0x1a  Code  Gb  stm32h7xx_hal_gpio.o [4]
HAL_GPIO_WritePin        0x800'13b7   0x1a  Code  Gb  stm32h7xx_hal_gpio.o [4]
HAL_GetREVID             0x800'0a3f    0xa  Code  Gb  stm32h7xx_hal.o [4]
HAL_GetTick              0x800'09d5    0xc  Code  Gb  stm32h7xx_hal.o [4]
HAL_IncTick              0x800'1aed   0x18  Code  Gb  stm32h7xx_hal.o [4]
HAL_Init                 0x800'09e1   0x5e  Code  Gb  stm32h7xx_hal.o [4]
HAL_InitTick             0x800'1109   0x58  Code  Gb  stm32h7xx_hal.o [4]
HAL_MspInit              0x800'1161   0x24  Code  Gb  stm32h7xx_hal_msp.o [2]
HAL_NVIC_SetPriority     0x800'0b37   0x24  Code  Gb  stm32h7xx_hal_cortex.o [4]
HAL_NVIC_SetPriorityGrouping
                         0x800'0b2b    0xc  Code  Gb  stm32h7xx_hal_cortex.o [4]
HAL_PWREx_ConfigSupply   0x800'1771   0x5c  Code  Gb  stm32h7xx_hal_pwr_ex.o [4]
HAL_RCC_ClockConfig      0x800'0b85  0x306  Code  Gb  stm32h7xx_hal_rcc.o [4]
HAL_RCC_GetSysClockFreq
                         0x800'0e8d  0x226  Code  Gb  stm32h7xx_hal_rcc.o [4]
HAL_RCC_OscConfig        0x800'0299  0x73c  Code  Gb  stm32h7xx_hal_rcc.o [4]
HAL_SYSTICK_Config       0x800'0b5b    0xc  Code  Gb  stm32h7xx_hal_cortex.o [4]
HardFault_Handler        0x800'1b07    0x2  Code  Gb  stm32h7xx_it.o [2]
MX_GPIO_Init             0x800'1691   0x4c  Code  Lc  main.o [2]
MemManage_Handler        0x800'1b09    0x2  Code  Gb  stm32h7xx_it.o [2]
NMI_Handler              0x800'1b05    0x2  Code  Gb  stm32h7xx_it.o [2]
NVIC_EncodePriority      0x800'0ab9   0x42  Code  Lc  stm32h7xx_hal_cortex.o [4]
PendSV_Handler           0x800'1b13    0x2  Code  Gb  stm32h7xx_it.o [2]
Region$$Table$$Base      0x800'1a74          --   Gb  - Linker created -
Region$$Table$$Limit     0x800'1a88          --   Gb  - Linker created -
SVC_Handler              0x800'1b0f    0x2  Code  Gb  stm32h7xx_it.o [2]
SysTick_Config           0x800'0afb   0x30  Code  Lc  stm32h7xx_hal_cortex.o [4]
SysTick_Handler          0x800'1b15    0x8  Code  Gb  stm32h7xx_it.o [2]
SystemClock_Config       0x800'15e3   0xae  Code  Gb  main.o [2]
SystemCoreClock         0x2000'0004    0x4  Data  Gb  system_stm32h7xx.o [3]
SystemD2Clock           0x2000'0008    0x4  Data  Gb  system_stm32h7xx.o [3]
SystemInit               0x800'18ed   0xdc  Code  Gb  system_stm32h7xx.o [3]
Test_Matrix_Dot_Produkt
                         0x800'16f1   0x66  Code  Gb  testfunktionen.o [2]
UsageFault_Handler       0x800'1b0d    0x2  Code  Gb  stm32h7xx_it.o [2]
__NVIC_GetPriorityGrouping
                         0x800'0a7f    0xc  Code  Lc  stm32h7xx_hal_cortex.o [4]
__NVIC_SetPriority       0x800'0a8d   0x2c  Code  Lc  stm32h7xx_hal_cortex.o [4]
__NVIC_SetPriorityGrouping
                         0x800'0a5d   0x22  Code  Lc  stm32h7xx_hal_cortex.o [4]
__aeabi_memcpy4          0x800'17d5         Code  Gb  ABImemcpy.o [7]
__aeabi_memcpy8          0x800'17d5         Code  Gb  ABImemcpy.o [7]
__aeabi_memset           0x800'1885         Code  Gb  ABImemset.o [7]
__cmain                  0x800'1a89         Code  Gb  cmain.o [7]
__exit                   0x800'1abd   0x14  Code  Gb  exit.o [8]
__iar_Memset             0x800'1885         Code  Gb  ABImemset.o [7]
__iar_Memset_word        0x800'188d         Code  Gb  ABImemset.o [7]
__iar_copy_init3         0x800'185b   0x2a  Code  Gb  copy_init3.o [7]
__iar_data_init3         0x800'1a29   0x28  Code  Gb  data_init.o [7]
__iar_init_vfp           0x800'1a51         Code  Gb  fpinit_M.o [6]
__iar_program_start      0x800'1ad1         Code  Gb  cstartup_M.o [7]
__low_level_init         0x800'1aa7    0x4  Code  Gb  low_level_init.o [5]
__vector_table           0x800'0000         Data  Gb  startup_stm32h743xx.o [1]
_call_main               0x800'1a95         Code  Gb  cmain.o [7]
_exit                    0x800'1ab1         Code  Gb  cexit.o [7]
exit                     0x800'1aab    0x4  Code  Gb  exit.o [5]
main                     0x800'15b5   0x2e  Code  Gb  main.o [2]
memset                   0x800'175d   0x14  Code  Gb  memset.o [7]
uwTick                  0x2000'000c    0x4  Data  Gb  stm32h7xx_hal.o [4]
uwTickFreq              0x2000'0010    0x1  Data  Gb  stm32h7xx_hal.o [4]
uwTickPrio              0x2000'0000    0x4  Data  Gb  stm32h7xx_hal.o [4]


[1] = C:\Users\MadeuxS\Downloads\KATEK_Compiler_Vergleich-main\Compiler Haupttests STM32H743ZI\EWARM\Compiler Haupttests STM32H743ZI\Obj\Application\EWARM
[2] = C:\Users\MadeuxS\Downloads\KATEK_Compiler_Vergleich-main\Compiler Haupttests STM32H743ZI\EWARM\Compiler Haupttests STM32H743ZI\Obj\Application\User\Core
[3] = C:\Users\MadeuxS\Downloads\KATEK_Compiler_Vergleich-main\Compiler Haupttests STM32H743ZI\EWARM\Compiler Haupttests STM32H743ZI\Obj\Drivers\CMSIS
[4] = C:\Users\MadeuxS\Downloads\KATEK_Compiler_Vergleich-main\Compiler Haupttests STM32H743ZI\EWARM\Compiler Haupttests STM32H743ZI\Obj\Drivers\STM32H7xx_HAL_Driver
[5] = dl7M_tlf.a
[6] = m7M_tlv.a
[7] = rt7M_tl.a
[8] = shb_l.a

  7'090 bytes of readonly  code memory
    458 bytes of readonly  data memory
  1'041 bytes of readwrite data memory

Errors: none
Warnings: none
