###############################################################################
#
# IAR ELF Linker V9.10.2.313/W64 for ARM                  11/Aug/2021  11:22:01
# Copyright 2007-2021 IAR Systems AB.
#
#    Output file  =
#        C:\Users\MadeuxS\Documents\STM32CubeIDE\Compiler Vergleich
#        Workspace\Compiler Haupttests STM32H743ZI\EWARM\Compiler Haupttests
#        STM32H743ZI\Exe\Compiler Haupttests STM32H743ZI.out
#    Map file     =
#        C:\Users\MadeuxS\Documents\STM32CubeIDE\Compiler Vergleich
#        Workspace\Compiler Haupttests STM32H743ZI\EWARM\Compiler Haupttests
#        STM32H743ZI\List\Compiler Haupttests STM32H743ZI.map
#    Command line =
#        -f "C:\Users\MadeuxS\Documents\STM32CubeIDE\Compiler Vergleich
#        Workspace\Compiler Haupttests STM32H743ZI\EWARM\Compiler Haupttests
#        STM32H743ZI\Exe\Compiler Haupttests STM32H743ZI.out.rsp"
#        ("C:\Users\MadeuxS\Documents\STM32CubeIDE\Compiler Vergleich
#        Workspace\Compiler Haupttests STM32H743ZI\EWARM\Compiler Haupttests
#        STM32H743ZI\Obj\Application\User\Core\main.o"
#        "C:\Users\MadeuxS\Documents\STM32CubeIDE\Compiler Vergleich
#        Workspace\Compiler Haupttests STM32H743ZI\EWARM\Compiler Haupttests
#        STM32H743ZI\Obj\Application\EWARM\startup_stm32h743xx.o"
#        "C:\Users\MadeuxS\Documents\STM32CubeIDE\Compiler Vergleich
#        Workspace\Compiler Haupttests STM32H743ZI\EWARM\Compiler Haupttests
#        STM32H743ZI\Obj\Drivers\STM32H7xx_HAL_Driver\stm32h7xx_hal.o"
#        "C:\Users\MadeuxS\Documents\STM32CubeIDE\Compiler Vergleich
#        Workspace\Compiler Haupttests STM32H743ZI\EWARM\Compiler Haupttests
#        STM32H743ZI\Obj\Drivers\STM32H7xx_HAL_Driver\stm32h7xx_hal_cortex.o"
#        "C:\Users\MadeuxS\Documents\STM32CubeIDE\Compiler Vergleich
#        Workspace\Compiler Haupttests STM32H743ZI\EWARM\Compiler Haupttests
#        STM32H743ZI\Obj\Drivers\STM32H7xx_HAL_Driver\stm32h7xx_hal_dma.o"
#        "C:\Users\MadeuxS\Documents\STM32CubeIDE\Compiler Vergleich
#        Workspace\Compiler Haupttests STM32H743ZI\EWARM\Compiler Haupttests
#        STM32H743ZI\Obj\Drivers\STM32H7xx_HAL_Driver\stm32h7xx_hal_dma_ex.o"
#        "C:\Users\MadeuxS\Documents\STM32CubeIDE\Compiler Vergleich
#        Workspace\Compiler Haupttests STM32H743ZI\EWARM\Compiler Haupttests
#        STM32H743ZI\Obj\Drivers\STM32H7xx_HAL_Driver\stm32h7xx_hal_exti.o"
#        "C:\Users\MadeuxS\Documents\STM32CubeIDE\Compiler Vergleich
#        Workspace\Compiler Haupttests STM32H743ZI\EWARM\Compiler Haupttests
#        STM32H743ZI\Obj\Drivers\STM32H7xx_HAL_Driver\stm32h7xx_hal_flash.o"
#        "C:\Users\MadeuxS\Documents\STM32CubeIDE\Compiler Vergleich
#        Workspace\Compiler Haupttests STM32H743ZI\EWARM\Compiler Haupttests
#        STM32H743ZI\Obj\Drivers\STM32H7xx_HAL_Driver\stm32h7xx_hal_flash_ex.o"
#        "C:\Users\MadeuxS\Documents\STM32CubeIDE\Compiler Vergleich
#        Workspace\Compiler Haupttests STM32H743ZI\EWARM\Compiler Haupttests
#        STM32H743ZI\Obj\Drivers\STM32H7xx_HAL_Driver\stm32h7xx_hal_gpio.o"
#        "C:\Users\MadeuxS\Documents\STM32CubeIDE\Compiler Vergleich
#        Workspace\Compiler Haupttests STM32H743ZI\EWARM\Compiler Haupttests
#        STM32H743ZI\Obj\Drivers\STM32H7xx_HAL_Driver\stm32h7xx_hal_hsem.o"
#        "C:\Users\MadeuxS\Documents\STM32CubeIDE\Compiler Vergleich
#        Workspace\Compiler Haupttests STM32H743ZI\EWARM\Compiler Haupttests
#        STM32H743ZI\Obj\Drivers\STM32H7xx_HAL_Driver\stm32h7xx_hal_i2c.o"
#        "C:\Users\MadeuxS\Documents\STM32CubeIDE\Compiler Vergleich
#        Workspace\Compiler Haupttests STM32H743ZI\EWARM\Compiler Haupttests
#        STM32H743ZI\Obj\Drivers\STM32H7xx_HAL_Driver\stm32h7xx_hal_i2c_ex.o"
#        "C:\Users\MadeuxS\Documents\STM32CubeIDE\Compiler Vergleich
#        Workspace\Compiler Haupttests STM32H743ZI\EWARM\Compiler Haupttests
#        STM32H743ZI\Obj\Drivers\STM32H7xx_HAL_Driver\stm32h7xx_hal_mdma.o"
#        "C:\Users\MadeuxS\Documents\STM32CubeIDE\Compiler Vergleich
#        Workspace\Compiler Haupttests STM32H743ZI\EWARM\Compiler Haupttests
#        STM32H743ZI\Obj\Application\User\Core\stm32h7xx_hal_msp.o"
#        "C:\Users\MadeuxS\Documents\STM32CubeIDE\Compiler Vergleich
#        Workspace\Compiler Haupttests STM32H743ZI\EWARM\Compiler Haupttests
#        STM32H743ZI\Obj\Drivers\STM32H7xx_HAL_Driver\stm32h7xx_hal_pwr.o"
#        "C:\Users\MadeuxS\Documents\STM32CubeIDE\Compiler Vergleich
#        Workspace\Compiler Haupttests STM32H743ZI\EWARM\Compiler Haupttests
#        STM32H743ZI\Obj\Drivers\STM32H7xx_HAL_Driver\stm32h7xx_hal_pwr_ex.o"
#        "C:\Users\MadeuxS\Documents\STM32CubeIDE\Compiler Vergleich
#        Workspace\Compiler Haupttests STM32H743ZI\EWARM\Compiler Haupttests
#        STM32H743ZI\Obj\Drivers\STM32H7xx_HAL_Driver\stm32h7xx_hal_rcc.o"
#        "C:\Users\MadeuxS\Documents\STM32CubeIDE\Compiler Vergleich
#        Workspace\Compiler Haupttests STM32H743ZI\EWARM\Compiler Haupttests
#        STM32H743ZI\Obj\Drivers\STM32H7xx_HAL_Driver\stm32h7xx_hal_rcc_ex.o"
#        "C:\Users\MadeuxS\Documents\STM32CubeIDE\Compiler Vergleich
#        Workspace\Compiler Haupttests STM32H743ZI\EWARM\Compiler Haupttests
#        STM32H743ZI\Obj\Drivers\STM32H7xx_HAL_Driver\stm32h7xx_hal_tim.o"
#        "C:\Users\MadeuxS\Documents\STM32CubeIDE\Compiler Vergleich
#        Workspace\Compiler Haupttests STM32H743ZI\EWARM\Compiler Haupttests
#        STM32H743ZI\Obj\Drivers\STM32H7xx_HAL_Driver\stm32h7xx_hal_tim_ex.o"
#        "C:\Users\MadeuxS\Documents\STM32CubeIDE\Compiler Vergleich
#        Workspace\Compiler Haupttests STM32H743ZI\EWARM\Compiler Haupttests
#        STM32H743ZI\Obj\Application\User\Core\stm32h7xx_it.o"
#        "C:\Users\MadeuxS\Documents\STM32CubeIDE\Compiler Vergleich
#        Workspace\Compiler Haupttests STM32H743ZI\EWARM\Compiler Haupttests
#        STM32H743ZI\Obj\Drivers\CMSIS\system_stm32h7xx.o"
#        "C:\Users\MadeuxS\Documents\STM32CubeIDE\Compiler Vergleich
#        Workspace\Compiler Haupttests STM32H743ZI\EWARM\Compiler Haupttests
#        STM32H743ZI\Obj\Application\User\Core\testfunktionen.o"
#        --no_out_extension -o
#        "C:\Users\MadeuxS\Documents\STM32CubeIDE\Compiler Vergleich
#        Workspace\Compiler Haupttests STM32H743ZI\EWARM\Compiler Haupttests
#        STM32H743ZI\Exe\Compiler Haupttests STM32H743ZI.out" --redirect
#        _Printf=_PrintfFullNoMb --redirect _Scanf=_ScanfFullNoMb --map
#        "C:\Users\MadeuxS\Documents\STM32CubeIDE\Compiler Vergleich
#        Workspace\Compiler Haupttests STM32H743ZI\EWARM\Compiler Haupttests
#        STM32H743ZI\List\Compiler Haupttests STM32H743ZI.map" --config
#        "C:\Users\MadeuxS\Documents\STM32CubeIDE\Compiler Vergleich
#        Workspace\Compiler Haupttests STM32H743ZI\EWARM/stm32h743xx_flash.icf"
#        --semihosting --entry __iar_program_start --vfe --text_out locale)
#
###############################################################################

*******************************************************************************
*** RUNTIME MODEL ATTRIBUTES
***

CppFlavor       = *
__SystemLibrary = DLib
__dlib_version  = 6


*******************************************************************************
*** HEAP SELECTION
***

The basic heap was selected because no calls to memory allocation
functions were found in the application outside of system library
functions, and there are calls to deallocation functions in the
application.


*******************************************************************************
*** PLACEMENT SUMMARY
***

"A0":  place at address 0x800'0000 { ro section .intvec };
"P1":  place in [from 0x800'0000 to 0x81f'ffff] { ro };
define block CSTACK with size = 1K, alignment = 8 { };
define block HEAP with size = 512, alignment = 8 { };
"P2":  place in [from 0x2000'0000 to 0x2001'ffff] {
          rw, block CSTACK, block HEAP };
initialize by copy { rw };

  Section            Kind         Address    Size  Object
  -------            ----         -------    ----  ------
"A0":                                       0x298
  .intvec            ro code   0x800'0000   0x298  startup_stm32h743xx.o [1]
                             - 0x800'0298   0x298

"P1":                                      0x12c0
  .text              ro code   0x800'0298   0x4bc  stm32h7xx_hal_rcc.o [4]
  .text              ro code   0x800'0754    0x68  stm32h7xx_hal.o [4]
  .text              ro code   0x800'07bc     0xc  stm32h7xx_hal.o [4]
  .text              ro code   0x800'07c8    0xac  stm32h7xx_hal_cortex.o [4]
  .text              ro code   0x800'0874   0x33c  stm32h7xx_hal_rcc.o [4]
  .text              ro code   0x800'0bb0    0x44  stm32h7xx_hal.o [4]
  .text              ro code   0x800'0bf4    0x20  stm32h7xx_hal_msp.o [2]
  .text              ro code   0x800'0c14   0x220  stm32h7xx_hal_gpio.o [4]
  .text              ro code   0x800'0e34   0x120  main.o [2]
  .text              ro code   0x800'0f54    0x14  memset.o [7]
  .text              ro code   0x800'0f68    0x9c  rand.o [5]
  .text              ro code   0x800'1004    0x12  testfunktionen.o [2]
  .text              ro code   0x800'1016    0x2a  copy_init3.o [7]
  .text              ro code   0x800'1040    0x48  stm32h7xx_hal_pwr_ex.o [4]
  .text              ro code   0x800'1088    0x66  ABImemset.o [7]
  .text              ro code   0x800'10f0    0xe0  system_stm32h7xx.o [3]
  .text              ro code   0x800'11d0    0x38  zero_init3.o [7]
  .text              ro code   0x800'1208    0x28  data_init.o [7]
  .text              ro code   0x800'1230    0x22  fpinit_M.o [6]
  .iar.init_table    const     0x800'1254    0x24  - Linker created -
  .text              ro code   0x800'1278    0x1e  cmain.o [7]
  .text              ro code   0x800'1296     0x4  low_level_init.o [5]
  .text              ro code   0x800'129a     0x4  exit.o [5]
  .text              ro code   0x800'12a0     0xa  cexit.o [7]
  .text              ro code   0x800'12ac    0x14  exit.o [8]
  .text              ro code   0x800'12c0    0x1c  cstartup_M.o [7]
  Initializer bytes  const     0x800'12dc    0x1c  <for P2-1>
  .text              ro code   0x800'12f8    0x14  stm32h7xx_it.o [2]
  .text              ro code   0x800'130c    0x10  stm32h7xx_hal.o [4]
  .text              ro code   0x800'131c    0x10  startup_stm32h743xx.o [1]
  .text              ro code   0x800'132c     0x4  startup_stm32h743xx.o [1]
  .text              ro code   0x800'1330     0x4  startup_stm32h743xx.o [1]
  .text              ro code   0x800'1334     0x4  startup_stm32h743xx.o [1]
  .text              ro code   0x800'1338     0x4  startup_stm32h743xx.o [1]
  .text              ro code   0x800'133c     0x4  startup_stm32h743xx.o [1]
  .text              ro code   0x800'1340     0x4  startup_stm32h743xx.o [1]
  .text              ro code   0x800'1344     0x4  startup_stm32h743xx.o [1]
  .text              ro code   0x800'1348     0x4  startup_stm32h743xx.o [1]
  .text              ro code   0x800'134c     0x4  startup_stm32h743xx.o [1]
  .text              ro code   0x800'1350     0x4  startup_stm32h743xx.o [1]
  .text              ro code   0x800'1354     0x4  startup_stm32h743xx.o [1]
  .text              ro code   0x800'1358     0x4  startup_stm32h743xx.o [1]
  .text              ro code   0x800'135c     0x4  startup_stm32h743xx.o [1]
  .text              ro code   0x800'1360     0x4  startup_stm32h743xx.o [1]
  .text              ro code   0x800'1364     0x4  startup_stm32h743xx.o [1]
  .text              ro code   0x800'1368     0x4  startup_stm32h743xx.o [1]
  .text              ro code   0x800'136c     0x4  startup_stm32h743xx.o [1]
  .text              ro code   0x800'1370     0x4  startup_stm32h743xx.o [1]
  .text              ro code   0x800'1374     0x4  startup_stm32h743xx.o [1]
  .text              ro code   0x800'1378     0x4  startup_stm32h743xx.o [1]
  .text              ro code   0x800'137c     0x4  startup_stm32h743xx.o [1]
  .text              ro code   0x800'1380     0x4  startup_stm32h743xx.o [1]
  .text              ro code   0x800'1384     0x4  startup_stm32h743xx.o [1]
  .text              ro code   0x800'1388     0x4  startup_stm32h743xx.o [1]
  .text              ro code   0x800'138c     0x4  startup_stm32h743xx.o [1]
  .text              ro code   0x800'1390     0x4  startup_stm32h743xx.o [1]
  .text              ro code   0x800'1394     0x4  startup_stm32h743xx.o [1]
  .text              ro code   0x800'1398     0x4  startup_stm32h743xx.o [1]
  .text              ro code   0x800'139c     0x4  startup_stm32h743xx.o [1]
  .text              ro code   0x800'13a0     0x4  startup_stm32h743xx.o [1]
  .text              ro code   0x800'13a4     0x4  startup_stm32h743xx.o [1]
  .text              ro code   0x800'13a8     0x4  startup_stm32h743xx.o [1]
  .text              ro code   0x800'13ac     0x4  startup_stm32h743xx.o [1]
  .text              ro code   0x800'13b0     0x4  startup_stm32h743xx.o [1]
  .text              ro code   0x800'13b4     0x4  startup_stm32h743xx.o [1]
  .text              ro code   0x800'13b8     0x4  startup_stm32h743xx.o [1]
  .text              ro code   0x800'13bc     0x4  startup_stm32h743xx.o [1]
  .text              ro code   0x800'13c0     0x4  startup_stm32h743xx.o [1]
  .text              ro code   0x800'13c4     0x4  startup_stm32h743xx.o [1]
  .text              ro code   0x800'13c8     0x4  startup_stm32h743xx.o [1]
  .text              ro code   0x800'13cc     0x4  startup_stm32h743xx.o [1]
  .text              ro code   0x800'13d0     0x4  startup_stm32h743xx.o [1]
  .text              ro code   0x800'13d4     0x4  startup_stm32h743xx.o [1]
  .text              ro code   0x800'13d8     0x4  startup_stm32h743xx.o [1]
  .text              ro code   0x800'13dc     0x4  startup_stm32h743xx.o [1]
  .text              ro code   0x800'13e0     0x4  startup_stm32h743xx.o [1]
  .text              ro code   0x800'13e4     0x4  startup_stm32h743xx.o [1]
  .text              ro code   0x800'13e8     0x4  startup_stm32h743xx.o [1]
  .text              ro code   0x800'13ec     0x4  startup_stm32h743xx.o [1]
  .text              ro code   0x800'13f0     0x4  startup_stm32h743xx.o [1]
  .text              ro code   0x800'13f4     0x4  startup_stm32h743xx.o [1]
  .text              ro code   0x800'13f8     0x4  startup_stm32h743xx.o [1]
  .text              ro code   0x800'13fc     0x4  startup_stm32h743xx.o [1]
  .text              ro code   0x800'1400     0x4  startup_stm32h743xx.o [1]
  .text              ro code   0x800'1404     0x4  startup_stm32h743xx.o [1]
  .text              ro code   0x800'1408     0x4  startup_stm32h743xx.o [1]
  .text              ro code   0x800'140c     0x4  startup_stm32h743xx.o [1]
  .text              ro code   0x800'1410     0x4  startup_stm32h743xx.o [1]
  .text              ro code   0x800'1414     0x4  startup_stm32h743xx.o [1]
  .text              ro code   0x800'1418     0x4  startup_stm32h743xx.o [1]
  .text              ro code   0x800'141c     0x4  startup_stm32h743xx.o [1]
  .text              ro code   0x800'1420     0x4  startup_stm32h743xx.o [1]
  .text              ro code   0x800'1424     0x4  startup_stm32h743xx.o [1]
  .text              ro code   0x800'1428     0x4  startup_stm32h743xx.o [1]
  .text              ro code   0x800'142c     0x4  startup_stm32h743xx.o [1]
  .text              ro code   0x800'1430     0x4  startup_stm32h743xx.o [1]
  .text              ro code   0x800'1434     0x4  startup_stm32h743xx.o [1]
  .text              ro code   0x800'1438     0x4  startup_stm32h743xx.o [1]
  .text              ro code   0x800'143c     0x4  startup_stm32h743xx.o [1]
  .text              ro code   0x800'1440     0x4  startup_stm32h743xx.o [1]
  .text              ro code   0x800'1444     0x4  startup_stm32h743xx.o [1]
  .text              ro code   0x800'1448     0x4  startup_stm32h743xx.o [1]
  .text              ro code   0x800'144c     0x4  startup_stm32h743xx.o [1]
  .text              ro code   0x800'1450     0x4  startup_stm32h743xx.o [1]
  .text              ro code   0x800'1454     0x4  startup_stm32h743xx.o [1]
  .text              ro code   0x800'1458     0x4  startup_stm32h743xx.o [1]
  .text              ro code   0x800'145c     0x4  startup_stm32h743xx.o [1]
  .text              ro code   0x800'1460     0x4  startup_stm32h743xx.o [1]
  .text              ro code   0x800'1464     0x4  startup_stm32h743xx.o [1]
  .text              ro code   0x800'1468     0x4  startup_stm32h743xx.o [1]
  .text              ro code   0x800'146c     0x4  startup_stm32h743xx.o [1]
  .text              ro code   0x800'1470     0x4  startup_stm32h743xx.o [1]
  .text              ro code   0x800'1474     0x4  startup_stm32h743xx.o [1]
  .text              ro code   0x800'1478     0x4  startup_stm32h743xx.o [1]
  .text              ro code   0x800'147c     0x4  startup_stm32h743xx.o [1]
  .text              ro code   0x800'1480     0x4  startup_stm32h743xx.o [1]
  .text              ro code   0x800'1484     0x4  startup_stm32h743xx.o [1]
  .text              ro code   0x800'1488     0x4  startup_stm32h743xx.o [1]
  .text              ro code   0x800'148c     0x4  startup_stm32h743xx.o [1]
  .text              ro code   0x800'1490     0x4  startup_stm32h743xx.o [1]
  .text              ro code   0x800'1494     0x4  startup_stm32h743xx.o [1]
  .text              ro code   0x800'1498     0x4  startup_stm32h743xx.o [1]
  .text              ro code   0x800'149c     0x4  startup_stm32h743xx.o [1]
  .text              ro code   0x800'14a0     0x4  startup_stm32h743xx.o [1]
  .text              ro code   0x800'14a4     0x4  startup_stm32h743xx.o [1]
  .text              ro code   0x800'14a8     0x4  startup_stm32h743xx.o [1]
  .text              ro code   0x800'14ac     0x4  startup_stm32h743xx.o [1]
  .text              ro code   0x800'14b0     0x4  startup_stm32h743xx.o [1]
  .text              ro code   0x800'14b4     0x4  startup_stm32h743xx.o [1]
  .text              ro code   0x800'14b8     0x4  startup_stm32h743xx.o [1]
  .text              ro code   0x800'14bc     0x4  startup_stm32h743xx.o [1]
  .text              ro code   0x800'14c0     0x4  startup_stm32h743xx.o [1]
  .text              ro code   0x800'14c4     0x4  startup_stm32h743xx.o [1]
  .text              ro code   0x800'14c8     0x4  startup_stm32h743xx.o [1]
  .text              ro code   0x800'14cc     0x4  startup_stm32h743xx.o [1]
  .text              ro code   0x800'14d0     0x4  startup_stm32h743xx.o [1]
  .text              ro code   0x800'14d4     0x4  startup_stm32h743xx.o [1]
  .text              ro code   0x800'14d8     0x4  startup_stm32h743xx.o [1]
  .text              ro code   0x800'14dc     0x4  startup_stm32h743xx.o [1]
  .text              ro code   0x800'14e0     0x4  startup_stm32h743xx.o [1]
  .text              ro code   0x800'14e4     0x4  startup_stm32h743xx.o [1]
  .text              ro code   0x800'14e8     0x4  startup_stm32h743xx.o [1]
  .text              ro code   0x800'14ec     0x4  startup_stm32h743xx.o [1]
  .text              ro code   0x800'14f0     0x4  startup_stm32h743xx.o [1]
  .text              ro code   0x800'14f4     0x4  startup_stm32h743xx.o [1]
  .text              ro code   0x800'14f8     0x4  startup_stm32h743xx.o [1]
  .text              ro code   0x800'14fc     0x4  startup_stm32h743xx.o [1]
  .text              ro code   0x800'1500     0x4  startup_stm32h743xx.o [1]
  .text              ro code   0x800'1504     0x4  startup_stm32h743xx.o [1]
  .text              ro code   0x800'1508     0x4  startup_stm32h743xx.o [1]
  .text              ro code   0x800'150c     0x4  startup_stm32h743xx.o [1]
  .text              ro code   0x800'1510     0x4  startup_stm32h743xx.o [1]
  .text              ro code   0x800'1514     0x4  startup_stm32h743xx.o [1]
  .text              ro code   0x800'1518     0x4  startup_stm32h743xx.o [1]
  .text              ro code   0x800'151c     0x4  startup_stm32h743xx.o [1]
  .text              ro code   0x800'1520     0x4  startup_stm32h743xx.o [1]
  .text              ro code   0x800'1524     0x4  startup_stm32h743xx.o [1]
  .text              ro code   0x800'1528     0x4  startup_stm32h743xx.o [1]
  .text              ro code   0x800'152c     0x4  startup_stm32h743xx.o [1]
  .text              ro code   0x800'1530     0x4  startup_stm32h743xx.o [1]
  .text              ro code   0x800'1534     0x4  startup_stm32h743xx.o [1]
  .text              ro code   0x800'1538     0x4  startup_stm32h743xx.o [1]
  .text              ro code   0x800'153c     0x4  startup_stm32h743xx.o [1]
  .text              ro code   0x800'1540     0x4  startup_stm32h743xx.o [1]
  .text              ro code   0x800'1544     0x4  startup_stm32h743xx.o [1]
  .text              ro code   0x800'1548     0x4  startup_stm32h743xx.o [1]
  .text              ro code   0x800'154c     0x4  startup_stm32h743xx.o [1]
  .text              ro code   0x800'1550     0x4  startup_stm32h743xx.o [1]
  .text              ro code   0x800'1554     0x4  startup_stm32h743xx.o [1]
  .rodata            const     0x800'1558     0x0  zero_init3.o [7]
  .rodata            const     0x800'1558     0x0  copy_init3.o [7]
                             - 0x800'1558  0x12c0

"P2", part 1 of 3:                           0x1c
  P2-1                        0x2000'0000    0x1c  <Init block>
    .data            inited   0x2000'0000     0xc  stm32h7xx_hal.o [4]
    .data            inited   0x2000'000c     0x8  system_stm32h7xx.o [3]
    .data            inited   0x2000'0014     0x8  rand.o [5]
                            - 0x2000'001c    0x1c

"P2", part 2 of 3:                           0x84
  .bss               zero     0x2000'001c    0x84  rand.o [5]
                            - 0x2000'00a0    0x84

"P2", part 3 of 3:                          0x400
  CSTACK                      0x2000'00a0   0x400  <Block>
    CSTACK           uninit   0x2000'00a0   0x400  <Block tail>
                            - 0x2000'04a0   0x400

Unused ranges:

         From           To       Size
         ----           --       ----
   0x800'1558   0x81f'ffff  0x1f'eaa8
  0x2000'04a0  0x2001'ffff   0x1'fb60


*******************************************************************************
*** INIT TABLE
***

          Address      Size
          -------      ----
Zero (__iar_zero_init3)
    1 destination range, total size 0x84:
          0x2000'001c  0x84

Copy (__iar_copy_init3)
    1 source range, total size 0x1c:
           0x800'12dc  0x1c
    1 destination range, total size 0x1c:
          0x2000'0000  0x1c



*******************************************************************************
*** MODULE SUMMARY
***

    Module                  ro code  ro data  rw data
    ------                  -------  -------  -------
command line/config:
    -------------------------------------------------
    Total:

C:\Users\MadeuxS\Documents\STM32CubeIDE\Compiler Vergleich Workspace\Compiler Haupttests STM32H743ZI\EWARM\Compiler Haupttests STM32H743ZI\Obj\Application\EWARM: [1]
    startup_stm32h743xx.o     1'236
    -------------------------------------------------
    Total:                    1'236

C:\Users\MadeuxS\Documents\STM32CubeIDE\Compiler Vergleich Workspace\Compiler Haupttests STM32H743ZI\EWARM\Compiler Haupttests STM32H743ZI\Obj\Application\User\Core: [2]
    main.o                      288
    stm32h7xx_hal_msp.o          32
    stm32h7xx_it.o               20
    testfunktionen.o             18
    -------------------------------------------------
    Total:                      358

C:\Users\MadeuxS\Documents\STM32CubeIDE\Compiler Vergleich Workspace\Compiler Haupttests STM32H743ZI\EWARM\Compiler Haupttests STM32H743ZI\Obj\Drivers\CMSIS: [3]
    system_stm32h7xx.o          224        8        8
    -------------------------------------------------
    Total:                      224        8        8

C:\Users\MadeuxS\Documents\STM32CubeIDE\Compiler Vergleich Workspace\Compiler Haupttests STM32H743ZI\EWARM\Compiler Haupttests STM32H743ZI\Obj\Drivers\STM32H7xx_HAL_Driver: [4]
    stm32h7xx_hal.o             200       12       12
    stm32h7xx_hal_cortex.o      172
    stm32h7xx_hal_gpio.o        544
    stm32h7xx_hal_pwr_ex.o       72
    stm32h7xx_hal_rcc.o       2'040
    -------------------------------------------------
    Total:                    3'028       12       12

dl7M_tlf.a: [5]
    exit.o                        4
    low_level_init.o              4
    rand.o                      156        8      140
    -------------------------------------------------
    Total:                      164        8      140

m7M_tlv.a: [6]
    fpinit_M.o                   34
    -------------------------------------------------
    Total:                       34

rt7M_tl.a: [7]
    ABImemset.o                 102
    cexit.o                      10
    cmain.o                      30
    copy_init3.o                 42
    cstartup_M.o                 28
    data_init.o                  40
    memset.o                     20
    zero_init3.o                 56
    -------------------------------------------------
    Total:                      328

shb_l.a: [8]
    exit.o                       20
    -------------------------------------------------
    Total:                       20

    Gaps                          6        2
    Linker created                        36    1'024
-----------------------------------------------------
    Grand Total:              5'398       66    1'184


*******************************************************************************
*** ENTRY LIST
***

Entry                       Address   Size  Type      Object
-----                       -------   ----  ----      ------
.iar.init_table$$Base    0x800'1254          --   Gb  - Linker created -
.iar.init_table$$Limit   0x800'1278          --   Gb  - Linker created -
?main                    0x800'1279         Code  Gb  cmain.o [7]
BusFault_Handler         0x800'12ff    0x2  Code  Gb  stm32h7xx_it.o [2]
CSTACK$$Base            0x2000'00a0          --   Gb  - Linker created -
CSTACK$$Limit           0x2000'04a0          --   Gb  - Linker created -
D1CorePrescTable         0x800'11c0   0x10  Data  Gb  system_stm32h7xx.o [3]
DebugMon_Handler         0x800'1305    0x2  Code  Gb  stm32h7xx_it.o [2]
HAL_GPIO_Init            0x800'0c15  0x1d2  Code  Gb  stm32h7xx_hal_gpio.o [4]
HAL_GPIO_TogglePin       0x800'0def   0x10  Code  Gb  stm32h7xx_hal_gpio.o [4]
HAL_GPIO_WritePin        0x800'0de7    0x8  Code  Gb  stm32h7xx_hal_gpio.o [4]
HAL_GetREVID             0x800'079f    0x8  Code  Gb  stm32h7xx_hal.o [4]
HAL_GetTick              0x800'07bd    0xc  Code  Gb  stm32h7xx_hal.o [4]
HAL_IncTick              0x800'130d   0x10  Code  Gb  stm32h7xx_hal.o [4]
HAL_Init                 0x800'0755   0x4a  Code  Gb  stm32h7xx_hal.o [4]
HAL_InitTick             0x800'0bb1   0x44  Code  Gb  stm32h7xx_hal.o [4]
HAL_MspInit              0x800'0bf5   0x20  Code  Gb  stm32h7xx_hal_msp.o [2]
HAL_NVIC_SetPriority     0x800'07fd   0x3a  Code  Gb  stm32h7xx_hal_cortex.o [4]
HAL_NVIC_SetPriorityGrouping
                         0x800'07e3   0x1a  Code  Gb  stm32h7xx_hal_cortex.o [4]
HAL_PWREx_ConfigSupply   0x800'1041   0x44  Code  Gb  stm32h7xx_hal_pwr_ex.o [4]
HAL_RCC_ClockConfig      0x800'0875  0x1ac  Code  Gb  stm32h7xx_hal_rcc.o [4]
HAL_RCC_GetSysClockFreq
                         0x800'0a7d   0xf0  Code  Gb  stm32h7xx_hal_rcc.o [4]
HAL_RCC_OscConfig        0x800'0299  0x4bc  Code  Gb  stm32h7xx_hal_rcc.o [4]
HAL_SYSTICK_Config       0x800'0839   0x28  Code  Gb  stm32h7xx_hal_cortex.o [4]
HardFault_Handler        0x800'12fb    0x2  Code  Gb  stm32h7xx_it.o [2]
MemManage_Handler        0x800'12fd    0x2  Code  Gb  stm32h7xx_it.o [2]
NMI_Handler              0x800'12f9    0x2  Code  Gb  stm32h7xx_it.o [2]
PendSV_Handler           0x800'1307    0x2  Code  Gb  stm32h7xx_it.o [2]
Region$$Table$$Base      0x800'1254          --   Gb  - Linker created -
Region$$Table$$Limit     0x800'1278          --   Gb  - Linker created -
SVC_Handler              0x800'1303    0x2  Code  Gb  stm32h7xx_it.o [2]
SysTick_Handler          0x800'1309    0x4  Code  Gb  stm32h7xx_it.o [2]
SystemClock_Config       0x800'0eaf   0x94  Code  Gb  main.o [2]
SystemCoreClock         0x2000'000c    0x4  Data  Gb  system_stm32h7xx.o [3]
SystemD2Clock           0x2000'0010    0x4  Data  Gb  system_stm32h7xx.o [3]
SystemInit               0x800'10f1   0xa2  Code  Gb  system_stm32h7xx.o [3]
Test_Dividier_Zufaellige_Int
                         0x800'1005   0x10  Code  Gb  testfunktionen.o [2]
UsageFault_Handler       0x800'1301    0x2  Code  Gb  stm32h7xx_it.o [2]
_Rand_idx               0x2000'009c    0x4  Data  Lc  rand.o [5]
_Rand_rv                0x2000'001c   0x80  Data  Lc  rand.o [5]
_Randinit               0x2000'0014    0x1  Data  Gb  rand.o [5]
_Randseed               0x2000'0018    0x4  Data  Gb  rand.o [5]
__NVIC_SetPriority       0x800'07c9   0x1a  Code  Lc  stm32h7xx_hal_cortex.o [4]
__aeabi_memset           0x800'1089         Code  Gb  ABImemset.o [7]
__cmain                  0x800'1279         Code  Gb  cmain.o [7]
__exit                   0x800'12ad   0x14  Code  Gb  exit.o [8]
__iar_Memset             0x800'1089         Code  Gb  ABImemset.o [7]
__iar_Memset_word        0x800'1091         Code  Gb  ABImemset.o [7]
__iar_copy_init3         0x800'1017   0x2a  Code  Gb  copy_init3.o [7]
__iar_data_init3         0x800'1209   0x28  Code  Gb  data_init.o [7]
__iar_init_vfp           0x800'1231         Code  Gb  fpinit_M.o [6]
__iar_program_start      0x800'12c1         Code  Gb  cstartup_M.o [7]
__iar_zero_init3         0x800'11d1   0x38  Code  Gb  zero_init3.o [7]
__low_level_init         0x800'1297    0x4  Code  Gb  low_level_init.o [5]
__vector_table           0x800'0000         Data  Gb  startup_stm32h743xx.o [1]
_call_main               0x800'1285         Code  Gb  cmain.o [7]
_exit                    0x800'12a1         Code  Gb  cexit.o [7]
exit                     0x800'129b    0x4  Code  Gb  exit.o [5]
main                     0x800'0e35   0x7a  Code  Gb  main.o [2]
memset                   0x800'0f55   0x14  Code  Gb  memset.o [7]
rand                     0x800'0f69   0x8a  Code  Gb  rand.o [5]
uwTick                  0x2000'0004    0x4  Data  Gb  stm32h7xx_hal.o [4]
uwTickFreq              0x2000'0000    0x1  Data  Gb  stm32h7xx_hal.o [4]
uwTickPrio              0x2000'0008    0x4  Data  Gb  stm32h7xx_hal.o [4]


[1] = C:\Users\MadeuxS\Documents\STM32CubeIDE\Compiler Vergleich Workspace\Compiler Haupttests STM32H743ZI\EWARM\Compiler Haupttests STM32H743ZI\Obj\Application\EWARM
[2] = C:\Users\MadeuxS\Documents\STM32CubeIDE\Compiler Vergleich Workspace\Compiler Haupttests STM32H743ZI\EWARM\Compiler Haupttests STM32H743ZI\Obj\Application\User\Core
[3] = C:\Users\MadeuxS\Documents\STM32CubeIDE\Compiler Vergleich Workspace\Compiler Haupttests STM32H743ZI\EWARM\Compiler Haupttests STM32H743ZI\Obj\Drivers\CMSIS
[4] = C:\Users\MadeuxS\Documents\STM32CubeIDE\Compiler Vergleich Workspace\Compiler Haupttests STM32H743ZI\EWARM\Compiler Haupttests STM32H743ZI\Obj\Drivers\STM32H7xx_HAL_Driver
[5] = dl7M_tlf.a
[6] = m7M_tlv.a
[7] = rt7M_tl.a
[8] = shb_l.a

  5'398 bytes of readonly  code memory
     66 bytes of readonly  data memory
  1'184 bytes of readwrite data memory

Errors: none
Warnings: none
